Archive member included to satisfy reference by file (symbol)

C:\Users\student\Wbudy\C03_AirConditioner\Lib_CMSISv1p30_LPC17xx\Debug\libCMSISv1p30_LPC17xx.a(system_LPC17xx.o)
                              ./src/main.o (SystemCoreClock)
C:\Users\student\Wbudy\C03_AirConditioner\Lib_EaBaseBoard\Debug\libLib_EaBaseBoard.a(acc.o)
                              ./src/main.o (acc_init)
C:\Users\student\Wbudy\C03_AirConditioner\Lib_EaBaseBoard\Debug\libLib_EaBaseBoard.a(light.o)
                              ./src/main.o (light_init)
C:\Users\student\Wbudy\C03_AirConditioner\Lib_EaBaseBoard\Debug\libLib_EaBaseBoard.a(oled.o)
                              ./src/main.o (oled_inverse)
C:\Users\student\Wbudy\C03_AirConditioner\Lib_EaBaseBoard\Debug\libLib_EaBaseBoard.a(rgb.o)
                              ./src/main.o (rgb_init)
C:\Users\student\Wbudy\C03_AirConditioner\Lib_EaBaseBoard\Debug\libLib_EaBaseBoard.a(temp.o)
                              ./src/main.o (temp_init)
C:\Users\student\Wbudy\C03_AirConditioner\Lib_EaBaseBoard\Debug\libLib_EaBaseBoard.a(font5x7.o)
                              C:\Users\student\Wbudy\C03_AirConditioner\Lib_EaBaseBoard\Debug\libLib_EaBaseBoard.a(oled.o) (font5x7)
C:\Users\student\Wbudy\C03_AirConditioner\Lib_MCU\Debug\libLib_MCU.a(lpc17xx_adc.o)
                              ./src/main.o (ADC_Init)
C:\Users\student\Wbudy\C03_AirConditioner\Lib_MCU\Debug\libLib_MCU.a(lpc17xx_clkpwr.o)
                              C:\Users\student\Wbudy\C03_AirConditioner\Lib_MCU\Debug\libLib_MCU.a(lpc17xx_adc.o) (CLKPWR_GetPCLK)
C:\Users\student\Wbudy\C03_AirConditioner\Lib_MCU\Debug\libLib_MCU.a(lpc17xx_gpio.o)
                              C:\Users\student\Wbudy\C03_AirConditioner\Lib_EaBaseBoard\Debug\libLib_EaBaseBoard.a(oled.o) (GPIO_SetDir)
C:\Users\student\Wbudy\C03_AirConditioner\Lib_MCU\Debug\libLib_MCU.a(lpc17xx_i2c.o)
                              ./src/main.o (I2C_Init)
C:\Users\student\Wbudy\C03_AirConditioner\Lib_MCU\Debug\libLib_MCU.a(lpc17xx_pinsel.o)
                              ./src/main.o (PINSEL_ConfigPin)
C:\Users\student\Wbudy\C03_AirConditioner\Lib_MCU\Debug\libLib_MCU.a(lpc17xx_ssp.o)
                              ./src/main.o (SSP_Init)
C:\Users\student\Wbudy\C03_AirConditioner\Lib_MCU\Debug\libLib_MCU.a(lpc17xx_timer.o)
                              ./src/main.o (Timer0_Wait)
c:/nxp/mcuxpressoide_11.3.1_5262/ide/plugins/com.nxp.mcuxpresso.tools.win32_11.3.0.202008311133/tools/bin/../lib/gcc/arm-none-eabi/9.3.1/thumb/v7-m/nofp\libgcc.a(_arm_addsubdf3.o)
                              ./src/main.o (__aeabi_i2d)
c:/nxp/mcuxpressoide_11.3.1_5262/ide/plugins/com.nxp.mcuxpresso.tools.win32_11.3.0.202008311133/tools/bin/../lib/gcc/arm-none-eabi/9.3.1/thumb/v7-m/nofp\libgcc.a(_arm_muldivdf3.o)
                              ./src/main.o (__aeabi_ddiv)
c:/nxp/mcuxpressoide_11.3.1_5262/ide/plugins/com.nxp.mcuxpresso.tools.win32_11.3.0.202008311133/tools/bin/../lib/gcc/arm-none-eabi/9.3.1/thumb/v7-m/nofp\libgcc.a(_aeabi_uldivmod.o)
                              C:\Users\student\Wbudy\C03_AirConditioner\Lib_CMSISv1p30_LPC17xx\Debug\libCMSISv1p30_LPC17xx.a(system_LPC17xx.o) (__aeabi_uldivmod)
c:/nxp/mcuxpressoide_11.3.1_5262/ide/plugins/com.nxp.mcuxpresso.tools.win32_11.3.0.202008311133/tools/bin/../lib/gcc/arm-none-eabi/9.3.1/thumb/v7-m/nofp\libgcc.a(_udivmoddi4.o)
                              c:/nxp/mcuxpressoide_11.3.1_5262/ide/plugins/com.nxp.mcuxpresso.tools.win32_11.3.0.202008311133/tools/bin/../lib/gcc/arm-none-eabi/9.3.1/thumb/v7-m/nofp\libgcc.a(_aeabi_uldivmod.o) (__udivmoddi4)
c:/nxp/mcuxpressoide_11.3.1_5262/ide/plugins/com.nxp.mcuxpresso.tools.win32_11.3.0.202008311133/tools/bin/../lib/gcc/arm-none-eabi/9.3.1/thumb/v7-m/nofp\libgcc.a(_dvmd_tls.o)
                              c:/nxp/mcuxpressoide_11.3.1_5262/ide/plugins/com.nxp.mcuxpresso.tools.win32_11.3.0.202008311133/tools/bin/../lib/gcc/arm-none-eabi/9.3.1/thumb/v7-m/nofp\libgcc.a(_aeabi_uldivmod.o) (__aeabi_ldiv0)
c:/nxp/mcuxpressoide_11.3.1_5262/ide/plugins/com.nxp.mcuxpresso.tools.win32_11.3.0.202008311133/tools/bin/../lib/gcc/arm-none-eabi/9.3.1/../../../../arm-none-eabi/lib/thumb/v7-m/nofp\libc.a(lib_a-memset.o)
                              C:\Users\student\Wbudy\C03_AirConditioner\Lib_EaBaseBoard\Debug\libLib_EaBaseBoard.a(oled.o) (memset)
c:/nxp/mcuxpressoide_11.3.1_5262/ide/plugins/com.nxp.mcuxpresso.tools.win32_11.3.0.202008311133/tools/bin/../lib/gcc/arm-none-eabi/9.3.1/../../../../arm-none-eabi/lib/thumb/v7-m/nofp\libc.a(lib_a-sprintf.o)
                              ./src/main.o (sprintf)
c:/nxp/mcuxpressoide_11.3.1_5262/ide/plugins/com.nxp.mcuxpresso.tools.win32_11.3.0.202008311133/tools/bin/../lib/gcc/arm-none-eabi/9.3.1/../../../../arm-none-eabi/lib/thumb/v7-m/nofp\libc.a(lib_a-svfprintf.o)
[...]
Memory Configuration

Name             Origin             Length             Attributes
MFlash512        0x00000000         0x00080000         xr
RamLoc32         0x10000000         0x00008000         xrw
RamAHB32         0x2007c000         0x00008000         xrw
*default*        0x00000000         0xffffffff

Linker script and memory map

LOAD ./src/cr_startup_lpc17.o
LOAD ./src/main.o
LOAD C:\Users\student\Wbudy\C03_AirConditioner\Lib_CMSISv1p30_LPC17xx\Debug\libCMSISv1p30_LPC17xx.a
LOAD C:\Users\student\Wbudy\C03_AirConditioner\Lib_EaBaseBoard\Debug\libLib_EaBaseBoard.a
LOAD C:\Users\student\Wbudy\C03_AirConditioner\Lib_MCU\Debug\libLib_MCU.a
START GROUP
LOAD c:/nxp/mcuxpressoide_11.3.1_5262/ide/plugins/com.nxp.mcuxpresso.tools.win32_11.3.0.202008311133/tools/bin/../lib/gcc/arm-none-eabi/9.3.1/thumb/v7-m/nofp\libgcc.a
LOAD c:/nxp/mcuxpressoide_11.3.1_5262/ide/plugins/com.nxp.mcuxpresso.tools.win32_11.3.0.202008311133/tools/bin/../lib/gcc/arm-none-eabi/9.3.1/../../../../arm-none-eabi/lib/thumb/v7-m/nofp\libc.a
LOAD c:/nxp/mcuxpressoide_11.3.1_5262/ide/plugins/com.nxp.mcuxpresso.tools.win32_11.3.0.202008311133/tools/bin/../lib/gcc/arm-none-eabi/9.3.1/../../../../arm-none-eabi/lib/thumb/v7-m/nofp\libm.a
LOAD c:/nxp/mcuxpressoide_11.3.1_5262/ide/plugins/com.nxp.mcuxpresso.tools.win32_11.3.0.202008311133/tools/bin/../lib/gcc/arm-none-eabi/9.3.1/../../../../arm-none-eabi/lib/thumb/v7-m/nofp\libcr_newlib_semihost.a
END GROUP
                0x00000000                __base_MFlash512 = 0x0
                0x00000000                __base_Flash = 0x0
                0x00080000                __top_MFlash512 = 0x80000
                0x00080000                __top_Flash = 0x80000
                0x10000000                __base_RamLoc32 = 0x10000000
                0x10000000                __base_RAM = 0x10000000
                0x10008000                __top_RamLoc32 = 0x10008000
                0x10008000                __top_RAM = 0x10008000
                0x2007c000                __base_RamAHB32 = 0x2007c000
                0x2007c000                __base_RAM2 = 0x2007c000
                0x20084000                __top_RamAHB32 = 0x20084000
                0x20084000                __top_RAM2 = 0x20084000

.text           0x00000000     0xa13c
 FILL mask 0xff
                0x00000000                __vectors_start__ = ABSOLUTE (.)
 *(.isr_vector)
 .isr_vector    0x00000000       0xcc ./src/cr_startup_lpc17.o
                0x00000000                g_pfnVectors
                0x000000cc                . = ALIGN (0x4)
                0x000000cc                __section_table_start = .
                0x000000cc                __data_section_table = .
                0x000000cc        0x4 LONG 0xa144 LOADADDR (.data)
                0x000000d0        0x4 LONG 0x10000000 ADDR (.data)
                0x000000d4        0x4 LONG 0x9b4 SIZEOF (.data)
                0x000000d8        0x4 LONG 0xa144 LOADADDR (.data_RAM2)
                0x000000dc        0x4 LONG 0x2007c000 ADDR (.data_RAM2)
                0x000000e0        0x4 LONG 0x0 SIZEOF (.data_RAM2)
                0x000000e4                __data_section_table_end = .
                0x000000e4                __bss_section_table = .
                0x000000e4        0x4 LONG 0x100009b4 ADDR (.bss)
                0x000000e8        0x4 LONG 0x3e0 SIZEOF (.bss)
                0x000000ec        0x4 LONG 0x2007c000 ADDR (.bss_RAM2)
                0x000000f0        0x4 LONG 0x0 SIZEOF (.bss_RAM2)
                0x000000f4                __bss_section_table_end = .
                0x000000f4                __section_table_end = .
 *(.after_vectors*)
 *(.text*)
 .text.ResetISR
                0x000000f4       0x58 ./src/cr_startup_lpc17.o
                0x000000f4                ResetISR
 .text.NMI_Handler
                0x0000014c        0x6 ./src/cr_startup_lpc17.o
                0x0000014c                NMI_Handler
 .text.HardFault_Handler
                0x00000152        0x6 ./src/cr_startup_lpc17.o
                0x00000152                HardFault_Handler
 .text.MemManage_Handler
                0x00000158        0x6 ./src/cr_startup_lpc17.o
                0x00000158                MemManage_Handler
 .text.BusFault_Handler
                0x0000015e        0x6 ./src/cr_startup_lpc17.o
                0x0000015e                BusFault_Handler
 .text.UsageFault_Handler
                0x00000164        0x6 ./src/cr_startup_lpc17.o
                0x00000164                UsageFault_Handler
 .text.SVCall_Handler
                0x0000016a        0x6 ./src/cr_startup_lpc17.o
                0x0000016a                SVCall_Handler
 .text.DebugMon_Handler
                0x00000170        0x6 ./src/cr_startup_lpc17.o
                0x00000170                DebugMon_Handler
 .text.PendSV_Handler
                0x00000176        0x6 ./src/cr_startup_lpc17.o
                0x00000176                PendSV_Handler
 .text.IntDefaultHandler
                0x0000017c        0x6 ./src/cr_startup_lpc17.o
                0x0000017c                TIMER2_IRQHandler
                0x0000017c                RIT_IRQHandler
                0x0000017c                I2C0_IRQHandler
                0x0000017c                USBActivity_IRQHandler
                0x0000017c                PWM1_IRQHandler
                0x0000017c                I2C1_IRQHandler
                0x0000017c                EINT2_IRQHandler
                0x0000017c                UART1_IRQHandler
                0x0000017c                EINT3_IRQHandler
                0x0000017c                CANActivity_IRQHandler
                0x0000017c                TIMER3_IRQHandler
                0x0000017c                UART0_IRQHandler
                0x0000017c                IntDefaultHandler
                0x0000017c                PLL0_IRQHandler
                0x0000017c                CAN_IRQHandler
                0x0000017c                PLL1_IRQHandler
                0x0000017c                SSP0_IRQHandler
                0x0000017c                I2S_IRQHandler
                0x0000017c                I2C2_IRQHandler
                0x0000017c                RTC_IRQHandler
                0x0000017c                TIMER0_IRQHandler
                0x0000017c                SPI_IRQHandler
                0x0000017c                EINT1_IRQHandler
                0x0000017c                TIMER1_IRQHandler
                0x0000017c                UART2_IRQHandler
                0x0000017c                ADC_IRQHandler
                0x0000017c                SSP1_IRQHandler
                0x0000017c                USB_IRQHandler
                0x0000017c                BOD_IRQHandler
                0x0000017c                WDT_IRQHandler
                0x0000017c                QEI_IRQHandler
                0x0000017c                EINT0_IRQHandler
                0x0000017c                DMA_IRQHandler
                0x0000017c                UART3_IRQHandler
                0x0000017c                MCPWM_IRQHandler
                0x0000017c                ENET_IRQHandler
 *fill*         0x00000182        0x2 ff
 .text.NVIC_SetPriority
                0x00000184       0x54 ./src/main.o
 .text.SysTick_Config
                0x000001d8       0x44 ./src/main.o
 .text.SysTick_Handler
                0x0000021c       0x1c ./src/main.o
                0x0000021c                SysTick_Handler
 .text.getTicks
                0x00000238       0x14 ./src/main.o
 .text.init_ssp
                0x0000024c       0x78 ./src/main.o
 .text.init_i2c
                0x000002c4       0x48 ./src/main.o
 .text.init_adc
                0x0000030c       0x50 ./src/main.o
 .text.PWM_Init
                0x0000035c       0x68 ./src/main.o
                0x0000035c                PWM_Init
 .text.main     0x000003c4      0x1d0 ./src/main.o
                0x000003c4                main
 .text.check_failed
                0x00000594        0xc ./src/main.o
                0x00000594                check_failed
 .text.SystemInit
                0x000005a0      0x140 C:\Users\student\Wbudy\C03_AirConditioner\Lib_CMSISv1p30_LPC17xx\Debug\libCMSISv1p30_LPC17xx.a(system_LPC17xx.o)
                0x000005a0                SystemInit
 .text.I2CWrite
                0x000006e0       0x50 C:\Users\student\Wbudy\C03_AirConditioner\Lib_EaBaseBoard\Debug\libLib_EaBaseBoard.a(acc.o)
 .text.setModeControl
                0x00000730       0x28 C:\Users\student\Wbudy\C03_AirConditioner\Lib_EaBaseBoard\Debug\libLib_EaBaseBoard.a(acc.o)
 .text.acc_init
                0x00000758        0xe C:\Users\student\Wbudy\C03_AirConditioner\Lib_EaBaseBoard\Debug\libLib_EaBaseBoard.a(acc.o)
                0x00000758                acc_init
 *fill*         0x00000766        0x2 ff
 .text.I2CRead  0x00000768       0x50 C:\Users\student\Wbudy\C03_AirConditioner\Lib_EaBaseBoard\Debug\libLib_EaBaseBoard.a(light.o)
 .text.I2CWrite
                0x000007b8       0x50 C:\Users\student\Wbudy\C03_AirConditioner\Lib_EaBaseBoard\Debug\libLib_EaBaseBoard.a(light.o)
 .text.readControlReg
                0x00000808       0x2c C:\Users\student\Wbudy\C03_AirConditioner\Lib_EaBaseBoard\Debug\libLib_EaBaseBoard.a(light.o)
 .text.light_init
                0x00000834        0xc C:\Users\student\Wbudy\C03_AirConditioner\Lib_EaBaseBoard\Debug\libLib_EaBaseBoard.a(light.o)
                0x00000834                light_init
 .text.light_enable
                0x00000840       0x3c C:\Users\student\Wbudy\C03_AirConditioner\Lib_EaBaseBoard\Debug\libLib_EaBaseBoard.a(light.o)
                0x00000840                light_enable
 .text.light_read
                0x0000087c       0x74 C:\Users\student\Wbudy\C03_AirConditioner\Lib_EaBaseBoard\Debug\libLib_EaBaseBoard.a(light.o)
                0x0000087c                light_read
 .text.light_setRange
                0x000008f0       0x90 C:\Users\student\Wbudy\C03_AirConditioner\Lib_EaBaseBoard\Debug\libLib_EaBaseBoard.a(light.o)
                0x000008f0                light_setRange
 .text.writeCommand
                0x00000980       0x48 C:\Users\student\Wbudy\C03_AirConditioner\Lib_EaBaseBoard\Debug\libLib_EaBaseBoard.a(oled.o)
 .text.writeData
                0x000009c8       0x48 C:\Users\student\Wbudy\C03_AirConditioner\Lib_EaBaseBoard\Debug\libLib_EaBaseBoard.a(oled.o)
 .text.writeDataLen
                0x00000a10       0x78 C:\Users\student\Wbudy\C03_AirConditioner\Lib_EaBaseBoard\Debug\libLib_EaBaseBoard.a(oled.o)
 .text.oled_inverse
                0x00000a88       0x2a C:\Users\student\Wbudy\C03_AirConditioner\Lib_EaBaseBoard\Debug\libLib_EaBaseBoard.a(oled.o)
                0x00000a88                oled_inverse
 .text.runInitSequence
                0x00000ab2       0xd4 C:\Users\student\Wbudy\C03_AirConditioner\Lib_EaBaseBoard\Debug\libLib_EaBaseBoard.a(oled.o)
 .text.hLine    0x00000b86       0x58 C:\Users\student\Wbudy\C03_AirConditioner\Lib_EaBaseBoard\Debug\libLib_EaBaseBoard.a(oled.o)
 .text.vLine    0x00000bde       0x56 C:\Users\student\Wbudy\C03_AirConditioner\Lib_EaBaseBoard\Debug\libLib_EaBaseBoard.a(oled.o)
 .text.oled_init
                0x00000c34       0x74 C:\Users\student\Wbudy\C03_AirConditioner\Lib_EaBaseBoard\Debug\libLib_EaBaseBoard.a(oled.o)
                0x00000c34                oled_init
 .text.oled_putPixel
                0x00000ca8      0x150 C:\Users\student\Wbudy\C03_AirConditioner\Lib_EaBaseBoard\Debug\libLib_EaBaseBoard.a(oled.o)
                0x00000ca8                oled_putPixel
 .text.oled_fillRect
                0x00000df8       0x9e C:\Users\student\Wbudy\C03_AirConditioner\Lib_EaBaseBoard\Debug\libLib_EaBaseBoard.a(oled.o)
                0x00000df8                oled_fillRect
 *fill*         0x00000e96        0x2 ff
 .text.oled_clearScreen
                0x00000e98       0x64 C:\Users\student\Wbudy\C03_AirConditioner\Lib_EaBaseBoard\Debug\libLib_EaBaseBoard.a(oled.o)
                0x00000e98                oled_clearScreen
 .text.oled_putChar
                0x00000efc       0xd8 C:\Users\student\Wbudy\C03_AirConditioner\Lib_EaBaseBoard\Debug\libLib_EaBaseBoard.a(oled.o)
                0x00000efc                oled_putChar
 .text.oled_putString
                0x00000fd4       0x52 C:\Users\student\Wbudy\C03_AirConditioner\Lib_EaBaseBoard\Debug\libLib_EaBaseBoard.a(oled.o)
                0x00000fd4                oled_putString
 .text.rgb_init
                0x00001026       0x28 C:\Users\student\Wbudy\C03_AirConditioner\Lib_EaBaseBoard\Debug\libLib_EaBaseBoard.a(rgb.o)
                0x00001026                rgb_init
 .text.rgb_setLeds
                0x0000104e       0x6a C:\Users\student\Wbudy\C03_AirConditioner\Lib_EaBaseBoard\Debug\libLib_EaBaseBoard.a(rgb.o)
                0x0000104e                rgb_setLeds
 .text.temp_init
                0x000010b8       0x24 C:\Users\student\Wbudy\C03_AirConditioner\Lib_EaBaseBoard\Debug\libLib_EaBaseBoard.a(temp.o)
                0x000010b8                temp_init
 .text.temp_read
                0x000010dc       0xf0 C:\Users\student\Wbudy\C03_AirConditioner\Lib_EaBaseBoard\Debug\libLib_EaBaseBoard.a(temp.o)
                0x000010dc                temp_read
 .text.ADC_Init
                0x000011cc       0x90 C:\Users\student\Wbudy\C03_AirConditioner\Lib_MCU\Debug\libLib_MCU.a(lpc17xx_adc.o)
                0x000011cc                ADC_Init
 .text.ADC_IntConfig
                0x0000125c       0x9c C:\Users\student\Wbudy\C03_AirConditioner\Lib_MCU\Debug\libLib_MCU.a(lpc17xx_adc.o)
                0x0000125c                ADC_IntConfig
 .text.ADC_ChannelCmd
                0x000012f8       0x60 C:\Users\student\Wbudy\C03_AirConditioner\Lib_MCU\Debug\libLib_MCU.a(lpc17xx_adc.o)
                0x000012f8                ADC_ChannelCmd
 .text.CLKPWR_SetPCLKDiv
                0x00001358       0x90 C:\Users\student\Wbudy\C03_AirConditioner\Lib_MCU\Debug\libLib_MCU.a(lpc17xx_clkpwr.o)
                0x00001358                CLKPWR_SetPCLKDiv
 .text.CLKPWR_GetPCLKSEL
                0x000013e8       0x48 C:\Users\student\Wbudy\C03_AirConditioner\Lib_MCU\Debug\libLib_MCU.a(lpc17xx_clkpwr.o)
                0x000013e8                CLKPWR_GetPCLKSEL
 .text.CLKPWR_GetPCLK
                0x00001430       0x64 C:\Users\student\Wbudy\C03_AirConditioner\Lib_MCU\Debug\libLib_MCU.a(lpc17xx_clkpwr.o)
                0x00001430                CLKPWR_GetPCLK
 .text.CLKPWR_ConfigPPWR
                0x00001494       0x58 C:\Users\student\Wbudy\C03_AirConditioner\Lib_MCU\Debug\libLib_MCU.a(lpc17xx_clkpwr.o)
                0x00001494                CLKPWR_ConfigPPWR
 .text.GPIO_GetPointer
                0x000014ec       0x70 C:\Users\student\Wbudy\C03_AirConditioner\Lib_MCU\Debug\libLib_MCU.a(lpc17xx_gpio.o)
 .text.GPIO_SetDir
                0x0000155c       0x4a C:\Users\student\Wbudy\C03_AirConditioner\Lib_MCU\Debug\libLib_MCU.a(lpc17xx_gpio.o)
                0x0000155c                GPIO_SetDir
 .text.GPIO_SetValue
                0x000015a6       0x2a C:\Users\student\Wbudy\C03_AirConditioner\Lib_MCU\Debug\libLib_MCU.a(lpc17xx_gpio.o)
                0x000015a6                GPIO_SetValue
 .text.GPIO_ClearValue
                0x000015d0       0x2a C:\Users\student\Wbudy\C03_AirConditioner\Lib_MCU\Debug\libLib_MCU.a(lpc17xx_gpio.o)
                0x000015d0                GPIO_ClearValue
 .text.GPIO_ReadValue
                0x000015fa       0x2a C:\Users\student\Wbudy\C03_AirConditioner\Lib_MCU\Debug\libLib_MCU.a(lpc17xx_gpio.o)
                0x000015fa                GPIO_ReadValue
 .text.NVIC_EnableIRQ
                0x00001624       0x30 C:\Users\student\Wbudy\C03_AirConditioner\Lib_MCU\Debug\libLib_MCU.a(lpc17xx_i2c.o)
 .text.NVIC_DisableIRQ
                0x00001654       0x34 C:\Users\student\Wbudy\C03_AirConditioner\Lib_MCU\Debug\libLib_MCU.a(lpc17xx_i2c.o)
 .text.I2C_getNum
                0x00001688       0x48 C:\Users\student\Wbudy\C03_AirConditioner\Lib_MCU\Debug\libLib_MCU.a(lpc17xx_i2c.o)
 .text.I2C_Start
                0x000016d0       0x3a C:\Users\student\Wbudy\C03_AirConditioner\Lib_MCU\Debug\libLib_MCU.a(lpc17xx_i2c.o)
 .text.I2C_Stop
                0x0000170a       0x30 C:\Users\student\Wbudy\C03_AirConditioner\Lib_MCU\Debug\libLib_MCU.a(lpc17xx_i2c.o)
 .text.I2C_SendByte
                0x0000173a       0x4a C:\Users\student\Wbudy\C03_AirConditioner\Lib_MCU\Debug\libLib_MCU.a(lpc17xx_i2c.o)
 .text.I2C_GetByte
                0x00001784       0x52 C:\Users\student\Wbudy\C03_AirConditioner\Lib_MCU\Debug\libLib_MCU.a(lpc17xx_i2c.o)
 *fill*         0x000017d6        0x2 ff
 .text.I2C_SetClock
                0x000017d8       0xa4 C:\Users\student\Wbudy\C03_AirConditioner\Lib_MCU\Debug\libLib_MCU.a(lpc17xx_i2c.o)
 .text.I2C_Init
                0x0000187c       0xa4 C:\Users\student\Wbudy\C03_AirConditioner\Lib_MCU\Debug\libLib_MCU.a(lpc17xx_i2c.o)
                0x0000187c                I2C_Init
 .text.I2C_Cmd  0x00001920       0x70 C:\Users\student\Wbudy\C03_AirConditioner\Lib_MCU\Debug\libLib_MCU.a(lpc17xx_i2c.o)
                0x00001920                I2C_Cmd
 .text.I2C_IntCmd
                0x00001990       0x88 C:\Users\student\Wbudy\C03_AirConditioner\Lib_MCU\Debug\libLib_MCU.a(lpc17xx_i2c.o)
                0x00001990                I2C_IntCmd
 .text.I2C_MasterTransferData
                0x00001a18      0x2cc C:\Users\student\Wbudy\C03_AirConditioner\Lib_MCU\Debug\libLib_MCU.a(lpc17xx_i2c.o)
                0x00001a18                I2C_MasterTransferData
 .text.set_PinFunc
                0x00001ce4       0x80 C:\Users\student\Wbudy\C03_AirConditioner\Lib_MCU\Debug\libLib_MCU.a(lpc17xx_pinsel.o)
 .text.set_ResistorMode
                0x00001d64       0x80 C:\Users\student\Wbudy\C03_AirConditioner\Lib_MCU\Debug\libLib_MCU.a(lpc17xx_pinsel.o)
 .text.set_OpenDrainMode
                0x00001de4       0x68 C:\Users\student\Wbudy\C03_AirConditioner\Lib_MCU\Debug\libLib_MCU.a(lpc17xx_pinsel.o)
 .text.PINSEL_ConfigPin
                0x00001e4c       0x46 C:\Users\student\Wbudy\C03_AirConditioner\Lib_MCU\Debug\libLib_MCU.a(lpc17xx_pinsel.o)
                0x00001e4c                PINSEL_ConfigPin
 *fill*         0x00001e92        0x2 ff
 .text.setSSPclock
                0x00001e94       0xc4 C:\Users\student\Wbudy\C03_AirConditioner\Lib_MCU\Debug\libLib_MCU.a(lpc17xx_ssp.o)
 .text.SSP_Init
                0x00001f58       0x9c C:\Users\student\Wbudy\C03_AirConditioner\Lib_MCU\Debug\libLib_MCU.a(lpc17xx_ssp.o)
                0x00001f58                SSP_Init
 .text.SSP_GetDataSize
                0x00001ff4       0x40 C:\Users\student\Wbudy\C03_AirConditioner\Lib_MCU\Debug\libLib_MCU.a(lpc17xx_ssp.o)
                0x00001ff4                SSP_GetDataSize
 .text.SSP_ConfigStructInit
                0x00002034       0x3c C:\Users\student\Wbudy\C03_AirConditioner\Lib_MCU\Debug\libLib_MCU.a(lpc17xx_ssp.o)
                0x00002034                SSP_ConfigStructInit
 .text.SSP_Cmd  0x00002070       0x6c C:\Users\student\Wbudy\C03_AirConditioner\Lib_MCU\Debug\libLib_MCU.a(lpc17xx_ssp.o)
                0x00002070                SSP_Cmd
 .text.SSP_SendData
                0x000020dc       0x40 C:\Users\student\Wbudy\C03_AirConditioner\Lib_MCU\Debug\libLib_MCU.a(lpc17xx_ssp.o)
                0x000020dc                SSP_SendData
 .text.SSP_ReceiveData
                0x0000211c       0x3c C:\Users\student\Wbudy\C03_AirConditioner\Lib_MCU\Debug\libLib_MCU.a(lpc17xx_ssp.o)
                0x0000211c                SSP_ReceiveData
 .text.SSP_ReadWrite
                0x00002158      0x34e C:\Users\student\Wbudy\C03_AirConditioner\Lib_MCU\Debug\libLib_MCU.a(lpc17xx_ssp.o)
                0x00002158                SSP_ReadWrite
 *fill*         0x000024a6        0x2 ff
 .text.getPClock
                0x000024a8       0x58 C:\Users\student\Wbudy\C03_AirConditioner\Lib_MCU\Debug\libLib_MCU.a(lpc17xx_timer.o)
 .text.converUSecToVal
                0x00002500       0x5c C:\Users\student\Wbudy\C03_AirConditioner\Lib_MCU\Debug\libLib_MCU.a(lpc17xx_timer.o)
 .text.converPtrToTimeNum
                0x0000255c       0x5c C:\Users\student\Wbudy\C03_AirConditioner\Lib_MCU\Debug\libLib_MCU.a(lpc17xx_timer.o)
 .text.TIM_GetIntStatus
                0x000025b8       0x98 C:\Users\student\Wbudy\C03_AirConditioner\Lib_MCU\Debug\libLib_MCU.a(lpc17xx_timer.o)
                0x000025b8                TIM_GetIntStatus
 .text.TIM_ClearIntPending
                0x00002650       0x88 C:\Users\student\Wbudy\C03_AirConditioner\Lib_MCU\Debug\libLib_MCU.a(lpc17xx_timer.o)
                0x00002650                TIM_ClearIntPending
 .text.TIM_Init
                0x000026d8      0x184 C:\Users\student\Wbudy\C03_AirConditioner\Lib_MCU\Debug\libLib_MCU.a(lpc17xx_timer.o)
                0x000026d8                TIM_Init
 .text.TIM_Cmd  0x0000285c       0x70 C:\Users\student\Wbudy\C03_AirConditioner\Lib_MCU\Debug\libLib_MCU.a(lpc17xx_timer.o)
                0x0000285c                TIM_Cmd
 .text.TIM_ConfigMatch
                0x000028cc      0x184 C:\Users\student\Wbudy\C03_AirConditioner\Lib_MCU\Debug\libLib_MCU.a(lpc17xx_timer.o)
                0x000028cc                TIM_ConfigMatch
 .text.Timer0_Wait
                0x00002a50       0x76 C:\Users\student\Wbudy\C03_AirConditioner\Lib_MCU\Debug\libLib_MCU.a(lpc17xx_timer.o)
                0x00002a50                Timer0_Wait
 *fill*         0x00002ac6        0x2 ff
 .text          0x00002ac8      0x378 c:/nxp/mcuxpressoide_11.3.1_5262/ide/plugins/com.nxp.mcuxpresso.tools.win32_11.3.0.202008311133/tools/bin/../lib/gcc/arm-none-eabi/9.3.1/thumb/v7-m/nofp\libgcc.a(_arm_addsubdf3.o)
                0x00002ac8                __aeabi_drsub
                0x00002ad0                __aeabi_dsub
                0x00002ad0                __subdf3
                0x00002ad4                __aeabi_dadd
                0x00002ad4                __adddf3
                0x00002d4c                __floatunsidf
                0x00002d4c                __aeabi_ui2d
                0x00002d6c                __floatsidf
                0x00002d6c                __aeabi_i2d
                0x00002d90                __aeabi_f2d
                0x00002d90                __extendsfdf2
                0x00002dd4                __floatundidf
                0x00002dd4                __aeabi_ul2d
                0x00002de4                __floatdidf
                0x00002de4                __aeabi_l2d
 .text          0x00002e40      0x424 c:/nxp/mcuxpressoide_11.3.1_5262/ide/plugins/com.nxp.mcuxpresso.tools.win32_11.3.0.202008311133/tools/bin/../lib/gcc/arm-none-eabi/9.3.1/thumb/v7-m/nofp\libgcc.a(_arm_muldivdf3.o)
                0x00002e40                __aeabi_dmul
                0x00002e40                __muldf3
                0x00003094                __divdf3
                0x00003094                __aeabi_ddiv
 .text          0x00003264       0x30 c:/nxp/mcuxpressoide_11.3.1_5262/ide/plugins/com.nxp.mcuxpresso.tools.win32_11.3.0.202008311133/tools/bin/../lib/gcc/arm-none-eabi/9.3.1/thumb/v7-m/nofp\libgcc.a(_aeabi_uldivmod.o)
                0x00003264                __aeabi_uldivmod
 .text          0x00003294      0x2c4 c:/nxp/mcuxpressoide_11.3.1_5262/ide/plugins/com.nxp.mcuxpresso.tools.win32_11.3.0.202008311133/tools/bin/../lib/gcc/arm-none-eabi/9.3.1/thumb/v7-m/nofp\libgcc.a(_udivmoddi4.o)
                0x00003294                __udivmoddi4
 .text          0x00003558        0x4 c:/nxp/mcuxpressoide_11.3.1_5262/ide/plugins/com.nxp.mcuxpresso.tools.win32_11.3.0.202008311133/tools/bin/../lib/gcc/arm-none-eabi/9.3.1/thumb/v7-m/nofp\libgcc.a(_dvmd_tls.o)
                0x00003558                __aeabi_idiv0
                0x00003558                __aeabi_ldiv0
 .text.memset   0x0000355c       0xa0 c:/nxp/mcuxpressoide_11.3.1_5262/ide/plugins/com.nxp.mcuxpresso.tools.win32_11.3.0.202008311133/tools/bin/../lib/gcc/arm-none-eabi/9.3.1/../../../../arm-none-eabi/lib/thumb/v7-m/nofp\libc.a(lib_a-memset.o)
                0x0000355c                memset
 .text.sprintf  0x000035fc       0x44 c:/nxp/mcuxpressoide_11.3.1_5262/ide/plugins/com.nxp.mcuxpresso.tools.win32_11.3.0.202008311133/tools/bin/../lib/gcc/arm-none-eabi/9.3.1/../../../../arm-none-eabi/lib/thumb/v7-m/nofp\libc.a(lib_a-sprintf.o)
                0x000035fc                sprintf
 .text._svfprintf_r
                0x00003640     0x1b50 c:/nxp/mcuxpressoide_11.3.1_5262/ide/plugins/com.nxp.mcuxpresso.tools.win32_11.3.0.202008311133/tools/bin/../lib/gcc/arm-none-eabi/9.3.1/../../../../arm-none-eabi/lib/thumb/v7-m/nofp\libc.a(lib_a-svfprintf.o)
                0x00003640                _svfprintf_r
 .text.quorem   0x00005190      0x120 c:/nxp/mcuxpressoide_11.3.1_5262/ide/plugins/com.nxp.mcuxpresso.tools.win32_11.3.0.202008311133/tools/bin/../lib/gcc/arm-none-eabi/9.3.1/../../../../arm-none-eabi/lib/thumb/v7-m/nofp\libc.a(lib_a-dtoa.o)
 .text._dtoa_r  0x000052b0      0xec8 c:/nxp/mcuxpressoide_11.3.1_5262/ide/plugins/com.nxp.mcuxpresso.tools.win32_11.3.0.202008311133/tools/bin/../lib/gcc/arm-none-eabi/9.3.1/../../../../arm-none-eabi/lib/thumb/v7-m/nofp\libc.a(lib_a-dtoa.o)
                0x000052b0                _dtoa_r
 .text._malloc_trim_r
                0x00006178       0xa0 c:/nxp/mcuxpressoide_11.3.1_5262/ide/plugins/com.nxp.mcuxpresso.tools.win32_11.3.0.202008311133/tools/bin/../lib/gcc/arm-none-eabi/9.3.1/../../../../arm-none-eabi/lib/thumb/v7-m/nofp\libc.a(lib_a-freer.o)
                0x00006178                _malloc_trim_r
 .text._free_r  0x00006218      0x20c c:/nxp/mcuxpressoide_11.3.1_5262/ide/plugins/com.nxp.mcuxpresso.tools.win32_11.3.0.202008311133/tools/bin/../lib/gcc/arm-none-eabi/9.3.1/../../../../arm-none-eabi/lib/thumb/v7-m/nofp\libc.a(lib_a-freer.o)
                0x00006218                _free_r
 .text._localeconv_r
                0x00006424        0x8 c:/nxp/mcuxpressoide_11.3.1_5262/ide/plugins/com.nxp.mcuxpresso.tools.win32_11.3.0.202008311133/tools/bin/../lib/gcc/arm-none-eabi/9.3.1/../../../../arm-none-eabi/lib/thumb/v7-m/nofp\libc.a(lib_a-localeconv.o)
                0x00006424                _localeconv_r
 .text._malloc_r
                0x0000642c      0x55c c:/nxp/mcuxpressoide_11.3.1_5262/ide/plugins/com.nxp.mcuxpresso.tools.win32_11.3.0.202008311133/tools/bin/../lib/gcc/arm-none-eabi/9.3.1/../../../../arm-none-eabi/lib/thumb/v7-m/nofp\libc.a(lib_a-mallocr.o)
                0x0000642c                _malloc_r
 .text.memchr   0x00006988       0x80 c:/nxp/mcuxpressoide_11.3.1_5262/ide/plugins/com.nxp.mcuxpresso.tools.win32_11.3.0.202008311133/tools/bin/../lib/gcc/arm-none-eabi/9.3.1/../../../../arm-none-eabi/lib/thumb/v7-m/nofp\libc.a(lib_a-memchr-stub.o)
                0x00006988                memchr
 .text          0x00006a08       0xec c:/nxp/mcuxpressoide_11.3.1_5262/ide/plugins/com.nxp.mcuxpresso.tools.win32_11.3.0.202008311133/tools/bin/../lib/gcc/arm-none-eabi/9.3.1/../../../../arm-none-eabi/lib/thumb/v7-m/nofp\libc.a(lib_a-memcpy.o)
                0x00006a08                memcpy
 .text.__malloc_lock
                0x00006af4        0xc c:/nxp/mcuxpressoide_11.3.1_5262/ide/plugins/com.nxp.mcuxpresso.tools.win32_11.3.0.202008311133/tools/bin/../lib/gcc/arm-none-eabi/9.3.1/../../../../arm-none-eabi/lib/thumb/v7-m/nofp\libc.a(lib_a-mlock.o)
                0x00006af4                __malloc_lock
 .text.__malloc_unlock
                0x00006b00        0xc c:/nxp/mcuxpressoide_11.3.1_5262/ide/plugins/com.nxp.mcuxpresso.tools.win32_11.3.0.202008311133/tools/bin/../lib/gcc/arm-none-eabi/9.3.1/../../../../arm-none-eabi/lib/thumb/v7-m/nofp\libc.a(lib_a-mlock.o)
                0x00006b00                __malloc_unlock
 .text._Balloc  0x00006b0c       0x4c c:/nxp/mcuxpressoide_11.3.1_5262/ide/plugins/com.nxp.mcuxpresso.tools.win32_11.3.0.202008311133/tools/bin/../lib/gcc/arm-none-eabi/9.3.1/../../../../arm-none-eabi/lib/thumb/v7-m/nofp\libc.a(lib_a-mprec.o)
                0x00006b0c                _Balloc
 .text._Bfree   0x00006b58       0x14 c:/nxp/mcuxpressoide_11.3.1_5262/ide/plugins/com.nxp.mcuxpresso.tools.win32_11.3.0.202008311133/tools/bin/../lib/gcc/arm-none-eabi/9.3.1/../../../../arm-none-eabi/lib/thumb/v7-m/nofp\libc.a(lib_a-mprec.o)
                0x00006b58                _Bfree
 .text.__multadd
                0x00006b6c       0x9c c:/nxp/mcuxpressoide_11.3.1_5262/ide/plugins/com.nxp.mcuxpresso.tools.win32_11.3.0.202008311133/tools/bin/../lib/gcc/arm-none-eabi/9.3.1/../../../../arm-none-eabi/lib/thumb/v7-m/nofp\libc.a(lib_a-mprec.o)
                0x00006b6c                __multadd
 .text.__hi0bits
                0x00006c08       0x40 c:/nxp/mcuxpressoide_11.3.1_5262/ide/plugins/com.nxp.mcuxpresso.tools.win32_11.3.0.202008311133/tools/bin/../lib/gcc/arm-none-eabi/9.3.1/../../../../arm-none-eabi/lib/thumb/v7-m/nofp\libc.a(lib_a-mprec.o)
                0x00006c08                __hi0bits
 .text.__lo0bits
                0x00006c48       0x60 c:/nxp/mcuxpressoide_11.3.1_5262/ide/plugins/com.nxp.mcuxpresso.tools.win32_11.3.0.202008311133/tools/bin/../lib/gcc/arm-none-eabi/9.3.1/../../../../arm-none-eabi/lib/thumb/v7-m/nofp\libc.a(lib_a-mprec.o)
                0x00006c48                __lo0bits
 .text.__i2b    0x00006ca8       0x2c c:/nxp/mcuxpressoide_11.3.1_5262/ide/plugins/com.nxp.mcuxpresso.tools.win32_11.3.0.202008311133/tools/bin/../lib/gcc/arm-none-eabi/9.3.1/../../../../arm-none-eabi/lib/thumb/v7-m/nofp\libc.a(lib_a-mprec.o)
                0x00006ca8                __i2b
 .text.__multiply
                0x00006cd4      0x160 c:/nxp/mcuxpressoide_11.3.1_5262/ide/plugins/com.nxp.mcuxpresso.tools.win32_11.3.0.202008311133/tools/bin/../lib/gcc/arm-none-eabi/9.3.1/../../../../arm-none-eabi/lib/thumb/v7-m/nofp\libc.a(lib_a-mprec.o)
                0x00006cd4                __multiply
 .text.__pow5mult
                0x00006e34       0x98 c:/nxp/mcuxpressoide_11.3.1_5262/ide/plugins/com.nxp.mcuxpresso.tools.win32_11.3.0.202008311133/tools/bin/../lib/gcc/arm-none-eabi/9.3.1/../../../../arm-none-eabi/lib/thumb/v7-m/nofp\libc.a(lib_a-mprec.o)
                0x00006e34                __pow5mult
 .text.__lshift
                0x00006ecc       0xe8 c:/nxp/mcuxpressoide_11.3.1_5262/ide/plugins/com.nxp.mcuxpresso.tools.win32_11.3.0.202008311133/tools/bin/../lib/gcc/arm-none-eabi/9.3.1/../../../../arm-none-eabi/lib/thumb/v7-m/nofp\libc.a(lib_a-mprec.o)
                0x00006ecc                __lshift
 .text.__mcmp   0x00006fb4       0x3c c:/nxp/mcuxpressoide_11.3.1_5262/ide/plugins/com.nxp.mcuxpresso.tools.win32_11.3.0.202008311133/tools/bin/../lib/gcc/arm-none-eabi/9.3.1/../../../../arm-none-eabi/lib/thumb/v7-m/nofp\libc.a(lib_a-mprec.o)
                0x00006fb4                __mcmp
 .text.__mdiff  0x00006ff0      0x150 c:/nxp/mcuxpressoide_11.3.1_5262/ide/plugins/com.nxp.mcuxpresso.tools.win32_11.3.0.202008311133/tools/bin/../lib/gcc/arm-none-eabi/9.3.1/../../../../arm-none-eabi/lib/thumb/v7-m/nofp\libc.a(lib_a-mprec.o)
                0x00006ff0                __mdiff
 .text.__d2b    0x00007140       0xc4 c:/nxp/mcuxpressoide_11.3.1_5262/ide/plugins/com.nxp.mcuxpresso.tools.win32_11.3.0.202008311133/tools/bin/../lib/gcc/arm-none-eabi/9.3.1/../../../../arm-none-eabi/lib/thumb/v7-m/nofp\libc.a(lib_a-mprec.o)
                0x00007140                __d2b
 .text.frexp    0x00007204       0x70 c:/nxp/mcuxpressoide_11.3.1_5262/ide/plugins/com.nxp.mcuxpresso.tools.win32_11.3.0.202008311133/tools/bin/../lib/gcc/arm-none-eabi/9.3.1/../../../../arm-none-eabi/lib/thumb/v7-m/nofp\libc.a(lib_a-s_frexp.o)
                0x00007204                frexp
 .text._sbrk_r  0x00007274       0x24 c:/nxp/mcuxpressoide_11.3.1_5262/ide/plugins/com.nxp.mcuxpresso.tools.win32_11.3.0.202008311133/tools/bin/../lib/gcc/arm-none-eabi/9.3.1/../../../../arm-none-eabi/lib/thumb/v7-m/nofp\libc.a(lib_a-sbrkr.o)
                0x00007274                _sbrk_r
 .text.strlen   0x00007298       0x5c c:/nxp/mcuxpressoide_11.3.1_5262/ide/plugins/com.nxp.mcuxpresso.tools.win32_11.3.0.202008311133/tools/bin/../lib/gcc/arm-none-eabi/9.3.1/../../../../arm-none-eabi/lib/thumb/v7-m/nofp\libc.a(lib_a-strlen-stub.o)
                0x00007298                strlen
 .text.strncpy  0x000072f4       0x68 c:/nxp/mcuxpressoide_11.3.1_5262/ide/plugins/com.nxp.mcuxpresso.tools.win32_11.3.0.202008311133/tools/bin/../lib/gcc/arm-none-eabi/9.3.1/../../../../arm-none-eabi/lib/thumb/v7-m/nofp\libc.a(lib_a-strncpy.o)
                0x000072f4                strncpy
 .text.__ssprint_r
                0x0000735c       0xf8 c:/nxp/mcuxpressoide_11.3.1_5262/ide/plugins/com.nxp.mcuxpresso.tools.win32_11.3.0.202008311133/tools/bin/../lib/gcc/arm-none-eabi/9.3.1/../../../../arm-none-eabi/lib/thumb/v7-m/nofp\libc.a(lib_a-svfiprintf.o)
                0x0000735c                __ssprint_r
 .text.__assert_func
                0x00007454       0x3c c:/nxp/mcuxpressoide_11.3.1_5262/ide/plugins/com.nxp.mcuxpresso.tools.win32_11.3.0.202008311133/tools/bin/../lib/gcc/arm-none-eabi/9.3.1/../../../../arm-none-eabi/lib/thumb/v7-m/nofp\libc.a(lib_a-assert.o)
                0x00007454                __assert_func
 .text._calloc_r
                0x00007490       0x60 c:/nxp/mcuxpressoide_11.3.1_5262/ide/plugins/com.nxp.mcuxpresso.tools.win32_11.3.0.202008311133/tools/bin/../lib/gcc/arm-none-eabi/9.3.1/../../../../arm-none-eabi/lib/thumb/v7-m/nofp\libc.a(lib_a-callocr.o)
                0x00007490                _calloc_r
 .text.fiprintf
                0x000074f0       0x28 c:/nxp/mcuxpressoide_11.3.1_5262/ide/plugins/com.nxp.mcuxpresso.tools.win32_11.3.0.202008311133/tools/bin/../lib/gcc/arm-none-eabi/9.3.1/../../../../arm-none-eabi/lib/thumb/v7-m/nofp\libc.a(lib_a-fiprintf.o)
                0x000074f0                fiprintf
 .text.__locale_mb_cur_max
                0x00007518        0xc c:/nxp/mcuxpressoide_11.3.1_5262/ide/plugins/com.nxp.mcuxpresso.tools.win32_11.3.0.202008311133/tools/bin/../lib/gcc/arm-none-eabi/9.3.1/../../../../arm-none-eabi/lib/thumb/v7-m/nofp\libc.a(lib_a-locale.o)
                0x00007518                __locale_mb_cur_max
 .text.__retarget_lock_init_recursive
                0x00007524        0x4 c:/nxp/mcuxpressoide_11.3.1_5262/ide/plugins/com.nxp.mcuxpresso.tools.win32_11.3.0.202008311133/tools/bin/../lib/gcc/arm-none-eabi/9.3.1/../../../../arm-none-eabi/lib/thumb/v7-m/nofp\libc.a(lib_a-lock.o)
                0x00007524                __retarget_lock_init_recursive
 .text.__retarget_lock_close_recursive
                0x00007528        0x4 c:/nxp/mcuxpressoide_11.3.1_5262/ide/plugins/com.nxp.mcuxpresso.tools.win32_11.3.0.202008311133/tools/bin/../lib/gcc/arm-none-eabi/9.3.1/../../../../arm-none-eabi/lib/thumb/v7-m/nofp\libc.a(lib_a-lock.o)
                0x00007528                __retarget_lock_close_recursive
 .text.__retarget_lock_acquire_recursive
                0x0000752c        0x4 c:/nxp/mcuxpressoide_11.3.1_5262/ide/plugins/com.nxp.mcuxpresso.tools.win32_11.3.0.202008311133/tools/bin/../lib/gcc/arm-none-eabi/9.3.1/../../../../arm-none-eabi/lib/thumb/v7-m/nofp\libc.a(lib_a-lock.o)
                0x0000752c                __retarget_lock_acquire_recursive
 .text.__retarget_lock_release_recursive
                0x00007530        0x4 c:/nxp/mcuxpressoide_11.3.1_5262/ide/plugins/com.nxp.mcuxpresso.tools.win32_11.3.0.202008311133/tools/bin/../lib/gcc/arm-none-eabi/9.3.1/../../../../arm-none-eabi/lib/thumb/v7-m/nofp\libc.a(lib_a-lock.o)
                0x00007530                __retarget_lock_release_recursive
 .text.__ascii_mbtowc
                0x00007534       0x2c c:/nxp/mcuxpressoide_11.3.1_5262/ide/plugins/com.nxp.mcuxpresso.tools.win32_11.3.0.202008311133/tools/bin/../lib/gcc/arm-none-eabi/9.3.1/../../../../arm-none-eabi/lib/thumb/v7-m/nofp\libc.a(lib_a-mbtowc_r.o)
                0x00007534                __ascii_mbtowc
 .text.memmove  0x00007560       0xd4 c:/nxp/mcuxpressoide_11.3.1_5262/ide/plugins/com.nxp.mcuxpresso.tools.win32_11.3.0.202008311133/tools/bin/../lib/gcc/arm-none-eabi/9.3.1/../../../../arm-none-eabi/lib/thumb/v7-m/nofp\libc.a(lib_a-memmove.o)
                0x00007560                memmove
 .text._realloc_r
                0x00007634      0x3e0 c:/nxp/mcuxpressoide_11.3.1_5262/ide/plugins/com.nxp.mcuxpresso.tools.win32_11.3.0.202008311133/tools/bin/../lib/gcc/arm-none-eabi/9.3.1/../../../../arm-none-eabi/lib/thumb/v7-m/nofp\libc.a(lib_a-reallocr.o)
                0x00007634                _realloc_r
 .text.__sprint_r.part.0
                0x00007a14       0x78 c:/nxp/mcuxpressoide_11.3.1_5262/ide/plugins/com.nxp.mcuxpresso.tools.win32_11.3.0.202008311133/tools/bin/../lib/gcc/arm-none-eabi/9.3.1/../../../../arm-none-eabi/lib/thumb/v7-m/nofp\libc.a(lib_a-vfiprintf.o)
 .text._vfiprintf_r
                0x00007a8c      0xd2c c:/nxp/mcuxpressoide_11.3.1_5262/ide/plugins/com.nxp.mcuxpresso.tools.win32_11.3.0.202008311133/tools/bin/../lib/gcc/arm-none-eabi/9.3.1/../../../../arm-none-eabi/lib/thumb/v7-m/nofp\libc.a(lib_a-vfiprintf.o)
                0x00007a8c                _vfiprintf_r
 .text.__sbprintf
                0x000087b8       0x88 c:/nxp/mcuxpressoide_11.3.1_5262/ide/plugins/com.nxp.mcuxpresso.tools.win32_11.3.0.202008311133/tools/bin/../lib/gcc/arm-none-eabi/9.3.1/../../../../arm-none-eabi/lib/thumb/v7-m/nofp\libc.a(lib_a-vfiprintf.o)
 .text.__ascii_wctomb
                0x00008840       0x1c c:/nxp/mcuxpressoide_11.3.1_5262/ide/plugins/com.nxp.mcuxpresso.tools.win32_11.3.0.202008311133/tools/bin/../lib/gcc/arm-none-eabi/9.3.1/../../../../arm-none-eabi/lib/thumb/v7-m/nofp\libc.a(lib_a-wctomb_r.o)
                0x00008840                __ascii_wctomb
 .text.__swsetup_r
                0x0000885c       0xd0 c:/nxp/mcuxpressoide_11.3.1_5262/ide/plugins/com.nxp.mcuxpresso.tools.win32_11.3.0.202008311133/tools/bin/../lib/gcc/arm-none-eabi/9.3.1/../../../../arm-none-eabi/lib/thumb/v7-m/nofp\libc.a(lib_a-wsetup.o)
                0x0000885c                __swsetup_r
 .text.abort    0x0000892c       0x10 c:/nxp/mcuxpressoide_11.3.1_5262/ide/plugins/com.nxp.mcuxpresso.tools.win32_11.3.0.202008311133/tools/bin/../lib/gcc/arm-none-eabi/9.3.1/../../../../arm-none-eabi/lib/thumb/v7-m/nofp\libc.a(lib_a-abort.o)
                0x0000892c                abort
 .text.__sflush_r
                0x0000893c      0x130 c:/nxp/mcuxpressoide_11.3.1_5262/ide/plugins/com.nxp.mcuxpresso.tools.win32_11.3.0.202008311133/tools/bin/../lib/gcc/arm-none-eabi/9.3.1/../../../../arm-none-eabi/lib/thumb/v7-m/nofp\libc.a(lib_a-fflush.o)
                0x0000893c                __sflush_r
 .text._fflush_r
                0x00008a6c       0x5c c:/nxp/mcuxpressoide_11.3.1_5262/ide/plugins/com.nxp.mcuxpresso.tools.win32_11.3.0.202008311133/tools/bin/../lib/gcc/arm-none-eabi/9.3.1/../../../../arm-none-eabi/lib/thumb/v7-m/nofp\libc.a(lib_a-fflush.o)
                0x00008a6c                _fflush_r
 .text.std      0x00008ac8       0x50 c:/nxp/mcuxpressoide_11.3.1_5262/ide/plugins/com.nxp.mcuxpresso.tools.win32_11.3.0.202008311133/tools/bin/../lib/gcc/arm-none-eabi/9.3.1/../../../../arm-none-eabi/lib/thumb/v7-m/nofp\libc.a(lib_a-findfp.o)
 .text._cleanup_r
                0x00008b18        0xc c:/nxp/mcuxpressoide_11.3.1_5262/ide/plugins/com.nxp.mcuxpresso.tools.win32_11.3.0.202008311133/tools/bin/../lib/gcc/arm-none-eabi/9.3.1/../../../../arm-none-eabi/lib/thumb/v7-m/nofp\libc.a(lib_a-findfp.o)
                0x00008b18                _cleanup_r
 .text.__sinit  0x00008b24       0x5c c:/nxp/mcuxpressoide_11.3.1_5262/ide/plugins/com.nxp.mcuxpresso.tools.win32_11.3.0.202008311133/tools/bin/../lib/gcc/arm-none-eabi/9.3.1/../../../../arm-none-eabi/lib/thumb/v7-m/nofp\libc.a(lib_a-findfp.o)
                0x00008b24                __sinit
 .text.__sfp_lock_acquire
                0x00008b80        0xc c:/nxp/mcuxpressoide_11.3.1_5262/ide/plugins/com.nxp.mcuxpresso.tools.win32_11.3.0.202008311133/tools/bin/../lib/gcc/arm-none-eabi/9.3.1/../../../../arm-none-eabi/lib/thumb/v7-m/nofp\libc.a(lib_a-findfp.o)
                0x00008b80                __sfp_lock_acquire
 .text.__sfp_lock_release
                0x00008b8c        0xc c:/nxp/mcuxpressoide_11.3.1_5262/ide/plugins/com.nxp.mcuxpresso.tools.win32_11.3.0.202008311133/tools/bin/../lib/gcc/arm-none-eabi/9.3.1/../../../../arm-none-eabi/lib/thumb/v7-m/nofp\libc.a(lib_a-findfp.o)
                0x00008b8c                __sfp_lock_release
 .text.__fputwc
                0x00008b98       0xa0 c:/nxp/mcuxpressoide_11.3.1_5262/ide/plugins/com.nxp.mcuxpresso.tools.win32_11.3.0.202008311133/tools/bin/../lib/gcc/arm-none-eabi/9.3.1/../../../../arm-none-eabi/lib/thumb/v7-m/nofp\libc.a(lib_a-fputwc.o)
                0x00008b98                __fputwc
 .text._fputwc_r
                0x00008c38       0x68 c:/nxp/mcuxpressoide_11.3.1_5262/ide/plugins/com.nxp.mcuxpresso.tools.win32_11.3.0.202008311133/tools/bin/../lib/gcc/arm-none-eabi/9.3.1/../../../../arm-none-eabi/lib/thumb/v7-m/nofp\libc.a(lib_a-fputwc.o)
                0x00008c38                _fputwc_r
 .text.__sfvwrite_r
                0x00008ca0      0x2ec c:/nxp/mcuxpressoide_11.3.1_5262/ide/plugins/com.nxp.mcuxpresso.tools.win32_11.3.0.202008311133/tools/bin/../lib/gcc/arm-none-eabi/9.3.1/../../../../arm-none-eabi/lib/thumb/v7-m/nofp\libc.a(lib_a-fvwrite.o)
                0x00008ca0                __sfvwrite_r
 .text._fwalk_reent
                0x00008f8c       0x48 c:/nxp/mcuxpressoide_11.3.1_5262/ide/plugins/com.nxp.mcuxpresso.tools.win32_11.3.0.202008311133/tools/bin/../lib/gcc/arm-none-eabi/9.3.1/../../../../arm-none-eabi/lib/thumb/v7-m/nofp\libc.a(lib_a-fwalk.o)
                0x00008f8c                _fwalk_reent
 .text.__swhatbuf_r
                0x00008fd4       0x5c c:/nxp/mcuxpressoide_11.3.1_5262/ide/plugins/com.nxp.mcuxpresso.tools.win32_11.3.0.202008311133/tools/bin/../lib/gcc/arm-none-eabi/9.3.1/../../../../arm-none-eabi/lib/thumb/v7-m/nofp\libc.a(lib_a-makebuf.o)
                0x00008fd4                __swhatbuf_r
 .text.__smakebuf_r
                0x00009030       0x94 c:/nxp/mcuxpressoide_11.3.1_5262/ide/plugins/com.nxp.mcuxpresso.tools.win32_11.3.0.202008311133/tools/bin/../lib/gcc/arm-none-eabi/9.3.1/../../../../arm-none-eabi/lib/thumb/v7-m/nofp\libc.a(lib_a-makebuf.o)
                0x00009030                __smakebuf_r
 .text._raise_r
                0x000090c4       0x58 c:/nxp/mcuxpressoide_11.3.1_5262/ide/plugins/com.nxp.mcuxpresso.tools.win32_11.3.0.202008311133/tools/bin/../lib/gcc/arm-none-eabi/9.3.1/../../../../arm-none-eabi/lib/thumb/v7-m/nofp\libc.a(lib_a-signal.o)
                0x000090c4                _raise_r
 .text.raise    0x0000911c       0x10 c:/nxp/mcuxpressoide_11.3.1_5262/ide/plugins/com.nxp.mcuxpresso.tools.win32_11.3.0.202008311133/tools/bin/../lib/gcc/arm-none-eabi/9.3.1/../../../../arm-none-eabi/lib/thumb/v7-m/nofp\libc.a(lib_a-signal.o)
                0x0000911c                raise
 .text._kill_r  0x0000912c       0x2c c:/nxp/mcuxpressoide_11.3.1_5262/ide/plugins/com.nxp.mcuxpresso.tools.win32_11.3.0.202008311133/tools/bin/../lib/gcc/arm-none-eabi/9.3.1/../../../../arm-none-eabi/lib/thumb/v7-m/nofp\libc.a(lib_a-signalr.o)
                0x0000912c                _kill_r
 .text._getpid_r
                0x00009158        0x4 c:/nxp/mcuxpressoide_11.3.1_5262/ide/plugins/com.nxp.mcuxpresso.tools.win32_11.3.0.202008311133/tools/bin/../lib/gcc/arm-none-eabi/9.3.1/../../../../arm-none-eabi/lib/thumb/v7-m/nofp\libc.a(lib_a-signalr.o)
                0x00009158                _getpid_r
 .text.__sread  0x0000915c       0x24 c:/nxp/mcuxpressoide_11.3.1_5262/ide/plugins/com.nxp.mcuxpresso.tools.win32_11.3.0.202008311133/tools/bin/../lib/gcc/arm-none-eabi/9.3.1/../../../../arm-none-eabi/lib/thumb/v7-m/nofp\libc.a(lib_a-stdio.o)
                0x0000915c                __sread
 .text.__swrite
                0x00009180       0x40 c:/nxp/mcuxpressoide_11.3.1_5262/ide/plugins/com.nxp.mcuxpresso.tools.win32_11.3.0.202008311133/tools/bin/../lib/gcc/arm-none-eabi/9.3.1/../../../../arm-none-eabi/lib/thumb/v7-m/nofp\libc.a(lib_a-stdio.o)
                0x00009180                __swrite
 .text.__sseek  0x000091c0       0x20 c:/nxp/mcuxpressoide_11.3.1_5262/ide/plugins/com.nxp.mcuxpresso.tools.win32_11.3.0.202008311133/tools/bin/../lib/gcc/arm-none-eabi/9.3.1/../../../../arm-none-eabi/lib/thumb/v7-m/nofp\libc.a(lib_a-stdio.o)
                0x000091c0                __sseek
 .text.__sclose
                0x000091e0        0x8 c:/nxp/mcuxpressoide_11.3.1_5262/ide/plugins/com.nxp.mcuxpresso.tools.win32_11.3.0.202008311133/tools/bin/../lib/gcc/arm-none-eabi/9.3.1/../../../../arm-none-eabi/lib/thumb/v7-m/nofp\libc.a(lib_a-stdio.o)
                0x000091e0                __sclose
 .text.__swbuf_r
                0x000091e8       0xb0 c:/nxp/mcuxpressoide_11.3.1_5262/ide/plugins/com.nxp.mcuxpresso.tools.win32_11.3.0.202008311133/tools/bin/../lib/gcc/arm-none-eabi/9.3.1/../../../../arm-none-eabi/lib/thumb/v7-m/nofp\libc.a(lib_a-wbuf.o)
                0x000091e8                __swbuf_r
 .text._wcrtomb_r
                0x00009298       0x3c c:/nxp/mcuxpressoide_11.3.1_5262/ide/plugins/com.nxp.mcuxpresso.tools.win32_11.3.0.202008311133/tools/bin/../lib/gcc/arm-none-eabi/9.3.1/../../../../arm-none-eabi/lib/thumb/v7-m/nofp\libc.a(lib_a-wcrtomb.o)
                0x00009298                _wcrtomb_r
 .text._write_r
                0x000092d4       0x2c c:/nxp/mcuxpressoide_11.3.1_5262/ide/plugins/com.nxp.mcuxpresso.tools.win32_11.3.0.202008311133/tools/bin/../lib/gcc/arm-none-eabi/9.3.1/../../../../arm-none-eabi/lib/thumb/v7-m/nofp\libc.a(lib_a-writer.o)
                0x000092d4                _write_r
 .text._close_r
                0x00009300       0x24 c:/nxp/mcuxpressoide_11.3.1_5262/ide/plugins/com.nxp.mcuxpresso.tools.win32_11.3.0.202008311133/tools/bin/../lib/gcc/arm-none-eabi/9.3.1/../../../../arm-none-eabi/lib/thumb/v7-m/nofp\libc.a(lib_a-closer.o)
                0x00009300                _close_r
 .text._fclose_r
                0x00009324       0xcc c:/nxp/mcuxpressoide_11.3.1_5262/ide/plugins/com.nxp.mcuxpresso.tools.win32_11.3.0.202008311133/tools/bin/../lib/gcc/arm-none-eabi/9.3.1/../../../../arm-none-eabi/lib/thumb/v7-m/nofp\libc.a(lib_a-fclose.o)
                0x00009324                _fclose_r
 .text._fstat_r
                0x000093f0       0x2c c:/nxp/mcuxpressoide_11.3.1_5262/ide/plugins/com.nxp.mcuxpresso.tools.win32_11.3.0.202008311133/tools/bin/../lib/gcc/arm-none-eabi/9.3.1/../../../../arm-none-eabi/lib/thumb/v7-m/nofp\libc.a(lib_a-fstatr.o)
                0x000093f0                _fstat_r
 .text._isatty_r
                0x0000941c       0x24 c:/nxp/mcuxpressoide_11.3.1_5262/ide/plugins/com.nxp.mcuxpresso.tools.win32_11.3.0.202008311133/tools/bin/../lib/gcc/arm-none-eabi/9.3.1/../../../../arm-none-eabi/lib/thumb/v7-m/nofp\libc.a(lib_a-isattyr.o)
                0x0000941c                _isatty_r
 .text._lseek_r
                0x00009440       0x2c c:/nxp/mcuxpressoide_11.3.1_5262/ide/plugins/com.nxp.mcuxpresso.tools.win32_11.3.0.202008311133/tools/bin/../lib/gcc/arm-none-eabi/9.3.1/../../../../arm-none-eabi/lib/thumb/v7-m/nofp\libc.a(lib_a-lseekr.o)
                0x00009440                _lseek_r
 .text._read_r  0x0000946c       0x2c c:/nxp/mcuxpressoide_11.3.1_5262/ide/plugins/com.nxp.mcuxpresso.tools.win32_11.3.0.202008311133/tools/bin/../lib/gcc/arm-none-eabi/9.3.1/../../../../arm-none-eabi/lib/thumb/v7-m/nofp\libc.a(lib_a-readr.o)
                0x0000946c                _read_r
 .text._sbrk    0x00009498       0x3c c:/nxp/mcuxpressoide_11.3.1_5262/ide/plugins/com.nxp.mcuxpresso.tools.win32_11.3.0.202008311133/tools/bin/../lib/gcc/arm-none-eabi/9.3.1/../../../../arm-none-eabi/lib/thumb/v7-m/nofp\libcr_newlib_semihost.a(_cr_sbrk.o)
                0x00009498                _sbrk
 .text._exit    0x000094d4        0x8 c:/nxp/mcuxpressoide_11.3.1_5262/ide/plugins/com.nxp.mcuxpresso.tools.win32_11.3.0.202008311133/tools/bin/../lib/gcc/arm-none-eabi/9.3.1/../../../../arm-none-eabi/lib/thumb/v7-m/nofp\libcr_newlib_semihost.a(_exit.o)
                0x000094d4                _exit
 .text._kill    0x000094dc       0x20 c:/nxp/mcuxpressoide_11.3.1_5262/ide/plugins/com.nxp.mcuxpresso.tools.win32_11.3.0.202008311133/tools/bin/../lib/gcc/arm-none-eabi/9.3.1/../../../../arm-none-eabi/lib/thumb/v7-m/nofp\libcr_newlib_semihost.a(_kill.o)
                0x000094dc                _kill
 .text.error    0x000094fc       0x1c c:/nxp/mcuxpressoide_11.3.1_5262/ide/plugins/com.nxp.mcuxpresso.tools.win32_11.3.0.202008311133/tools/bin/../lib/gcc/arm-none-eabi/9.3.1/../../../../arm-none-eabi/lib/thumb/v7-m/nofp\libcr_newlib_semihost.a(syscalls.o)
 .text.initialise_monitor_handles
                0x00009518       0xac c:/nxp/mcuxpressoide_11.3.1_5262/ide/plugins/com.nxp.mcuxpresso.tools.win32_11.3.0.202008311133/tools/bin/../lib/gcc/arm-none-eabi/9.3.1/../../../../arm-none-eabi/lib/thumb/v7-m/nofp\libcr_newlib_semihost.a(syscalls.o)
 .text.findslot
                0x000095c4       0x24 c:/nxp/mcuxpressoide_11.3.1_5262/ide/plugins/com.nxp.mcuxpresso.tools.win32_11.3.0.202008311133/tools/bin/../lib/gcc/arm-none-eabi/9.3.1/../../../../arm-none-eabi/lib/thumb/v7-m/nofp\libcr_newlib_semihost.a(syscalls.o)
 .text.checkerror
                0x000095e8       0x20 c:/nxp/mcuxpressoide_11.3.1_5262/ide/plugins/com.nxp.mcuxpresso.tools.win32_11.3.0.202008311133/tools/bin/../lib/gcc/arm-none-eabi/9.3.1/../../../../arm-none-eabi/lib/thumb/v7-m/nofp\libcr_newlib_semihost.a(syscalls.o)
 .text._swiread
                0x00009608       0x20 c:/nxp/mcuxpressoide_11.3.1_5262/ide/plugins/com.nxp.mcuxpresso.tools.win32_11.3.0.202008311133/tools/bin/../lib/gcc/arm-none-eabi/9.3.1/../../../../arm-none-eabi/lib/thumb/v7-m/nofp\libcr_newlib_semihost.a(syscalls.o)
                0x00009608                _swiread
 .text._read    0x00009628       0x34 c:/nxp/mcuxpressoide_11.3.1_5262/ide/plugins/com.nxp.mcuxpresso.tools.win32_11.3.0.202008311133/tools/bin/../lib/gcc/arm-none-eabi/9.3.1/../../../../arm-none-eabi/lib/thumb/v7-m/nofp\libcr_newlib_semihost.a(syscalls.o)
                0x00009628                _read
 .text._swilseek
                0x0000965c       0x78 c:/nxp/mcuxpressoide_11.3.1_5262/ide/plugins/com.nxp.mcuxpresso.tools.win32_11.3.0.202008311133/tools/bin/../lib/gcc/arm-none-eabi/9.3.1/../../../../arm-none-eabi/lib/thumb/v7-m/nofp\libcr_newlib_semihost.a(syscalls.o)
                0x0000965c                _swilseek
 .text._lseek   0x000096d4        0x4 c:/nxp/mcuxpressoide_11.3.1_5262/ide/plugins/com.nxp.mcuxpresso.tools.win32_11.3.0.202008311133/tools/bin/../lib/gcc/arm-none-eabi/9.3.1/../../../../arm-none-eabi/lib/thumb/v7-m/nofp\libcr_newlib_semihost.a(syscalls.o)
                0x000096d4                _lseek
 .text._swiwrite
                0x000096d8       0x20 c:/nxp/mcuxpressoide_11.3.1_5262/ide/plugins/com.nxp.mcuxpresso.tools.win32_11.3.0.202008311133/tools/bin/../lib/gcc/arm-none-eabi/9.3.1/../../../../arm-none-eabi/lib/thumb/v7-m/nofp\libcr_newlib_semihost.a(syscalls.o)
                0x000096d8                _swiwrite
 .text._write   0x000096f8       0x40 c:/nxp/mcuxpressoide_11.3.1_5262/ide/plugins/com.nxp.mcuxpresso.tools.win32_11.3.0.202008311133/tools/bin/../lib/gcc/arm-none-eabi/9.3.1/../../../../arm-none-eabi/lib/thumb/v7-m/nofp\libcr_newlib_semihost.a(syscalls.o)
                0x000096f8                _write
 .text._swiclose
                0x00009738       0x1a c:/nxp/mcuxpressoide_11.3.1_5262/ide/plugins/com.nxp.mcuxpresso.tools.win32_11.3.0.202008311133/tools/bin/../lib/gcc/arm-none-eabi/9.3.1/../../../../arm-none-eabi/lib/thumb/v7-m/nofp\libcr_newlib_semihost.a(syscalls.o)
                0x00009738                _swiclose
 *fill*         0x00009752        0x2 ff
 .text._close   0x00009754       0x4c c:/nxp/mcuxpressoide_11.3.1_5262/ide/plugins/com.nxp.mcuxpresso.tools.win32_11.3.0.202008311133/tools/bin/../lib/gcc/arm-none-eabi/9.3.1/../../../../arm-none-eabi/lib/thumb/v7-m/nofp\libcr_newlib_semihost.a(syscalls.o)
                0x00009754                _close
 .text._getpid  0x000097a0        0x4 c:/nxp/mcuxpressoide_11.3.1_5262/ide/plugins/com.nxp.mcuxpresso.tools.win32_11.3.0.202008311133/tools/bin/../lib/gcc/arm-none-eabi/9.3.1/../../../../arm-none-eabi/lib/thumb/v7-m/nofp\libcr_newlib_semihost.a(syscalls.o)
                0x000097a0                _getpid
 .text._swistat
                0x000097a4       0x42 c:/nxp/mcuxpressoide_11.3.1_5262/ide/plugins/com.nxp.mcuxpresso.tools.win32_11.3.0.202008311133/tools/bin/../lib/gcc/arm-none-eabi/9.3.1/../../../../arm-none-eabi/lib/thumb/v7-m/nofp\libcr_newlib_semihost.a(syscalls.o)
                0x000097a4                _swistat
 .text._fstat   0x000097e6       0x1c c:/nxp/mcuxpressoide_11.3.1_5262/ide/plugins/com.nxp.mcuxpresso.tools.win32_11.3.0.202008311133/tools/bin/../lib/gcc/arm-none-eabi/9.3.1/../../../../arm-none-eabi/lib/thumb/v7-m/nofp\libcr_newlib_semihost.a(syscalls.o)
                0x000097e6                _fstat
 .text._isatty  0x00009802       0x2a c:/nxp/mcuxpressoide_11.3.1_5262/ide/plugins/com.nxp.mcuxpresso.tools.win32_11.3.0.202008311133/tools/bin/../lib/gcc/arm-none-eabi/9.3.1/../../../../arm-none-eabi/lib/thumb/v7-m/nofp\libcr_newlib_semihost.a(syscalls.o)
                0x00009802                _isatty
 .text.__check_heap_overflow
                0x0000982c       0x14 c:/nxp/mcuxpressoide_11.3.1_5262/ide/plugins/com.nxp.mcuxpresso.tools.win32_11.3.0.202008311133/tools/bin/../lib/gcc/arm-none-eabi/9.3.1/../../../../arm-none-eabi/lib/thumb/v7-m/nofp\libcr_newlib_semihost.a(_cr_check_heap.o)
                0x0000982c                __check_heap_overflow
 .text          0x00009840      0x110 c:/nxp/mcuxpressoide_11.3.1_5262/ide/plugins/com.nxp.mcuxpresso.tools.win32_11.3.0.202008311133/tools/bin/../lib/gcc/arm-none-eabi/9.3.1/thumb/v7-m/nofp\libgcc.a(_arm_cmpdf2.o)
                0x00009840                __gtdf2
                0x00009840                __gedf2
                0x00009848                __ltdf2
                0x00009848                __ledf2
                0x00009850                __nedf2
                0x00009850                __eqdf2
                0x00009850                __cmpdf2
                0x000098cc                __aeabi_cdrcmple
                0x000098dc                __aeabi_cdcmpeq
                0x000098dc                __aeabi_cdcmple
                0x000098ec                __aeabi_dcmpeq
                0x00009900                __aeabi_dcmplt
                0x00009914                __aeabi_dcmple
                0x00009928                __aeabi_dcmpge
                0x0000993c                __aeabi_dcmpgt
 .text          0x00009950       0x2c c:/nxp/mcuxpressoide_11.3.1_5262/ide/plugins/com.nxp.mcuxpresso.tools.win32_11.3.0.202008311133/tools/bin/../lib/gcc/arm-none-eabi/9.3.1/thumb/v7-m/nofp\libgcc.a(_arm_unorddf2.o)
                0x00009950                __unorddf2
                0x00009950                __aeabi_dcmpun
 .text          0x0000997c       0x50 c:/nxp/mcuxpressoide_11.3.1_5262/ide/plugins/com.nxp.mcuxpresso.tools.win32_11.3.0.202008311133/tools/bin/../lib/gcc/arm-none-eabi/9.3.1/thumb/v7-m/nofp\libgcc.a(_arm_fixdfsi.o)
                0x0000997c                __aeabi_d2iz
                0x0000997c                __fixdfsi
 .text.__errno  0x000099cc        0xc c:/nxp/mcuxpressoide_11.3.1_5262/ide/plugins/com.nxp.mcuxpresso.tools.win32_11.3.0.202008311133/tools/bin/../lib/gcc/arm-none-eabi/9.3.1/../../../../arm-none-eabi/lib/thumb/v7-m/nofp\libc.a(lib_a-errno.o)
                0x000099cc                __errno
 *(.rodata .rodata.* .constdata .constdata.*)
 .rodata.str1.4
                0x000099d8       0x20 ./src/main.o
 .rodata        0x000099f8        0x8 C:\Users\student\Wbudy\C03_AirConditioner\Lib_EaBaseBoard\Debug\libLib_EaBaseBoard.a(oled.o)
 .rodata        0x00009a00      0x300 C:\Users\student\Wbudy\C03_AirConditioner\Lib_EaBaseBoard\Debug\libLib_EaBaseBoard.a(font5x7.o)
                0x00009a00                font5x7
 .rodata.str1.4
                0x00009d00        0xf C:\Users\student\Wbudy\C03_AirConditioner\Lib_MCU\Debug\libLib_MCU.a(lpc17xx_adc.o)
 *fill*         0x00009d0f        0x1 ff
 .rodata.str1.4
                0x00009d10        0xf C:\Users\student\Wbudy\C03_AirConditioner\Lib_MCU\Debug\libLib_MCU.a(lpc17xx_i2c.o)
 *fill*         0x00009d1f        0x1 ff
 .rodata.str1.4
                0x00009d20        0xf C:\Users\student\Wbudy\C03_AirConditioner\Lib_MCU\Debug\libLib_MCU.a(lpc17xx_ssp.o)
 *fill*         0x00009d2f        0x1 ff
 .rodata.str1.4
                0x00009d30       0x11 C:\Users\student\Wbudy\C03_AirConditioner\Lib_MCU\Debug\libLib_MCU.a(lpc17xx_timer.o)
 *fill*         0x00009d41        0x3 ff
 .rodata._svfprintf_r.str1.4
                0x00009d44       0x42 c:/nxp/mcuxpressoide_11.3.1_5262/ide/plugins/com.nxp.mcuxpresso.tools.win32_11.3.0.202008311133/tools/bin/../lib/gcc/arm-none-eabi/9.3.1/../../../../arm-none-eabi/lib/thumb/v7-m/nofp\libc.a(lib_a-svfprintf.o)
 *fill*         0x00009d86        0x2 ff
 .rodata.blanks.7335
                0x00009d88       0x10 c:/nxp/mcuxpressoide_11.3.1_5262/ide/plugins/com.nxp.mcuxpresso.tools.win32_11.3.0.202008311133/tools/bin/../lib/gcc/arm-none-eabi/9.3.1/../../../../arm-none-eabi/lib/thumb/v7-m/nofp\libc.a(lib_a-svfprintf.o)
 .rodata.zeroes.7336
                0x00009d98       0x10 c:/nxp/mcuxpressoide_11.3.1_5262/ide/plugins/com.nxp.mcuxpresso.tools.win32_11.3.0.202008311133/tools/bin/../lib/gcc/arm-none-eabi/9.3.1/../../../../arm-none-eabi/lib/thumb/v7-m/nofp\libc.a(lib_a-svfprintf.o)
 .rodata._dtoa_r.str1.4
                0x00009da8       0xa0 c:/nxp/mcuxpressoide_11.3.1_5262/ide/plugins/com.nxp.mcuxpresso.tools.win32_11.3.0.202008311133/tools/bin/../lib/gcc/arm-none-eabi/9.3.1/../../../../arm-none-eabi/lib/thumb/v7-m/nofp\libc.a(lib_a-dtoa.o)
                                 0xa4 (size before relaxing)
 .rodata.__multadd.str1.4
                0x00009e48       0x7d c:/nxp/mcuxpressoide_11.3.1_5262/ide/plugins/com.nxp.mcuxpresso.tools.win32_11.3.0.202008311133/tools/bin/../lib/gcc/arm-none-eabi/9.3.1/../../../../arm-none-eabi/lib/thumb/v7-m/nofp\libc.a(lib_a-mprec.o)
                                 0x91 (size before relaxing)
 *fill*         0x00009ec5        0x3 ff
 .rodata.__mprec_bigtens
                0x00009ec8       0x28 c:/nxp/mcuxpressoide_11.3.1_5262/ide/plugins/com.nxp.mcuxpresso.tools.win32_11.3.0.202008311133/tools/bin/../lib/gcc/arm-none-eabi/9.3.1/../../../../arm-none-eabi/lib/thumb/v7-m/nofp\libc.a(lib_a-mprec.o)
                0x00009ec8                __mprec_bigtens
 .rodata.__mprec_tens
                0x00009ef0       0xc8 c:/nxp/mcuxpressoide_11.3.1_5262/ide/plugins/com.nxp.mcuxpresso.tools.win32_11.3.0.202008311133/tools/bin/../lib/gcc/arm-none-eabi/9.3.1/../../../../arm-none-eabi/lib/thumb/v7-m/nofp\libc.a(lib_a-mprec.o)
                0x00009ef0                __mprec_tens
 .rodata.p05.6122
                0x00009fb8        0xc c:/nxp/mcuxpressoide_11.3.1_5262/ide/plugins/com.nxp.mcuxpresso.tools.win32_11.3.0.202008311133/tools/bin/../lib/gcc/arm-none-eabi/9.3.1/../../../../arm-none-eabi/lib/thumb/v7-m/nofp\libc.a(lib_a-mprec.o)
 .rodata.__assert_func.str1.4
                0x00009fc4       0x3f c:/nxp/mcuxpressoide_11.3.1_5262/ide/plugins/com.nxp.mcuxpresso.tools.win32_11.3.0.202008311133/tools/bin/../lib/gcc/arm-none-eabi/9.3.1/../../../../arm-none-eabi/lib/thumb/v7-m/nofp\libc.a(lib_a-assert.o)
                                 0x43 (size before relaxing)
 *fill*         0x0000a003        0x1 ff
 .rodata._setlocale_r.str1.4
                0x0000a004        0xa c:/nxp/mcuxpressoide_11.3.1_5262/ide/plugins/com.nxp.mcuxpresso.tools.win32_11.3.0.202008311133/tools/bin/../lib/gcc/arm-none-eabi/9.3.1/../../../../arm-none-eabi/lib/thumb/v7-m/nofp\libc.a(lib_a-locale.o)
                                  0xd (size before relaxing)
 *fill*         0x0000a00e        0x2 ff
 .rodata.str1.4
                0x0000a010        0x2 c:/nxp/mcuxpressoide_11.3.1_5262/ide/plugins/com.nxp.mcuxpresso.tools.win32_11.3.0.202008311133/tools/bin/../lib/gcc/arm-none-eabi/9.3.1/../../../../arm-none-eabi/lib/thumb/v7-m/nofp\libc.a(lib_a-locale.o)
 .rodata._vfiprintf_r.str1.4
                0x0000a012       0x2f c:/nxp/mcuxpressoide_11.3.1_5262/ide/plugins/com.nxp.mcuxpresso.tools.win32_11.3.0.202008311133/tools/bin/../lib/gcc/arm-none-eabi/9.3.1/../../../../arm-none-eabi/lib/thumb/v7-m/nofp\libc.a(lib_a-vfiprintf.o)
 *fill*         0x0000a012        0x2 ff
 .rodata.blanks.7328
                0x0000a014       0x10 c:/nxp/mcuxpressoide_11.3.1_5262/ide/plugins/com.nxp.mcuxpresso.tools.win32_11.3.0.202008311133/tools/bin/../lib/gcc/arm-none-eabi/9.3.1/../../../../arm-none-eabi/lib/thumb/v7-m/nofp\libc.a(lib_a-vfiprintf.o)
 .rodata.zeroes.7329
                0x0000a024       0x10 c:/nxp/mcuxpressoide_11.3.1_5262/ide/plugins/com.nxp.mcuxpresso.tools.win32_11.3.0.202008311133/tools/bin/../lib/gcc/arm-none-eabi/9.3.1/../../../../arm-none-eabi/lib/thumb/v7-m/nofp\libc.a(lib_a-vfiprintf.o)
 .rodata._ctype_
                0x0000a034      0x101 c:/nxp/mcuxpressoide_11.3.1_5262/ide/plugins/com.nxp.mcuxpresso.tools.win32_11.3.0.202008311133/tools/bin/../lib/gcc/arm-none-eabi/9.3.1/../../../../arm-none-eabi/lib/thumb/v7-m/nofp\libc.a(lib_a-ctype_.o)
                0x0000a034                _ctype_
 .rodata.initialise_monitor_handles.str1.1
                0x0000a135        0x4 c:/nxp/mcuxpressoide_11.3.1_5262/ide/plugins/com.nxp.mcuxpresso.tools.win32_11.3.0.202008311133/tools/bin/../lib/gcc/arm-none-eabi/9.3.1/../../../../arm-none-eabi/lib/thumb/v7-m/nofp\libcr_newlib_semihost.a(syscalls.o)
                0x0000a13c                . = ALIGN (0x4)
 *fill*         0x0000a139        0x3 ff

.glue_7         0x0000a13c        0x0
 .glue_7        0x0000a13c        0x0 linker stubs

.glue_7t        0x0000a13c        0x0
 .glue_7t       0x0000a13c        0x0 linker stubs

.vfp11_veneer   0x0000a13c        0x0
 .vfp11_veneer  0x0000a13c        0x0 linker stubs

.v4_bx          0x0000a13c        0x0
 .v4_bx         0x0000a13c        0x0 linker stubs

.iplt           0x0000a13c        0x0
 .iplt          0x0000a13c        0x0 ./src/cr_startup_lpc17.o

.ARM.extab
 *(.ARM.extab* .gnu.linkonce.armextab.*)

.ARM.exidx      0x0000a13c        0x8
                0x0000a13c                __exidx_start = .
 *(.ARM.exidx* .gnu.linkonce.armexidx.*)
 .ARM.exidx     0x0000a13c        0x8 c:/nxp/mcuxpressoide_11.3.1_5262/ide/plugins/com.nxp.mcuxpresso.tools.win32_11.3.0.202008311133/tools/bin/../lib/gcc/arm-none-eabi/9.3.1/thumb/v7-m/nofp\libgcc.a(_udivmoddi4.o)
                0x0000a144                __exidx_end = .
                0x0000a144                _etext = .

.rel.dyn        0x0000a144        0x0
 .rel.iplt      0x0000a144        0x0 ./src/cr_startup_lpc17.o

.data_RAM2      0x2007c000        0x0 load address 0x0000a144
 FILL mask 0xff
                [!provide]                PROVIDE (__start_data_RAM2 = .)
                [!provide]                PROVIDE (__start_data_RamAHB32 = .)
 *(.ramfunc.$RAM2)
 *(.ramfunc.$RamAHB32)
 *(.data.$RAM2)
 *(.data.$RamAHB32)
 *(.data.$RAM2.*)
 *(.data.$RamAHB32.*)
                0x2007c000                . = ALIGN (0x4)
                [!provide]                PROVIDE (__end_data_RAM2 = .)
                [!provide]                PROVIDE (__end_data_RamAHB32 = .)

.uninit_RESERVED
                0x10000000        0x0
                0x10000000                _start_uninit_RESERVED = .
 *(.bss.$RESERVED*)
                0x10000000                . = ALIGN (0x4)
                0x10000000                _end_uninit_RESERVED = .

.data           0x10000000      0x9b4 load address 0x0000a144
 FILL mask 0xff
                0x10000000                _data = .
                [!provide]                PROVIDE (__start_data_RAM = .)
                [!provide]                PROVIDE (__start_data_RamLoc32 = .)
 *(vtable)
 *(.ramfunc*)
 *(CodeQuickAccess)
 *(DataQuickAccess)
 *(RamFunction)
 *(.data*)
 .data          0x10000000        0x4 C:\Users\student\Wbudy\C03_AirConditioner\Lib_CMSISv1p30_LPC17xx\Debug\libCMSISv1p30_LPC17xx.a(system_LPC17xx.o)
                0x10000000                SystemCoreClock
 .data          0x10000004        0x8 C:\Users\student\Wbudy\C03_AirConditioner\Lib_EaBaseBoard\Debug\libLib_EaBaseBoard.a(light.o)
 .data._impure_ptr
                0x1000000c        0x4 c:/nxp/mcuxpressoide_11.3.1_5262/ide/plugins/com.nxp.mcuxpresso.tools.win32_11.3.0.202008311133/tools/bin/../lib/gcc/arm-none-eabi/9.3.1/../../../../arm-none-eabi/lib/thumb/v7-m/nofp\libc.a(lib_a-impure.o)
                0x1000000c                _impure_ptr
 .data.impure_data
                0x10000010      0x428 c:/nxp/mcuxpressoide_11.3.1_5262/ide/plugins/com.nxp.mcuxpresso.tools.win32_11.3.0.202008311133/tools/bin/../lib/gcc/arm-none-eabi/9.3.1/../../../../arm-none-eabi/lib/thumb/v7-m/nofp\libc.a(lib_a-impure.o)
 .data.__malloc_av_
                0x10000438      0x408 c:/nxp/mcuxpressoide_11.3.1_5262/ide/plugins/com.nxp.mcuxpresso.tools.win32_11.3.0.202008311133/tools/bin/../lib/gcc/arm-none-eabi/9.3.1/../../../../arm-none-eabi/lib/thumb/v7-m/nofp\libc.a(lib_a-mallocr.o)
                0x10000438                __malloc_av_
 .data.__malloc_sbrk_base
                0x10000840        0x4 c:/nxp/mcuxpressoide_11.3.1_5262/ide/plugins/com.nxp.mcuxpresso.tools.win32_11.3.0.202008311133/tools/bin/../lib/gcc/arm-none-eabi/9.3.1/../../../../arm-none-eabi/lib/thumb/v7-m/nofp\libc.a(lib_a-mallocr.o)
                0x10000840                __malloc_sbrk_base
 .data.__malloc_trim_threshold
                0x10000844        0x4 c:/nxp/mcuxpressoide_11.3.1_5262/ide/plugins/com.nxp.mcuxpresso.tools.win32_11.3.0.202008311133/tools/bin/../lib/gcc/arm-none-eabi/9.3.1/../../../../arm-none-eabi/lib/thumb/v7-m/nofp\libc.a(lib_a-mallocr.o)
                0x10000844                __malloc_trim_threshold
 .data.__global_locale
                0x10000848      0x16c c:/nxp/mcuxpressoide_11.3.1_5262/ide/plugins/com.nxp.mcuxpresso.tools.win32_11.3.0.202008311133/tools/bin/../lib/gcc/arm-none-eabi/9.3.1/../../../../arm-none-eabi/lib/thumb/v7-m/nofp\libc.a(lib_a-locale.o)
                0x10000848                __global_locale
                0x100009b4                . = ALIGN (0x4)
                0x100009b4                _edata = .
                [!provide]                PROVIDE (__end_data_RAM = .)
                [!provide]                PROVIDE (__end_data_RamLoc32 = .)

.igot.plt       0x100009b4        0x0 load address 0x0000aaf8
 .igot.plt      0x100009b4        0x0 ./src/cr_startup_lpc17.o

.bss_RAM2       0x2007c000        0x0
                [!provide]                PROVIDE (__start_bss_RAM2 = .)
                [!provide]                PROVIDE (__start_bss_RamAHB32 = .)
 *(.bss.$RAM2)
 *(.bss.$RamAHB32)
 *(.bss.$RAM2.*)
 *(.bss.$RamAHB32.*)
                0x2007c000                . = ALIGN ((. != 0x0)?0x4:0x1)
                [!provide]                PROVIDE (__end_bss_RAM2 = .)
                [!provide]                PROVIDE (__end_bss_RamAHB32 = .)

.bss            0x100009b4      0x3e0
                0x100009b4                _bss = .
                [!provide]                PROVIDE (__start_bss_RAM = .)
                [!provide]                PROVIDE (__start_bss_RamLoc32 = .)
 *(.bss*)
 .bss           0x100009b4        0xe ./src/main.o
 *fill*         0x100009c2        0x2 
 .bss           0x100009c4      0x300 C:\Users\student\Wbudy\C03_AirConditioner\Lib_EaBaseBoard\Debug\libLib_EaBaseBoard.a(oled.o)
 .bss           0x10000cc4        0x4 C:\Users\student\Wbudy\C03_AirConditioner\Lib_EaBaseBoard\Debug\libLib_EaBaseBoard.a(temp.o)
 .bss           0x10000cc8       0x34 C:\Users\student\Wbudy\C03_AirConditioner\Lib_MCU\Debug\libLib_MCU.a(lpc17xx_i2c.o)
 .bss.__malloc_current_mallinfo
                0x10000cfc       0x28 c:/nxp/mcuxpressoide_11.3.1_5262/ide/plugins/com.nxp.mcuxpresso.tools.win32_11.3.0.202008311133/tools/bin/../lib/gcc/arm-none-eabi/9.3.1/../../../../arm-none-eabi/lib/thumb/v7-m/nofp\libc.a(lib_a-mallocr.o)
                0x10000cfc                __malloc_current_mallinfo
 .bss.__malloc_max_sbrked_mem
                0x10000d24        0x4 c:/nxp/mcuxpressoide_11.3.1_5262/ide/plugins/com.nxp.mcuxpresso.tools.win32_11.3.0.202008311133/tools/bin/../lib/gcc/arm-none-eabi/9.3.1/../../../../arm-none-eabi/lib/thumb/v7-m/nofp\libc.a(lib_a-mallocr.o)
                0x10000d24                __malloc_max_sbrked_mem
 .bss.__malloc_max_total_mem
                0x10000d28        0x4 c:/nxp/mcuxpressoide_11.3.1_5262/ide/plugins/com.nxp.mcuxpresso.tools.win32_11.3.0.202008311133/tools/bin/../lib/gcc/arm-none-eabi/9.3.1/../../../../arm-none-eabi/lib/thumb/v7-m/nofp\libc.a(lib_a-mallocr.o)
                0x10000d28                __malloc_max_total_mem
 .bss.__malloc_top_pad
                0x10000d2c        0x4 c:/nxp/mcuxpressoide_11.3.1_5262/ide/plugins/com.nxp.mcuxpresso.tools.win32_11.3.0.202008311133/tools/bin/../lib/gcc/arm-none-eabi/9.3.1/../../../../arm-none-eabi/lib/thumb/v7-m/nofp\libc.a(lib_a-mallocr.o)
                0x10000d2c                __malloc_top_pad
 .bss.__end_of_heap
                0x10000d30        0x4 c:/nxp/mcuxpressoide_11.3.1_5262/ide/plugins/com.nxp.mcuxpresso.tools.win32_11.3.0.202008311133/tools/bin/../lib/gcc/arm-none-eabi/9.3.1/../../../../arm-none-eabi/lib/thumb/v7-m/nofp\libcr_newlib_semihost.a(_cr_sbrk.o)
                0x10000d30                __end_of_heap
 .bss.initialized.5713
                0x10000d34        0x4 c:/nxp/mcuxpressoide_11.3.1_5262/ide/plugins/com.nxp.mcuxpresso.tools.win32_11.3.0.202008311133/tools/bin/../lib/gcc/arm-none-eabi/9.3.1/../../../../arm-none-eabi/lib/thumb/v7-m/nofp\libcr_newlib_semihost.a(syscalls.o)
 .bss.monitor_stderr
                0x10000d38        0x4 c:/nxp/mcuxpressoide_11.3.1_5262/ide/plugins/com.nxp.mcuxpresso.tools.win32_11.3.0.202008311133/tools/bin/../lib/gcc/arm-none-eabi/9.3.1/../../../../arm-none-eabi/lib/thumb/v7-m/nofp\libcr_newlib_semihost.a(syscalls.o)
 .bss.monitor_stdin
                0x10000d3c        0x4 c:/nxp/mcuxpressoide_11.3.1_5262/ide/plugins/com.nxp.mcuxpresso.tools.win32_11.3.0.202008311133/tools/bin/../lib/gcc/arm-none-eabi/9.3.1/../../../../arm-none-eabi/lib/thumb/v7-m/nofp\libcr_newlib_semihost.a(syscalls.o)
 .bss.monitor_stdout
                0x10000d40        0x4 c:/nxp/mcuxpressoide_11.3.1_5262/ide/plugins/com.nxp.mcuxpresso.tools.win32_11.3.0.202008311133/tools/bin/../lib/gcc/arm-none-eabi/9.3.1/../../../../arm-none-eabi/lib/thumb/v7-m/nofp\libcr_newlib_semihost.a(syscalls.o)
 .bss.openfiles
                0x10000d44       0x28 c:/nxp/mcuxpressoide_11.3.1_5262/ide/plugins/com.nxp.mcuxpresso.tools.win32_11.3.0.202008311133/tools/bin/../lib/gcc/arm-none-eabi/9.3.1/../../../../arm-none-eabi/lib/thumb/v7-m/nofp\libcr_newlib_semihost.a(syscalls.o)
 *(COMMON)
 COMMON         0x10000d6c       0x21 c:/nxp/mcuxpressoide_11.3.1_5262/ide/plugins/com.nxp.mcuxpresso.tools.win32_11.3.0.202008311133/tools/bin/../lib/gcc/arm-none-eabi/9.3.1/../../../../arm-none-eabi/lib/thumb/v7-m/nofp\libc.a(lib_a-lock.o)
                0x10000d6c                __lock___atexit_recursive_mutex
                0x10000d70                __lock___arc4random_mutex
                0x10000d74                __lock___env_recursive_mutex
                0x10000d78                __lock___sinit_recursive_mutex
                0x10000d7c                __lock___malloc_recursive_mutex
                0x10000d80                __lock___at_quick_exit_mutex
                0x10000d84                __lock___dd_hash_mutex
                0x10000d88                __lock___tz_mutex
                0x10000d8c                __lock___sfp_recursive_mutex
 *fill*         0x10000d8d        0x3 
 COMMON         0x10000d90        0x4 c:/nxp/mcuxpressoide_11.3.1_5262/ide/plugins/com.nxp.mcuxpresso.tools.win32_11.3.0.202008311133/tools/bin/../lib/gcc/arm-none-eabi/9.3.1/../../../../arm-none-eabi/lib/thumb/v7-m/nofp\libc.a(lib_a-reent.o)
                0x10000d90                errno
                0x10000d94                . = ALIGN (0x4)
                0x10000d94                _ebss = .
                [!provide]                PROVIDE (__end_bss_RAM = .)
                [!provide]                PROVIDE (__end_bss_RamLoc32 = .)
                [!provide]                PROVIDE (end = .)

.noinit_RAM2    0x2007c000        0x0
                [!provide]                PROVIDE (__start_noinit_RAM2 = .)
                [!provide]                PROVIDE (__start_noinit_RamAHB32 = .)
 *(.noinit.$RAM2)
 *(.noinit.$RamAHB32)
 *(.noinit.$RAM2.*)
 *(.noinit.$RamAHB32.*)
                0x2007c000                . = ALIGN (0x4)
                [!provide]                PROVIDE (__end_noinit_RAM2 = .)
                [!provide]                PROVIDE (__end_noinit_RamAHB32 = .)

.noinit         0x10000d94        0x0
                0x10000d94                _noinit = .
                [!provide]                PROVIDE (__start_noinit_RAM = .)
                [!provide]                PROVIDE (__start_noinit_RamLoc32 = .)
 *(.noinit*)
                0x10000d94                . = ALIGN (0x4)
                0x10000d94                _end_noinit = .
                [!provide]                PROVIDE (__end_noinit_RAM = .)
                [!provide]                PROVIDE (__end_noinit_RamLoc32 = .)
                0x10000d94                PROVIDE (_pvHeapStart = DEFINED (__user_heap_base)?__user_heap_base:.)
                0x10008000                PROVIDE (_vStackTop = DEFINED (__user_stack_top)?__user_stack_top:(__top_RamLoc32 - 0x0))
                [!provide]                PROVIDE (__valid_user_code_checksum = (0x0 - ((((((_vStackTop + (ResetISR + 0x1)) + (NMI_Handler + 0x1)) + (HardFault_Handler + 0x1)) + (DEFINED (MemManage_Handler)?MemManage_Handler:0x0 + 0x1)) + (DEFINED (BusFault_Handler)?BusFault_Handler:0x0 + 0x1)) + (DEFINED (UsageFault_Handler)?UsageFault_Handler:0x0 + 0x1))))
                0x00000000                _image_start = LOADADDR (.text)
                0x0000aaf8                _image_end = (LOADADDR (.data) + SIZEOF (.data))
                0x0000aaf8                _image_size = (_image_end - _image_start)
OUTPUT(oled_periph.axf elf32-littlearm)
LOAD linker stubs

.debug_info     0x00000000     0x70bb
 .debug_info    0x00000000      0x1fe ./src/cr_startup_lpc17.o
 .debug_info    0x000001fe     0x1317 ./src/main.o
 .debug_info    0x00001515      0x345 C:\Users\student\Wbudy\C03_AirConditioner\Lib_CMSISv1p30_LPC17xx\Debug\libCMSISv1p30_LPC17xx.a(system_LPC17xx.o)
 .debug_info    0x0000185a      0x566 C:\Users\student\Wbudy\C03_AirConditioner\Lib_EaBaseBoard\Debug\libLib_EaBaseBoard.a(acc.o)
 .debug_info    0x00001dc0      0x795 C:\Users\student\Wbudy\C03_AirConditioner\Lib_EaBaseBoard\Debug\libLib_EaBaseBoard.a(light.o)
 .debug_info    0x00002555      0x9f7 C:\Users\student\Wbudy\C03_AirConditioner\Lib_EaBaseBoard\Debug\libLib_EaBaseBoard.a(oled.o)
 .debug_info    0x00002f4c      0x11d C:\Users\student\Wbudy\C03_AirConditioner\Lib_EaBaseBoard\Debug\libLib_EaBaseBoard.a(rgb.o)
 .debug_info    0x00003069      0x183 C:\Users\student\Wbudy\C03_AirConditioner\Lib_EaBaseBoard\Debug\libLib_EaBaseBoard.a(temp.o)
 .debug_info    0x000031ec       0x62 C:\Users\student\Wbudy\C03_AirConditioner\Lib_EaBaseBoard\Debug\libLib_EaBaseBoard.a(font5x7.o)
 .debug_info    0x0000324e      0x666 C:\Users\student\Wbudy\C03_AirConditioner\Lib_MCU\Debug\libLib_MCU.a(lpc17xx_adc.o)
 .debug_info    0x000038b4      0x62a C:\Users\student\Wbudy\C03_AirConditioner\Lib_MCU\Debug\libLib_MCU.a(lpc17xx_clkpwr.o)
 .debug_info    0x00003ede      0xe1a C:\Users\student\Wbudy\C03_AirConditioner\Lib_MCU\Debug\libLib_MCU.a(lpc17xx_gpio.o)
 .debug_info    0x00004cf8      0xdca C:\Users\student\Wbudy\C03_AirConditioner\Lib_MCU\Debug\libLib_MCU.a(lpc17xx_i2c.o)
 .debug_info    0x00005ac2      0x4cd C:\Users\student\Wbudy\C03_AirConditioner\Lib_MCU\Debug\libLib_MCU.a(lpc17xx_pinsel.o)
 .debug_info    0x00005f8f      0x7b5 C:\Users\student\Wbudy\C03_AirConditioner\Lib_MCU\Debug\libLib_MCU.a(lpc17xx_ssp.o)
 .debug_info    0x00006744      0x977 C:\Users\student\Wbudy\C03_AirConditioner\Lib_MCU\Debug\libLib_MCU.a(lpc17xx_timer.o)

.debug_abbrev   0x00000000     0x1c21
 .debug_abbrev  0x00000000       0xc8 ./src/cr_startup_lpc17.o
 .debug_abbrev  0x000000c8      0x2c8 ./src/main.o
 .debug_abbrev  0x00000390      0x11c C:\Users\student\Wbudy\C03_AirConditioner\Lib_CMSISv1p30_LPC17xx\Debug\libCMSISv1p30_LPC17xx.a(system_LPC17xx.o)
 .debug_abbrev  0x000004ac      0x1bf C:\Users\student\Wbudy\C03_AirConditioner\Lib_EaBaseBoard\Debug\libLib_EaBaseBoard.a(acc.o)
 .debug_abbrev  0x0000066b      0x230 C:\Users\student\Wbudy\C03_AirConditioner\Lib_EaBaseBoard\Debug\libLib_EaBaseBoard.a(light.o)
 .debug_abbrev  0x0000089b      0x258 C:\Users\student\Wbudy\C03_AirConditioner\Lib_EaBaseBoard\Debug\libLib_EaBaseBoard.a(oled.o)
 .debug_abbrev  0x00000af3       0xce C:\Users\student\Wbudy\C03_AirConditioner\Lib_EaBaseBoard\Debug\libLib_EaBaseBoard.a(rgb.o)
 .debug_abbrev  0x00000bc1       0xfb C:\Users\student\Wbudy\C03_AirConditioner\Lib_EaBaseBoard\Debug\libLib_EaBaseBoard.a(temp.o)
 .debug_abbrev  0x00000cbc       0x4a C:\Users\student\Wbudy\C03_AirConditioner\Lib_EaBaseBoard\Debug\libLib_EaBaseBoard.a(font5x7.o)
 .debug_abbrev  0x00000d06      0x1c7 C:\Users\student\Wbudy\C03_AirConditioner\Lib_MCU\Debug\libLib_MCU.a(lpc17xx_adc.o)
 .debug_abbrev  0x00000ecd      0x1fd C:\Users\student\Wbudy\C03_AirConditioner\Lib_MCU\Debug\libLib_MCU.a(lpc17xx_clkpwr.o)
 .debug_abbrev  0x000010ca      0x26b C:\Users\student\Wbudy\C03_AirConditioner\Lib_MCU\Debug\libLib_MCU.a(lpc17xx_gpio.o)
 .debug_abbrev  0x00001335      0x2de C:\Users\student\Wbudy\C03_AirConditioner\Lib_MCU\Debug\libLib_MCU.a(lpc17xx_i2c.o)
 .debug_abbrev  0x00001613      0x196 C:\Users\student\Wbudy\C03_AirConditioner\Lib_MCU\Debug\libLib_MCU.a(lpc17xx_pinsel.o)
 .debug_abbrev  0x000017a9      0x21b C:\Users\student\Wbudy\C03_AirConditioner\Lib_MCU\Debug\libLib_MCU.a(lpc17xx_ssp.o)
 .debug_abbrev  0x000019c4      0x25d C:\Users\student\Wbudy\C03_AirConditioner\Lib_MCU\Debug\libLib_MCU.a(lpc17xx_timer.o)

.debug_aranges  0x00000000      0x738
 .debug_aranges
                0x00000000       0x70 ./src/cr_startup_lpc17.o
 .debug_aranges
                0x00000070       0x68 ./src/main.o
 .debug_aranges
                0x000000d8       0x28 C:\Users\student\Wbudy\C03_AirConditioner\Lib_CMSISv1p30_LPC17xx\Debug\libCMSISv1p30_LPC17xx.a(system_LPC17xx.o)
 .debug_aranges
                0x00000100       0x60 C:\Users\student\Wbudy\C03_AirConditioner\Lib_EaBaseBoard\Debug\libLib_EaBaseBoard.a(acc.o)
 .debug_aranges
                0x00000160       0x98 C:\Users\student\Wbudy\C03_AirConditioner\Lib_EaBaseBoard\Debug\libLib_EaBaseBoard.a(light.o)
 .debug_aranges
                0x000001f8       0x98 C:\Users\student\Wbudy\C03_AirConditioner\Lib_EaBaseBoard\Debug\libLib_EaBaseBoard.a(oled.o)
 .debug_aranges
                0x00000290       0x28 C:\Users\student\Wbudy\C03_AirConditioner\Lib_EaBaseBoard\Debug\libLib_EaBaseBoard.a(rgb.o)
 .debug_aranges
                0x000002b8       0x28 C:\Users\student\Wbudy\C03_AirConditioner\Lib_EaBaseBoard\Debug\libLib_EaBaseBoard.a(temp.o)
 .debug_aranges
                0x000002e0       0x18 C:\Users\student\Wbudy\C03_AirConditioner\Lib_EaBaseBoard\Debug\libLib_EaBaseBoard.a(font5x7.o)
 .debug_aranges
                0x000002f8       0x80 C:\Users\student\Wbudy\C03_AirConditioner\Lib_MCU\Debug\libLib_MCU.a(lpc17xx_adc.o)
 .debug_aranges
                0x00000378       0x60 C:\Users\student\Wbudy\C03_AirConditioner\Lib_MCU\Debug\libLib_MCU.a(lpc17xx_clkpwr.o)
 .debug_aranges
                0x000003d8       0xf8 C:\Users\student\Wbudy\C03_AirConditioner\Lib_MCU\Debug\libLib_MCU.a(lpc17xx_gpio.o)
 .debug_aranges
                0x000004d0       0xd0 C:\Users\student\Wbudy\C03_AirConditioner\Lib_MCU\Debug\libLib_MCU.a(lpc17xx_i2c.o)
 .debug_aranges
                0x000005a0       0x48 C:\Users\student\Wbudy\C03_AirConditioner\Lib_MCU\Debug\libLib_MCU.a(lpc17xx_pinsel.o)
 .debug_aranges
                0x000005e8       0xa8 C:\Users\student\Wbudy\C03_AirConditioner\Lib_MCU\Debug\libLib_MCU.a(lpc17xx_ssp.o)
 .debug_aranges
                0x00000690       0xa8 C:\Users\student\Wbudy\C03_AirConditioner\Lib_MCU\Debug\libLib_MCU.a(lpc17xx_timer.o)

.debug_ranges   0x00000000      0x630
 .debug_ranges  0x00000000       0x60 ./src/cr_startup_lpc17.o
 .debug_ranges  0x00000060       0x58 ./src/main.o
 .debug_ranges  0x000000b8       0x18 C:\Users\student\Wbudy\C03_AirConditioner\Lib_CMSISv1p30_LPC17xx\Debug\libCMSISv1p30_LPC17xx.a(system_LPC17xx.o)
 .debug_ranges  0x000000d0       0x50 C:\Users\student\Wbudy\C03_AirConditioner\Lib_EaBaseBoard\Debug\libLib_EaBaseBoard.a(acc.o)
 .debug_ranges  0x00000120       0x88 C:\Users\student\Wbudy\C03_AirConditioner\Lib_EaBaseBoard\Debug\libLib_EaBaseBoard.a(light.o)
 .debug_ranges  0x000001a8       0x88 C:\Users\student\Wbudy\C03_AirConditioner\Lib_EaBaseBoard\Debug\libLib_EaBaseBoard.a(oled.o)
 .debug_ranges  0x00000230       0x18 C:\Users\student\Wbudy\C03_AirConditioner\Lib_EaBaseBoard\Debug\libLib_EaBaseBoard.a(rgb.o)
 .debug_ranges  0x00000248       0x18 C:\Users\student\Wbudy\C03_AirConditioner\Lib_EaBaseBoard\Debug\libLib_EaBaseBoard.a(temp.o)
 .debug_ranges  0x00000260       0x70 C:\Users\student\Wbudy\C03_AirConditioner\Lib_MCU\Debug\libLib_MCU.a(lpc17xx_adc.o)
 .debug_ranges  0x000002d0       0x50 C:\Users\student\Wbudy\C03_AirConditioner\Lib_MCU\Debug\libLib_MCU.a(lpc17xx_clkpwr.o)
 .debug_ranges  0x00000320       0xe8 C:\Users\student\Wbudy\C03_AirConditioner\Lib_MCU\Debug\libLib_MCU.a(lpc17xx_gpio.o)
 .debug_ranges  0x00000408       0xc0 C:\Users\student\Wbudy\C03_AirConditioner\Lib_MCU\Debug\libLib_MCU.a(lpc17xx_i2c.o)
 .debug_ranges  0x000004c8       0x38 C:\Users\student\Wbudy\C03_AirConditioner\Lib_MCU\Debug\libLib_MCU.a(lpc17xx_pinsel.o)
 .debug_ranges  0x00000500       0x98 C:\Users\student\Wbudy\C03_AirConditioner\Lib_MCU\Debug\libLib_MCU.a(lpc17xx_ssp.o)
 .debug_ranges  0x00000598       0x98 C:\Users\student\Wbudy\C03_AirConditioner\Lib_MCU\Debug\libLib_MCU.a(lpc17xx_timer.o)

.debug_macro    0x00000000     0x5b77
 .debug_macro   0x00000000       0x79 ./src/cr_startup_lpc17.o
 .debug_macro   0x00000079      0xaa8 ./src/cr_startup_lpc17.o
 .debug_macro   0x00000b21       0x22 ./src/cr_startup_lpc17.o
 .debug_macro   0x00000b43       0x8e ./src/cr_startup_lpc17.o
 .debug_macro   0x00000bd1       0x51 ./src/cr_startup_lpc17.o
 .debug_macro   0x00000c22      0x103 ./src/cr_startup_lpc17.o
 .debug_macro   0x00000d25       0x6a ./src/cr_startup_lpc17.o
 .debug_macro   0x00000d8f      0x1df ./src/cr_startup_lpc17.o
 .debug_macro   0x00000f6e       0xfe ./src/main.o
 .debug_macro   0x0000106c       0x1c ./src/main.o
 .debug_macro   0x00001088       0x22 ./src/main.o
 .debug_macro   0x000010aa      0x7b7 ./src/main.o
 .debug_macro   0x00001861      0x2c7 ./src/main.o
 .debug_macro   0x00001b28       0x64 ./src/main.o
 .debug_macro   0x00001b8c      0x140 ./src/main.o
 .debug_macro   0x00001ccc      0x192 ./src/main.o
 .debug_macro   0x00001e5e       0x46 ./src/main.o
 .debug_macro   0x00001ea4      0x2a6 ./src/main.o
 .debug_macro   0x0000214a       0xee ./src/main.o
 .debug_macro   0x00002238       0xed ./src/main.o
 .debug_macro   0x00002325       0x16 ./src/main.o
 .debug_macro   0x0000233b       0x1c ./src/main.o
 .debug_macro   0x00002357      0x113 C:\Users\student\Wbudy\C03_AirConditioner\Lib_CMSISv1p30_LPC17xx\Debug\libCMSISv1p30_LPC17xx.a(system_LPC17xx.o)
 .debug_macro   0x0000246a      0xaa2 C:\Users\student\Wbudy\C03_AirConditioner\Lib_CMSISv1p30_LPC17xx\Debug\libCMSISv1p30_LPC17xx.a(system_LPC17xx.o)
 .debug_macro   0x00002f0c       0x10 C:\Users\student\Wbudy\C03_AirConditioner\Lib_CMSISv1p30_LPC17xx\Debug\libCMSISv1p30_LPC17xx.a(system_LPC17xx.o)
 .debug_macro   0x00002f1c      0x12e C:\Users\student\Wbudy\C03_AirConditioner\Lib_CMSISv1p30_LPC17xx\Debug\libCMSISv1p30_LPC17xx.a(system_LPC17xx.o)
 .debug_macro   0x0000304a      0x5b3 C:\Users\student\Wbudy\C03_AirConditioner\Lib_CMSISv1p30_LPC17xx\Debug\libCMSISv1p30_LPC17xx.a(system_LPC17xx.o)
 .debug_macro   0x000035fd      0x7d5 C:\Users\student\Wbudy\C03_AirConditioner\Lib_CMSISv1p30_LPC17xx\Debug\libCMSISv1p30_LPC17xx.a(system_LPC17xx.o)
 .debug_macro   0x00003dd2      0x162 C:\Users\student\Wbudy\C03_AirConditioner\Lib_EaBaseBoard\Debug\libLib_EaBaseBoard.a(acc.o)
 .debug_macro   0x00003f34      0x18c C:\Users\student\Wbudy\C03_AirConditioner\Lib_EaBaseBoard\Debug\libLib_EaBaseBoard.a(acc.o)
 .debug_macro   0x000040c0      0x126 C:\Users\student\Wbudy\C03_AirConditioner\Lib_EaBaseBoard\Debug\libLib_EaBaseBoard.a(light.o)
 .debug_macro   0x000041e6       0xdd C:\Users\student\Wbudy\C03_AirConditioner\Lib_EaBaseBoard\Debug\libLib_EaBaseBoard.a(oled.o)
 .debug_macro   0x000042c3       0x5d C:\Users\student\Wbudy\C03_AirConditioner\Lib_EaBaseBoard\Debug\libLib_EaBaseBoard.a(oled.o)
 .debug_macro   0x00004320       0x40 C:\Users\student\Wbudy\C03_AirConditioner\Lib_EaBaseBoard\Debug\libLib_EaBaseBoard.a(oled.o)
 .debug_macro   0x00004360       0x83 C:\Users\student\Wbudy\C03_AirConditioner\Lib_EaBaseBoard\Debug\libLib_EaBaseBoard.a(rgb.o)
 .debug_macro   0x000043e3       0xae C:\Users\student\Wbudy\C03_AirConditioner\Lib_EaBaseBoard\Debug\libLib_EaBaseBoard.a(temp.o)
 .debug_macro   0x00004491       0x1a C:\Users\student\Wbudy\C03_AirConditioner\Lib_EaBaseBoard\Debug\libLib_EaBaseBoard.a(font5x7.o)
 .debug_macro   0x000044ab      0x696 C:\Users\student\Wbudy\C03_AirConditioner\Lib_EaBaseBoard\Debug\libLib_EaBaseBoard.a(font5x7.o)
 .debug_macro   0x00004b41       0x8c C:\Users\student\Wbudy\C03_AirConditioner\Lib_MCU\Debug\libLib_MCU.a(lpc17xx_adc.o)
 .debug_macro   0x00004bcd       0xe8 C:\Users\student\Wbudy\C03_AirConditioner\Lib_MCU\Debug\libLib_MCU.a(lpc17xx_adc.o)
 .debug_macro   0x00004cb5      0x2fa C:\Users\student\Wbudy\C03_AirConditioner\Lib_MCU\Debug\libLib_MCU.a(lpc17xx_adc.o)
 .debug_macro   0x00004faf       0xda C:\Users\student\Wbudy\C03_AirConditioner\Lib_MCU\Debug\libLib_MCU.a(lpc17xx_adc.o)
 .debug_macro   0x00005089       0x7a C:\Users\student\Wbudy\C03_AirConditioner\Lib_MCU\Debug\libLib_MCU.a(lpc17xx_clkpwr.o)
 .debug_macro   0x00005103      0x2f4 C:\Users\student\Wbudy\C03_AirConditioner\Lib_MCU\Debug\libLib_MCU.a(lpc17xx_clkpwr.o)
 .debug_macro   0x000053f7       0x83 C:\Users\student\Wbudy\C03_AirConditioner\Lib_MCU\Debug\libLib_MCU.a(lpc17xx_gpio.o)
 .debug_macro   0x0000547a       0x95 C:\Users\student\Wbudy\C03_AirConditioner\Lib_MCU\Debug\libLib_MCU.a(lpc17xx_i2c.o)
 .debug_macro   0x0000550f      0x146 C:\Users\student\Wbudy\C03_AirConditioner\Lib_MCU\Debug\libLib_MCU.a(lpc17xx_i2c.o)
 .debug_macro   0x00005655       0x7a C:\Users\student\Wbudy\C03_AirConditioner\Lib_MCU\Debug\libLib_MCU.a(lpc17xx_pinsel.o)
 .debug_macro   0x000056cf       0x8c C:\Users\student\Wbudy\C03_AirConditioner\Lib_MCU\Debug\libLib_MCU.a(lpc17xx_ssp.o)
 .debug_macro   0x0000575b      0x2a0 C:\Users\student\Wbudy\C03_AirConditioner\Lib_MCU\Debug\libLib_MCU.a(lpc17xx_ssp.o)
 .debug_macro   0x000059fb       0x95 C:\Users\student\Wbudy\C03_AirConditioner\Lib_MCU\Debug\libLib_MCU.a(lpc17xx_timer.o)
 .debug_macro   0x00005a90       0xe7 C:\Users\student\Wbudy\C03_AirConditioner\Lib_MCU\Debug\libLib_MCU.a(lpc17xx_timer.o)

.debug_line     0x00000000     0x57c0
 .debug_line    0x00000000      0x440 ./src/cr_startup_lpc17.o
 .debug_line    0x00000440      0x68c ./src/main.o
 .debug_line    0x00000acc      0x3ee C:\Users\student\Wbudy\C03_AirConditioner\Lib_CMSISv1p30_LPC17xx\Debug\libCMSISv1p30_LPC17xx.a(system_LPC17xx.o)
 .debug_line    0x00000eba      0x3f0 C:\Users\student\Wbudy\C03_AirConditioner\Lib_EaBaseBoard\Debug\libLib_EaBaseBoard.a(acc.o)
 .debug_line    0x000012aa      0x516 C:\Users\student\Wbudy\C03_AirConditioner\Lib_EaBaseBoard\Debug\libLib_EaBaseBoard.a(light.o)
 .debug_line    0x000017c0      0x826 C:\Users\student\Wbudy\C03_AirConditioner\Lib_EaBaseBoard\Debug\libLib_EaBaseBoard.a(oled.o)
 .debug_line    0x00001fe6      0x2bf C:\Users\student\Wbudy\C03_AirConditioner\Lib_EaBaseBoard\Debug\libLib_EaBaseBoard.a(rgb.o)
 .debug_line    0x000022a5      0x31f C:\Users\student\Wbudy\C03_AirConditioner\Lib_EaBaseBoard\Debug\libLib_EaBaseBoard.a(temp.o)
 .debug_line    0x000025c4       0x7f C:\Users\student\Wbudy\C03_AirConditioner\Lib_EaBaseBoard\Debug\libLib_EaBaseBoard.a(font5x7.o)
 .debug_line    0x00002643      0x539 C:\Users\student\Wbudy\C03_AirConditioner\Lib_MCU\Debug\libLib_MCU.a(lpc17xx_adc.o)
 .debug_line    0x00002b7c      0x3db C:\Users\student\Wbudy\C03_AirConditioner\Lib_MCU\Debug\libLib_MCU.a(lpc17xx_clkpwr.o)
 .debug_line    0x00002f57      0x719 C:\Users\student\Wbudy\C03_AirConditioner\Lib_MCU\Debug\libLib_MCU.a(lpc17xx_gpio.o)
 .debug_line    0x00003670      0xd0d C:\Users\student\Wbudy\C03_AirConditioner\Lib_MCU\Debug\libLib_MCU.a(lpc17xx_i2c.o)
 .debug_line    0x0000437d      0x359 C:\Users\student\Wbudy\C03_AirConditioner\Lib_MCU\Debug\libLib_MCU.a(lpc17xx_pinsel.o)
 .debug_line    0x000046d6      0x8ae C:\Users\student\Wbudy\C03_AirConditioner\Lib_MCU\Debug\libLib_MCU.a(lpc17xx_ssp.o)
 .debug_line    0x00004f84      0x83c C:\Users\student\Wbudy\C03_AirConditioner\Lib_MCU\Debug\libLib_MCU.a(lpc17xx_timer.o)

.debug_str      0x00000000    0x11040
 .debug_str     0x00000000     0x3cc1 ./src/cr_startup_lpc17.o
                               0x3e2b (size before relaxing)
 .debug_str     0x00003cc1     0x797f ./src/main.o
                               0xb69c (size before relaxing)
 .debug_str     0x0000b640     0x19b3 C:\Users\student\Wbudy\C03_AirConditioner\Lib_CMSISv1p30_LPC17xx\Debug\libCMSISv1p30_LPC17xx.a(system_LPC17xx.o)
                               0x886b (size before relaxing)
 .debug_str     0x0000cff3      0x4ff C:\Users\student\Wbudy\C03_AirConditioner\Lib_EaBaseBoard\Debug\libLib_EaBaseBoard.a(acc.o)
                               0x93d3 (size before relaxing)
 .debug_str     0x0000d4f2      0x40e C:\Users\student\Wbudy\C03_AirConditioner\Lib_EaBaseBoard\Debug\libLib_EaBaseBoard.a(light.o)
                               0x946b (size before relaxing)
 .debug_str     0x0000d900      0x39a C:\Users\student\Wbudy\C03_AirConditioner\Lib_EaBaseBoard\Debug\libLib_EaBaseBoard.a(oled.o)
                               0xa503 (size before relaxing)
 .debug_str     0x0000dc9a       0x2a C:\Users\student\Wbudy\C03_AirConditioner\Lib_EaBaseBoard\Debug\libLib_EaBaseBoard.a(rgb.o)
                               0x8886 (size before relaxing)
 .debug_str     0x0000dcc4       0xee C:\Users\student\Wbudy\C03_AirConditioner\Lib_EaBaseBoard\Debug\libLib_EaBaseBoard.a(temp.o)
                               0x8932 (size before relaxing)
 .debug_str     0x0000ddb2      0xe21 C:\Users\student\Wbudy\C03_AirConditioner\Lib_EaBaseBoard\Debug\libLib_EaBaseBoard.a(font5x7.o)
                               0x3bb9 (size before relaxing)
 .debug_str     0x0000ebd3     0x1642 C:\Users\student\Wbudy\C03_AirConditioner\Lib_MCU\Debug\libLib_MCU.a(lpc17xx_adc.o)
                               0xa441 (size before relaxing)
 .debug_str     0x00010215       0xcb C:\Users\student\Wbudy\C03_AirConditioner\Lib_MCU\Debug\libLib_MCU.a(lpc17xx_clkpwr.o)
                               0x9a5f (size before relaxing)
 .debug_str     0x000102e0      0x2f9 C:\Users\student\Wbudy\C03_AirConditioner\Lib_MCU\Debug\libLib_MCU.a(lpc17xx_gpio.o)
                               0x8dd9 (size before relaxing)
 .debug_str     0x000105d9      0x351 C:\Users\student\Wbudy\C03_AirConditioner\Lib_MCU\Debug\libLib_MCU.a(lpc17xx_i2c.o)
                               0xada7 (size before relaxing)
 .debug_str     0x0001092a       0xf6 C:\Users\student\Wbudy\C03_AirConditioner\Lib_MCU\Debug\libLib_MCU.a(lpc17xx_pinsel.o)
                               0x8d00 (size before relaxing)
 .debug_str     0x00010a20      0x1c5 C:\Users\student\Wbudy\C03_AirConditioner\Lib_MCU\Debug\libLib_MCU.a(lpc17xx_ssp.o)
                               0xac60 (size before relaxing)
 .debug_str     0x00010be5      0x45b C:\Users\student\Wbudy\C03_AirConditioner\Lib_MCU\Debug\libLib_MCU.a(lpc17xx_timer.o)
                               0xaa79 (size before relaxing)

.comment        0x00000000       0x4c
 .comment       0x00000000       0x4c ./src/cr_startup_lpc17.o
                                 0x4d (size before relaxing)
 .comment       0x0000004c       0x4d ./src/main.o
 .comment       0x0000004c       0x4d C:\Users\student\Wbudy\C03_AirConditioner\Lib_CMSISv1p30_LPC17xx\Debug\libCMSISv1p30_LPC17xx.a(system_LPC17xx.o)
 .comment       0x0000004c       0x4d C:\Users\student\Wbudy\C03_AirConditioner\Lib_EaBaseBoard\Debug\libLib_EaBaseBoard.a(acc.o)
 .comment       0x0000004c       0x4d C:\Users\student\Wbudy\C03_AirConditioner\Lib_EaBaseBoard\Debug\libLib_EaBaseBoard.a(light.o)
 .comment       0x0000004c       0x4d C:\Users\student\Wbudy\C03_AirConditioner\Lib_EaBaseBoard\Debug\libLib_EaBaseBoard.a(oled.o)
 .comment       0x0000004c       0x4d C:\Users\student\Wbudy\C03_AirConditioner\Lib_EaBaseBoard\Debug\libLib_EaBaseBoard.a(rgb.o)
 .comment       0x0000004c       0x4d C:\Users\student\Wbudy\C03_AirConditioner\Lib_EaBaseBoard\Debug\libLib_EaBaseBoard.a(temp.o)
 .comment       0x0000004c       0x4d C:\Users\student\Wbudy\C03_AirConditioner\Lib_EaBaseBoard\Debug\libLib_EaBaseBoard.a(font5x7.o)
 .comment       0x0000004c       0x4d C:\Users\student\Wbudy\C03_AirConditioner\Lib_MCU\Debug\libLib_MCU.a(lpc17xx_adc.o)
 .comment       0x0000004c       0x4d C:\Users\student\Wbudy\C03_AirConditioner\Lib_MCU\Debug\libLib_MCU.a(lpc17xx_clkpwr.o)
 .comment       0x0000004c       0x4d C:\Users\student\Wbudy\C03_AirConditioner\Lib_MCU\Debug\libLib_MCU.a(lpc17xx_gpio.o)
 .comment       0x0000004c       0x4d C:\Users\student\Wbudy\C03_AirConditioner\Lib_MCU\Debug\libLib_MCU.a(lpc17xx_i2c.o)
 .comment       0x0000004c       0x4d C:\Users\student\Wbudy\C03_AirConditioner\Lib_MCU\Debug\libLib_MCU.a(lpc17xx_pinsel.o)
 .comment       0x0000004c       0x4d C:\Users\student\Wbudy\C03_AirConditioner\Lib_MCU\Debug\libLib_MCU.a(lpc17xx_ssp.o)
 .comment       0x0000004c       0x4d C:\Users\student\Wbudy\C03_AirConditioner\Lib_MCU\Debug\libLib_MCU.a(lpc17xx_timer.o)
 .comment       0x0000004c       0x4d c:/nxp/mcuxpressoide_11.3.1_5262/ide/plugins/com.nxp.mcuxpresso.tools.win32_11.3.0.202008311133/tools/bin/../lib/gcc/arm-none-eabi/9.3.1/../../../../arm-none-eabi/lib/thumb/v7-m/nofp\libcr_newlib_semihost.a(_cr_sbrk.o)