Archive member included to satisfy reference by file (symbol)

C:\Users\student\Desktop\Wbudy\C03_AirConditioner\Lib_CMSISv1p30_LPC17xx\Debug\libCMSISv1p30_LPC17xx.a(system_LPC17xx.o)
                              ./src/main.o (SystemCoreClock)
C:\Users\student\Desktop\Wbudy\C03_AirConditioner\Lib_EaBaseBoard\Debug\libLib_EaBaseBoard.a(acc.o)
                              ./src/main.o (acc_init)
C:\Users\student\Desktop\Wbudy\C03_AirConditioner\Lib_EaBaseBoard\Debug\libLib_EaBaseBoard.a(light.o)
                              ./src/main.o (light_init)
C:\Users\student\Desktop\Wbudy\C03_AirConditioner\Lib_EaBaseBoard\Debug\libLib_EaBaseBoard.a(oled.o)
                              ./src/main.o (oled_inverse)
C:\Users\student\Desktop\Wbudy\C03_AirConditioner\Lib_EaBaseBoard\Debug\libLib_EaBaseBoard.a(rgb.o)
                              ./src/main.o (rgb_init)
C:\Users\student\Desktop\Wbudy\C03_AirConditioner\Lib_EaBaseBoard\Debug\libLib_EaBaseBoard.a(temp.o)
                              ./src/main.o (temp_init)
C:\Users\student\Desktop\Wbudy\C03_AirConditioner\Lib_EaBaseBoard\Debug\libLib_EaBaseBoard.a(font5x7.o)
                              C:\Users\student\Desktop\Wbudy\C03_AirConditioner\Lib_EaBaseBoard\Debug\libLib_EaBaseBoard.a(oled.o) (font5x7)
C:\Users\student\Desktop\Wbudy\C03_AirConditioner\Lib_MCU\Debug\libLib_MCU.a(lpc17xx_gpio.o)
                              C:\Users\student\Desktop\Wbudy\C03_AirConditioner\Lib_EaBaseBoard\Debug\libLib_EaBaseBoard.a(oled.o) (GPIO_SetDir)
C:\Users\student\Desktop\Wbudy\C03_AirConditioner\Lib_MCU\Debug\libLib_MCU.a(lpc17xx_i2c.o)
                              ./src/main.o (I2C_Init)
C:\Users\student\Desktop\Wbudy\C03_AirConditioner\Lib_MCU\Debug\libLib_MCU.a(lpc17xx_pinsel.o)
                              ./src/main.o (PINSEL_ConfigPin)
C:\Users\student\Desktop\Wbudy\C03_AirConditioner\Lib_MCU\Debug\libLib_MCU.a(lpc17xx_ssp.o)
                              C:\Users\student\Desktop\Wbudy\C03_AirConditioner\Lib_EaBaseBoard\Debug\libLib_EaBaseBoard.a(oled.o) (SSP_ReadWrite)
C:\Users\student\Desktop\Wbudy\C03_AirConditioner\Lib_MCU\Debug\libLib_MCU.a(lpc17xx_timer.o)
                              ./src/main.o (Timer0_Wait)
C:\Users\student\Desktop\Wbudy\C03_AirConditioner\Lib_MCU\Debug\libLib_MCU.a(lpc17xx_clkpwr.o)
                              C:\Users\student\Desktop\Wbudy\C03_AirConditioner\Lib_MCU\Debug\libLib_MCU.a(lpc17xx_i2c.o) (CLKPWR_SetPCLKDiv)
c:/nxp/mcuxpressoide_11.3.1_5262/ide/plugins/com.nxp.mcuxpresso.tools.win32_11.3.0.202008311133/tools/bin/../lib/gcc/arm-none-eabi/9.3.1/thumb/v7-m/nofp\libgcc.a(_arm_addsubdf3.o)
                              ./src/main.o (__aeabi_i2d)
c:/nxp/mcuxpressoide_11.3.1_5262/ide/plugins/com.nxp.mcuxpresso.tools.win32_11.3.0.202008311133/tools/bin/../lib/gcc/arm-none-eabi/9.3.1/thumb/v7-m/nofp\libgcc.a(_arm_muldivdf3.o)
                              ./src/main.o (__aeabi_ddiv)
c:/nxp/mcuxpressoide_11.3.1_5262/ide/plugins/com.nxp.mcuxpresso.tools.win32_11.3.0.202008311133/tools/bin/../lib/gcc/arm-none-eabi/9.3.1/thumb/v7-m/nofp\libgcc.a(_aeabi_uldivmod.o)
                              C:\Users\student\Desktop\Wbudy\C03_AirConditioner\Lib_CMSISv1p30_LPC17xx\Debug\libCMSISv1p30_LPC17xx.a(system_LPC17xx.o) (__aeabi_uldivmod)
c:/nxp/mcuxpressoide_11.3.1_5262/ide/plugins/com.nxp.mcuxpresso.tools.win32_11.3.0.202008311133/tools/bin/../lib/gcc/arm-none-eabi/9.3.1/thumb/v7-m/nofp\libgcc.a(_udivmoddi4.o)
                              c:/nxp/mcuxpressoide_11.3.1_5262/ide/plugins/com.nxp.mcuxpresso.tools.win32_11.3.0.202008311133/tools/bin/../lib/gcc/arm-none-eabi/9.3.1/thumb/v7-m/nofp\libgcc.a(_aeabi_uldivmod.o) (__udivmoddi4)
c:/nxp/mcuxpressoide_11.3.1_5262/ide/plugins/com.nxp.mcuxpresso.tools.win32_11.3.0.202008311133/tools/bin/../lib/gcc/arm-none-eabi/9.3.1/thumb/v7-m/nofp\libgcc.a(_dvmd_tls.o)
                              c:/nxp/mcuxpressoide_11.3.1_5262/ide/plugins/com.nxp.mcuxpresso.tools.win32_11.3.0.202008311133/tools/bin/../lib/gcc/arm-none-eabi/9.3.1/thumb/v7-m/nofp\libgcc.a(_aeabi_uldivmod.o) (__aeabi_ldiv0)
c:/nxp/mcuxpressoide_11.3.1_5262/ide/plugins/com.nxp.mcuxpresso.tools.win32_11.3.0.202008311133/tools/bin/../lib/gcc/arm-none-eabi/9.3.1/../../../../arm-none-eabi/lib/thumb/v7-m/nofp\libc.a(lib_a-memset.o)
                              C:\Users\student\Desktop\Wbudy\C03_AirConditioner\Lib_EaBaseBoard\Debug\libLib_EaBaseBoard.a(oled.o) (memset)
c:/nxp/mcuxpressoide_11.3.1_5262/ide/plugins/com.nxp.mcuxpresso.tools.win32_11.3.0.202008311133/tools/bin/../lib/gcc/arm-none-eabi/9.3.1/../../../../arm-none-eabi/lib/thumb/v7-m/nofp\libc.a(lib_a-sprintf.o)
                              ./src/main.o (sprintf)
c:/nxp/mcuxpressoide_11.3.1_5262/ide/plugins/com.nxp.mcuxpresso.tools.win32_11.3.0.202008311133/tools/bin/../lib/gcc/arm-none-eabi/9.3.1/../../../../arm-none-eabi/lib/thumb/v7-m/nofp\libc.a(lib_a-svfprintf.o)
[...]
Memory Configuration

Name             Origin             Length             Attributes
MFlash512        0x00000000         0x00080000         xr
RamLoc32         0x10000000         0x00008000         xrw
RamAHB32         0x2007c000         0x00008000         xrw
*default*        0x00000000         0xffffffff

Linker script and memory map

LOAD ./src/cr_startup_lpc17.o
LOAD ./src/main.o
LOAD C:\Users\student\Desktop\Wbudy\C03_AirConditioner\Lib_CMSISv1p30_LPC17xx\Debug\libCMSISv1p30_LPC17xx.a
LOAD C:\Users\student\Desktop\Wbudy\C03_AirConditioner\Lib_EaBaseBoard\Debug\libLib_EaBaseBoard.a
LOAD C:\Users\student\Desktop\Wbudy\C03_AirConditioner\Lib_MCU\Debug\libLib_MCU.a
START GROUP
LOAD c:/nxp/mcuxpressoide_11.3.1_5262/ide/plugins/com.nxp.mcuxpresso.tools.win32_11.3.0.202008311133/tools/bin/../lib/gcc/arm-none-eabi/9.3.1/thumb/v7-m/nofp\libgcc.a
LOAD c:/nxp/mcuxpressoide_11.3.1_5262/ide/plugins/com.nxp.mcuxpresso.tools.win32_11.3.0.202008311133/tools/bin/../lib/gcc/arm-none-eabi/9.3.1/../../../../arm-none-eabi/lib/thumb/v7-m/nofp\libc.a
LOAD c:/nxp/mcuxpressoide_11.3.1_5262/ide/plugins/com.nxp.mcuxpresso.tools.win32_11.3.0.202008311133/tools/bin/../lib/gcc/arm-none-eabi/9.3.1/../../../../arm-none-eabi/lib/thumb/v7-m/nofp\libm.a
LOAD c:/nxp/mcuxpressoide_11.3.1_5262/ide/plugins/com.nxp.mcuxpresso.tools.win32_11.3.0.202008311133/tools/bin/../lib/gcc/arm-none-eabi/9.3.1/../../../../arm-none-eabi/lib/thumb/v7-m/nofp\libcr_newlib_semihost.a
END GROUP
                0x00000000                __base_MFlash512 = 0x0
                0x00000000                __base_Flash = 0x0
                0x00080000                __top_MFlash512 = 0x80000
                0x00080000                __top_Flash = 0x80000
                0x10000000                __base_RamLoc32 = 0x10000000
                0x10000000                __base_RAM = 0x10000000
                0x10008000                __top_RamLoc32 = 0x10008000
                0x10008000                __top_RAM = 0x10008000
                0x2007c000                __base_RamAHB32 = 0x2007c000
                0x2007c000                __base_RAM2 = 0x2007c000
                0x20084000                __top_RamAHB32 = 0x20084000
                0x20084000                __top_RAM2 = 0x20084000

.text           0x00000000     0x9cb4
 FILL mask 0xff
                0x00000000                __vectors_start__ = ABSOLUTE (.)
 *(.isr_vector)
 .isr_vector    0x00000000       0xcc ./src/cr_startup_lpc17.o
                0x00000000                g_pfnVectors
                0x000000cc                . = ALIGN (0x4)
                0x000000cc                __section_table_start = .
                0x000000cc                __data_section_table = .
                0x000000cc        0x4 LONG 0x9cbc LOADADDR (.data)
                0x000000d0        0x4 LONG 0x10000000 ADDR (.data)
                0x000000d4        0x4 LONG 0x9b4 SIZEOF (.data)
                0x000000d8        0x4 LONG 0x9cbc LOADADDR (.data_RAM2)
                0x000000dc        0x4 LONG 0x2007c000 ADDR (.data_RAM2)
                0x000000e0        0x4 LONG 0x0 SIZEOF (.data_RAM2)
                0x000000e4                __data_section_table_end = .
                0x000000e4                __bss_section_table = .
                0x000000e4        0x4 LONG 0x100009b4 ADDR (.bss)
                0x000000e8        0x4 LONG 0x3e0 SIZEOF (.bss)
                0x000000ec        0x4 LONG 0x2007c000 ADDR (.bss_RAM2)
                0x000000f0        0x4 LONG 0x0 SIZEOF (.bss_RAM2)
                0x000000f4                __bss_section_table_end = .
                0x000000f4                __section_table_end = .
 *(.after_vectors*)
 *(.text*)
 .text.ResetISR
                0x000000f4       0x58 ./src/cr_startup_lpc17.o
                0x000000f4                ResetISR
 .text.NMI_Handler
                0x0000014c        0x6 ./src/cr_startup_lpc17.o
                0x0000014c                NMI_Handler
 .text.HardFault_Handler
                0x00000152        0x6 ./src/cr_startup_lpc17.o
                0x00000152                HardFault_Handler
 .text.MemManage_Handler
                0x00000158        0x6 ./src/cr_startup_lpc17.o
                0x00000158                MemManage_Handler
 .text.BusFault_Handler
                0x0000015e        0x6 ./src/cr_startup_lpc17.o
                0x0000015e                BusFault_Handler
 .text.UsageFault_Handler
                0x00000164        0x6 ./src/cr_startup_lpc17.o
                0x00000164                UsageFault_Handler
 .text.SVCall_Handler
                0x0000016a        0x6 ./src/cr_startup_lpc17.o
                0x0000016a                SVCall_Handler
 .text.DebugMon_Handler
                0x00000170        0x6 ./src/cr_startup_lpc17.o
                0x00000170                DebugMon_Handler
 .text.PendSV_Handler
                0x00000176        0x6 ./src/cr_startup_lpc17.o
                0x00000176                PendSV_Handler
 .text.IntDefaultHandler
                0x0000017c        0x6 ./src/cr_startup_lpc17.o
                0x0000017c                TIMER2_IRQHandler
                0x0000017c                RIT_IRQHandler
                0x0000017c                I2C0_IRQHandler
                0x0000017c                USBActivity_IRQHandler
                0x0000017c                PWM1_IRQHandler
                0x0000017c                I2C1_IRQHandler
                0x0000017c                EINT2_IRQHandler
                0x0000017c                UART1_IRQHandler
                0x0000017c                EINT3_IRQHandler
                0x0000017c                CANActivity_IRQHandler
                0x0000017c                TIMER3_IRQHandler
                0x0000017c                UART0_IRQHandler
                0x0000017c                IntDefaultHandler
                0x0000017c                PLL0_IRQHandler
                0x0000017c                CAN_IRQHandler
                0x0000017c                PLL1_IRQHandler
                0x0000017c                SSP0_IRQHandler
                0x0000017c                I2S_IRQHandler
                0x0000017c                I2C2_IRQHandler
                0x0000017c                RTC_IRQHandler
                0x0000017c                TIMER0_IRQHandler
                0x0000017c                SPI_IRQHandler
                0x0000017c                EINT1_IRQHandler
                0x0000017c                TIMER1_IRQHandler
                0x0000017c                UART2_IRQHandler
                0x0000017c                ADC_IRQHandler
                0x0000017c                SSP1_IRQHandler
                0x0000017c                USB_IRQHandler
                0x0000017c                BOD_IRQHandler
                0x0000017c                WDT_IRQHandler
                0x0000017c                QEI_IRQHandler
                0x0000017c                EINT0_IRQHandler
                0x0000017c                DMA_IRQHandler
                0x0000017c                UART3_IRQHandler
                0x0000017c                MCPWM_IRQHandler
                0x0000017c                ENET_IRQHandler
 *fill*         0x00000182        0x2 ff
 .text.NVIC_SetPriority
                0x00000184       0x54 ./src/main.o
 .text.SysTick_Config
                0x000001d8       0x44 ./src/main.o
 .text.SysTick_Handler
                0x0000021c       0x1c ./src/main.o
                0x0000021c                SysTick_Handler
 .text.getTicks
                0x00000238       0x14 ./src/main.o
 .text.init_i2c
                0x0000024c       0x48 ./src/main.o
 .text.PWM_Init
                0x00000294       0x68 ./src/main.o
                0x00000294                PWM_Init
 .text.main     0x000002fc      0x1b0 ./src/main.o
                0x000002fc                main
 .text.check_failed
                0x000004ac        0xc ./src/main.o
                0x000004ac                check_failed
 .text.SystemInit
                0x000004b8      0x140 C:\Users\student\Desktop\Wbudy\C03_AirConditioner\Lib_CMSISv1p30_LPC17xx\Debug\libCMSISv1p30_LPC17xx.a(system_LPC17xx.o)
                0x000004b8                SystemInit
 .text.I2CWrite
                0x000005f8       0x50 C:\Users\student\Desktop\Wbudy\C03_AirConditioner\Lib_EaBaseBoard\Debug\libLib_EaBaseBoard.a(acc.o)
 .text.setModeControl
                0x00000648       0x28 C:\Users\student\Desktop\Wbudy\C03_AirConditioner\Lib_EaBaseBoard\Debug\libLib_EaBaseBoard.a(acc.o)
 .text.acc_init
                0x00000670        0xe C:\Users\student\Desktop\Wbudy\C03_AirConditioner\Lib_EaBaseBoard\Debug\libLib_EaBaseBoard.a(acc.o)
                0x00000670                acc_init
 *fill*         0x0000067e        0x2 ff
 .text.I2CRead  0x00000680       0x50 C:\Users\student\Desktop\Wbudy\C03_AirConditioner\Lib_EaBaseBoard\Debug\libLib_EaBaseBoard.a(light.o)
 .text.I2CWrite
                0x000006d0       0x50 C:\Users\student\Desktop\Wbudy\C03_AirConditioner\Lib_EaBaseBoard\Debug\libLib_EaBaseBoard.a(light.o)
 .text.readControlReg
                0x00000720       0x2c C:\Users\student\Desktop\Wbudy\C03_AirConditioner\Lib_EaBaseBoard\Debug\libLib_EaBaseBoard.a(light.o)
 .text.light_init
                0x0000074c        0xc C:\Users\student\Desktop\Wbudy\C03_AirConditioner\Lib_EaBaseBoard\Debug\libLib_EaBaseBoard.a(light.o)
                0x0000074c                light_init
 .text.light_enable
                0x00000758       0x3c C:\Users\student\Desktop\Wbudy\C03_AirConditioner\Lib_EaBaseBoard\Debug\libLib_EaBaseBoard.a(light.o)
                0x00000758                light_enable
 .text.light_read
                0x00000794       0x74 C:\Users\student\Desktop\Wbudy\C03_AirConditioner\Lib_EaBaseBoard\Debug\libLib_EaBaseBoard.a(light.o)
                0x00000794                light_read
 .text.light_setRange
                0x00000808       0x90 C:\Users\student\Desktop\Wbudy\C03_AirConditioner\Lib_EaBaseBoard\Debug\libLib_EaBaseBoard.a(light.o)
                0x00000808                light_setRange
 .text.writeCommand
                0x00000898       0x48 C:\Users\student\Desktop\Wbudy\C03_AirConditioner\Lib_EaBaseBoard\Debug\libLib_EaBaseBoard.a(oled.o)
 .text.writeData
                0x000008e0       0x48 C:\Users\student\Desktop\Wbudy\C03_AirConditioner\Lib_EaBaseBoard\Debug\libLib_EaBaseBoard.a(oled.o)
 .text.writeDataLen
                0x00000928       0x78 C:\Users\student\Desktop\Wbudy\C03_AirConditioner\Lib_EaBaseBoard\Debug\libLib_EaBaseBoard.a(oled.o)
 .text.oled_inverse
                0x000009a0       0x2a C:\Users\student\Desktop\Wbudy\C03_AirConditioner\Lib_EaBaseBoard\Debug\libLib_EaBaseBoard.a(oled.o)
                0x000009a0                oled_inverse
 .text.runInitSequence
                0x000009ca       0xd4 C:\Users\student\Desktop\Wbudy\C03_AirConditioner\Lib_EaBaseBoard\Debug\libLib_EaBaseBoard.a(oled.o)
 .text.hLine    0x00000a9e       0x58 C:\Users\student\Desktop\Wbudy\C03_AirConditioner\Lib_EaBaseBoard\Debug\libLib_EaBaseBoard.a(oled.o)
 .text.vLine    0x00000af6       0x56 C:\Users\student\Desktop\Wbudy\C03_AirConditioner\Lib_EaBaseBoard\Debug\libLib_EaBaseBoard.a(oled.o)
 .text.oled_init
                0x00000b4c       0x74 C:\Users\student\Desktop\Wbudy\C03_AirConditioner\Lib_EaBaseBoard\Debug\libLib_EaBaseBoard.a(oled.o)
                0x00000b4c                oled_init
 .text.oled_putPixel
                0x00000bc0      0x150 C:\Users\student\Desktop\Wbudy\C03_AirConditioner\Lib_EaBaseBoard\Debug\libLib_EaBaseBoard.a(oled.o)
                0x00000bc0                oled_putPixel
 .text.oled_fillRect
                0x00000d10       0x9e C:\Users\student\Desktop\Wbudy\C03_AirConditioner\Lib_EaBaseBoard\Debug\libLib_EaBaseBoard.a(oled.o)
                0x00000d10                oled_fillRect
 *fill*         0x00000dae        0x2 ff
 .text.oled_clearScreen
                0x00000db0       0x64 C:\Users\student\Desktop\Wbudy\C03_AirConditioner\Lib_EaBaseBoard\Debug\libLib_EaBaseBoard.a(oled.o)
                0x00000db0                oled_clearScreen
 .text.oled_putChar
                0x00000e14       0xd8 C:\Users\student\Desktop\Wbudy\C03_AirConditioner\Lib_EaBaseBoard\Debug\libLib_EaBaseBoard.a(oled.o)
                0x00000e14                oled_putChar
 .text.oled_putString
                0x00000eec       0x52 C:\Users\student\Desktop\Wbudy\C03_AirConditioner\Lib_EaBaseBoard\Debug\libLib_EaBaseBoard.a(oled.o)
                0x00000eec                oled_putString
 .text.rgb_init
                0x00000f3e       0x28 C:\Users\student\Desktop\Wbudy\C03_AirConditioner\Lib_EaBaseBoard\Debug\libLib_EaBaseBoard.a(rgb.o)
                0x00000f3e                rgb_init
 .text.rgb_setLeds
                0x00000f66       0x6a C:\Users\student\Desktop\Wbudy\C03_AirConditioner\Lib_EaBaseBoard\Debug\libLib_EaBaseBoard.a(rgb.o)
                0x00000f66                rgb_setLeds
 .text.temp_init
                0x00000fd0       0x24 C:\Users\student\Desktop\Wbudy\C03_AirConditioner\Lib_EaBaseBoard\Debug\libLib_EaBaseBoard.a(temp.o)
                0x00000fd0                temp_init
 .text.temp_read
                0x00000ff4       0xf0 C:\Users\student\Desktop\Wbudy\C03_AirConditioner\Lib_EaBaseBoard\Debug\libLib_EaBaseBoard.a(temp.o)
                0x00000ff4                temp_read
 .text.GPIO_GetPointer
                0x000010e4       0x70 C:\Users\student\Desktop\Wbudy\C03_AirConditioner\Lib_MCU\Debug\libLib_MCU.a(lpc17xx_gpio.o)
 .text.GPIO_SetDir
                0x00001154       0x4a C:\Users\student\Desktop\Wbudy\C03_AirConditioner\Lib_MCU\Debug\libLib_MCU.a(lpc17xx_gpio.o)
                0x00001154                GPIO_SetDir
 .text.GPIO_SetValue
                0x0000119e       0x2a C:\Users\student\Desktop\Wbudy\C03_AirConditioner\Lib_MCU\Debug\libLib_MCU.a(lpc17xx_gpio.o)
                0x0000119e                GPIO_SetValue
 .text.GPIO_ClearValue
                0x000011c8       0x2a C:\Users\student\Desktop\Wbudy\C03_AirConditioner\Lib_MCU\Debug\libLib_MCU.a(lpc17xx_gpio.o)
                0x000011c8                GPIO_ClearValue
 .text.GPIO_ReadValue
                0x000011f2       0x2a C:\Users\student\Desktop\Wbudy\C03_AirConditioner\Lib_MCU\Debug\libLib_MCU.a(lpc17xx_gpio.o)
                0x000011f2                GPIO_ReadValue
 .text.NVIC_EnableIRQ
                0x0000121c       0x30 C:\Users\student\Desktop\Wbudy\C03_AirConditioner\Lib_MCU\Debug\libLib_MCU.a(lpc17xx_i2c.o)
 .text.NVIC_DisableIRQ
                0x0000124c       0x34 C:\Users\student\Desktop\Wbudy\C03_AirConditioner\Lib_MCU\Debug\libLib_MCU.a(lpc17xx_i2c.o)
 .text.I2C_getNum
                0x00001280       0x48 C:\Users\student\Desktop\Wbudy\C03_AirConditioner\Lib_MCU\Debug\libLib_MCU.a(lpc17xx_i2c.o)
 .text.I2C_Start
                0x000012c8       0x3a C:\Users\student\Desktop\Wbudy\C03_AirConditioner\Lib_MCU\Debug\libLib_MCU.a(lpc17xx_i2c.o)
 .text.I2C_Stop
                0x00001302       0x30 C:\Users\student\Desktop\Wbudy\C03_AirConditioner\Lib_MCU\Debug\libLib_MCU.a(lpc17xx_i2c.o)
 .text.I2C_SendByte
                0x00001332       0x4a C:\Users\student\Desktop\Wbudy\C03_AirConditioner\Lib_MCU\Debug\libLib_MCU.a(lpc17xx_i2c.o)
 .text.I2C_GetByte
                0x0000137c       0x52 C:\Users\student\Desktop\Wbudy\C03_AirConditioner\Lib_MCU\Debug\libLib_MCU.a(lpc17xx_i2c.o)
 *fill*         0x000013ce        0x2 ff
 .text.I2C_SetClock
                0x000013d0       0xa4 C:\Users\student\Desktop\Wbudy\C03_AirConditioner\Lib_MCU\Debug\libLib_MCU.a(lpc17xx_i2c.o)
 .text.I2C_Init
                0x00001474       0xa4 C:\Users\student\Desktop\Wbudy\C03_AirConditioner\Lib_MCU\Debug\libLib_MCU.a(lpc17xx_i2c.o)
                0x00001474                I2C_Init
 .text.I2C_Cmd  0x00001518       0x70 C:\Users\student\Desktop\Wbudy\C03_AirConditioner\Lib_MCU\Debug\libLib_MCU.a(lpc17xx_i2c.o)
                0x00001518                I2C_Cmd
 .text.I2C_IntCmd
                0x00001588       0x88 C:\Users\student\Desktop\Wbudy\C03_AirConditioner\Lib_MCU\Debug\libLib_MCU.a(lpc17xx_i2c.o)
                0x00001588                I2C_IntCmd
 .text.I2C_MasterTransferData
                0x00001610      0x2cc C:\Users\student\Desktop\Wbudy\C03_AirConditioner\Lib_MCU\Debug\libLib_MCU.a(lpc17xx_i2c.o)
                0x00001610                I2C_MasterTransferData
 .text.set_PinFunc
                0x000018dc       0x80 C:\Users\student\Desktop\Wbudy\C03_AirConditioner\Lib_MCU\Debug\libLib_MCU.a(lpc17xx_pinsel.o)
 .text.set_ResistorMode
                0x0000195c       0x80 C:\Users\student\Desktop\Wbudy\C03_AirConditioner\Lib_MCU\Debug\libLib_MCU.a(lpc17xx_pinsel.o)
 .text.set_OpenDrainMode
                0x000019dc       0x68 C:\Users\student\Desktop\Wbudy\C03_AirConditioner\Lib_MCU\Debug\libLib_MCU.a(lpc17xx_pinsel.o)
 .text.PINSEL_ConfigPin
                0x00001a44       0x46 C:\Users\student\Desktop\Wbudy\C03_AirConditioner\Lib_MCU\Debug\libLib_MCU.a(lpc17xx_pinsel.o)
                0x00001a44                PINSEL_ConfigPin
 *fill*         0x00001a8a        0x2 ff
 .text.SSP_GetDataSize
                0x00001a8c       0x40 C:\Users\student\Desktop\Wbudy\C03_AirConditioner\Lib_MCU\Debug\libLib_MCU.a(lpc17xx_ssp.o)
                0x00001a8c                SSP_GetDataSize
 .text.SSP_SendData
                0x00001acc       0x40 C:\Users\student\Desktop\Wbudy\C03_AirConditioner\Lib_MCU\Debug\libLib_MCU.a(lpc17xx_ssp.o)
                0x00001acc                SSP_SendData
 .text.SSP_ReceiveData
                0x00001b0c       0x3c C:\Users\student\Desktop\Wbudy\C03_AirConditioner\Lib_MCU\Debug\libLib_MCU.a(lpc17xx_ssp.o)
                0x00001b0c                SSP_ReceiveData
 .text.SSP_ReadWrite
                0x00001b48      0x34e C:\Users\student\Desktop\Wbudy\C03_AirConditioner\Lib_MCU\Debug\libLib_MCU.a(lpc17xx_ssp.o)
                0x00001b48                SSP_ReadWrite
 *fill*         0x00001e96        0x2 ff
 .text.getPClock
                0x00001e98       0x58 C:\Users\student\Desktop\Wbudy\C03_AirConditioner\Lib_MCU\Debug\libLib_MCU.a(lpc17xx_timer.o)
 .text.converUSecToVal
                0x00001ef0       0x5c C:\Users\student\Desktop\Wbudy\C03_AirConditioner\Lib_MCU\Debug\libLib_MCU.a(lpc17xx_timer.o)
 .text.converPtrToTimeNum
                0x00001f4c       0x5c C:\Users\student\Desktop\Wbudy\C03_AirConditioner\Lib_MCU\Debug\libLib_MCU.a(lpc17xx_timer.o)
 .text.TIM_GetIntStatus
                0x00001fa8       0x98 C:\Users\student\Desktop\Wbudy\C03_AirConditioner\Lib_MCU\Debug\libLib_MCU.a(lpc17xx_timer.o)
                0x00001fa8                TIM_GetIntStatus
 .text.TIM_ClearIntPending
                0x00002040       0x88 C:\Users\student\Desktop\Wbudy\C03_AirConditioner\Lib_MCU\Debug\libLib_MCU.a(lpc17xx_timer.o)
                0x00002040                TIM_ClearIntPending
 .text.TIM_Init
                0x000020c8      0x184 C:\Users\student\Desktop\Wbudy\C03_AirConditioner\Lib_MCU\Debug\libLib_MCU.a(lpc17xx_timer.o)
                0x000020c8                TIM_Init
 .text.TIM_Cmd  0x0000224c       0x70 C:\Users\student\Desktop\Wbudy\C03_AirConditioner\Lib_MCU\Debug\libLib_MCU.a(lpc17xx_timer.o)
                0x0000224c                TIM_Cmd
 .text.TIM_ConfigMatch
                0x000022bc      0x184 C:\Users\student\Desktop\Wbudy\C03_AirConditioner\Lib_MCU\Debug\libLib_MCU.a(lpc17xx_timer.o)
                0x000022bc                TIM_ConfigMatch
 .text.Timer0_Wait
                0x00002440       0x76 C:\Users\student\Desktop\Wbudy\C03_AirConditioner\Lib_MCU\Debug\libLib_MCU.a(lpc17xx_timer.o)
                0x00002440                Timer0_Wait
 *fill*         0x000024b6        0x2 ff
 .text.CLKPWR_SetPCLKDiv
                0x000024b8       0x90 C:\Users\student\Desktop\Wbudy\C03_AirConditioner\Lib_MCU\Debug\libLib_MCU.a(lpc17xx_clkpwr.o)
                0x000024b8                CLKPWR_SetPCLKDiv
 .text.CLKPWR_GetPCLKSEL
                0x00002548       0x48 C:\Users\student\Desktop\Wbudy\C03_AirConditioner\Lib_MCU\Debug\libLib_MCU.a(lpc17xx_clkpwr.o)
                0x00002548                CLKPWR_GetPCLKSEL
 .text.CLKPWR_GetPCLK
                0x00002590       0x64 C:\Users\student\Desktop\Wbudy\C03_AirConditioner\Lib_MCU\Debug\libLib_MCU.a(lpc17xx_clkpwr.o)
                0x00002590                CLKPWR_GetPCLK
 .text.CLKPWR_ConfigPPWR
                0x000025f4       0x58 C:\Users\student\Desktop\Wbudy\C03_AirConditioner\Lib_MCU\Debug\libLib_MCU.a(lpc17xx_clkpwr.o)
                0x000025f4                CLKPWR_ConfigPPWR
 .text          0x0000264c      0x378 c:/nxp/mcuxpressoide_11.3.1_5262/ide/plugins/com.nxp.mcuxpresso.tools.win32_11.3.0.202008311133/tools/bin/../lib/gcc/arm-none-eabi/9.3.1/thumb/v7-m/nofp\libgcc.a(_arm_addsubdf3.o)
                0x0000264c                __aeabi_drsub
                0x00002654                __aeabi_dsub
                0x00002654                __subdf3
                0x00002658                __aeabi_dadd
                0x00002658                __adddf3
                0x000028d0                __floatunsidf
                0x000028d0                __aeabi_ui2d
                0x000028f0                __floatsidf
                0x000028f0                __aeabi_i2d
                0x00002914                __aeabi_f2d
                0x00002914                __extendsfdf2
                0x00002958                __floatundidf
                0x00002958                __aeabi_ul2d
                0x00002968                __floatdidf
                0x00002968                __aeabi_l2d
 .text          0x000029c4      0x424 c:/nxp/mcuxpressoide_11.3.1_5262/ide/plugins/com.nxp.mcuxpresso.tools.win32_11.3.0.202008311133/tools/bin/../lib/gcc/arm-none-eabi/9.3.1/thumb/v7-m/nofp\libgcc.a(_arm_muldivdf3.o)
                0x000029c4                __aeabi_dmul
                0x000029c4                __muldf3
                0x00002c18                __divdf3
                0x00002c18                __aeabi_ddiv
 .text          0x00002de8       0x30 c:/nxp/mcuxpressoide_11.3.1_5262/ide/plugins/com.nxp.mcuxpresso.tools.win32_11.3.0.202008311133/tools/bin/../lib/gcc/arm-none-eabi/9.3.1/thumb/v7-m/nofp\libgcc.a(_aeabi_uldivmod.o)
                0x00002de8                __aeabi_uldivmod
 .text          0x00002e18      0x2c4 c:/nxp/mcuxpressoide_11.3.1_5262/ide/plugins/com.nxp.mcuxpresso.tools.win32_11.3.0.202008311133/tools/bin/../lib/gcc/arm-none-eabi/9.3.1/thumb/v7-m/nofp\libgcc.a(_udivmoddi4.o)
                0x00002e18                __udivmoddi4
 .text          0x000030dc        0x4 c:/nxp/mcuxpressoide_11.3.1_5262/ide/plugins/com.nxp.mcuxpresso.tools.win32_11.3.0.202008311133/tools/bin/../lib/gcc/arm-none-eabi/9.3.1/thumb/v7-m/nofp\libgcc.a(_dvmd_tls.o)
                0x000030dc                __aeabi_idiv0
                0x000030dc                __aeabi_ldiv0
 .text.memset   0x000030e0       0xa0 c:/nxp/mcuxpressoide_11.3.1_5262/ide/plugins/com.nxp.mcuxpresso.tools.win32_11.3.0.202008311133/tools/bin/../lib/gcc/arm-none-eabi/9.3.1/../../../../arm-none-eabi/lib/thumb/v7-m/nofp\libc.a(lib_a-memset.o)
                0x000030e0                memset
 .text.sprintf  0x00003180       0x44 c:/nxp/mcuxpressoide_11.3.1_5262/ide/plugins/com.nxp.mcuxpresso.tools.win32_11.3.0.202008311133/tools/bin/../lib/gcc/arm-none-eabi/9.3.1/../../../../arm-none-eabi/lib/thumb/v7-m/nofp\libc.a(lib_a-sprintf.o)
                0x00003180                sprintf
 .text._svfprintf_r
                0x000031c4     0x1b50 c:/nxp/mcuxpressoide_11.3.1_5262/ide/plugins/com.nxp.mcuxpresso.tools.win32_11.3.0.202008311133/tools/bin/../lib/gcc/arm-none-eabi/9.3.1/../../../../arm-none-eabi/lib/thumb/v7-m/nofp\libc.a(lib_a-svfprintf.o)
                0x000031c4                _svfprintf_r
 .text.quorem   0x00004d14      0x120 c:/nxp/mcuxpressoide_11.3.1_5262/ide/plugins/com.nxp.mcuxpresso.tools.win32_11.3.0.202008311133/tools/bin/../lib/gcc/arm-none-eabi/9.3.1/../../../../arm-none-eabi/lib/thumb/v7-m/nofp\libc.a(lib_a-dtoa.o)
 *fill*         0x00004e34        0x4 ff
 .text._dtoa_r  0x00004e38      0xec8 c:/nxp/mcuxpressoide_11.3.1_5262/ide/plugins/com.nxp.mcuxpresso.tools.win32_11.3.0.202008311133/tools/bin/../lib/gcc/arm-none-eabi/9.3.1/../../../../arm-none-eabi/lib/thumb/v7-m/nofp\libc.a(lib_a-dtoa.o)
                0x00004e38                _dtoa_r
 .text._malloc_trim_r
                0x00005d00       0xa0 c:/nxp/mcuxpressoide_11.3.1_5262/ide/plugins/com.nxp.mcuxpresso.tools.win32_11.3.0.202008311133/tools/bin/../lib/gcc/arm-none-eabi/9.3.1/../../../../arm-none-eabi/lib/thumb/v7-m/nofp\libc.a(lib_a-freer.o)
                0x00005d00                _malloc_trim_r
 .text._free_r  0x00005da0      0x20c c:/nxp/mcuxpressoide_11.3.1_5262/ide/plugins/com.nxp.mcuxpresso.tools.win32_11.3.0.202008311133/tools/bin/../lib/gcc/arm-none-eabi/9.3.1/../../../../arm-none-eabi/lib/thumb/v7-m/nofp\libc.a(lib_a-freer.o)
                0x00005da0                _free_r
 .text._localeconv_r
                0x00005fac        0x8 c:/nxp/mcuxpressoide_11.3.1_5262/ide/plugins/com.nxp.mcuxpresso.tools.win32_11.3.0.202008311133/tools/bin/../lib/gcc/arm-none-eabi/9.3.1/../../../../arm-none-eabi/lib/thumb/v7-m/nofp\libc.a(lib_a-localeconv.o)
                0x00005fac                _localeconv_r
 .text._malloc_r
                0x00005fb4      0x55c c:/nxp/mcuxpressoide_11.3.1_5262/ide/plugins/com.nxp.mcuxpresso.tools.win32_11.3.0.202008311133/tools/bin/../lib/gcc/arm-none-eabi/9.3.1/../../../../arm-none-eabi/lib/thumb/v7-m/nofp\libc.a(lib_a-mallocr.o)
                0x00005fb4                _malloc_r
 .text.memchr   0x00006510       0x80 c:/nxp/mcuxpressoide_11.3.1_5262/ide/plugins/com.nxp.mcuxpresso.tools.win32_11.3.0.202008311133/tools/bin/../lib/gcc/arm-none-eabi/9.3.1/../../../../arm-none-eabi/lib/thumb/v7-m/nofp\libc.a(lib_a-memchr-stub.o)
                0x00006510                memchr
 .text          0x00006590       0xec c:/nxp/mcuxpressoide_11.3.1_5262/ide/plugins/com.nxp.mcuxpresso.tools.win32_11.3.0.202008311133/tools/bin/../lib/gcc/arm-none-eabi/9.3.1/../../../../arm-none-eabi/lib/thumb/v7-m/nofp\libc.a(lib_a-memcpy.o)
                0x00006590                memcpy
 .text.__malloc_lock
                0x0000667c        0xc c:/nxp/mcuxpressoide_11.3.1_5262/ide/plugins/com.nxp.mcuxpresso.tools.win32_11.3.0.202008311133/tools/bin/../lib/gcc/arm-none-eabi/9.3.1/../../../../arm-none-eabi/lib/thumb/v7-m/nofp\libc.a(lib_a-mlock.o)
                0x0000667c                __malloc_lock
 .text.__malloc_unlock
                0x00006688        0xc c:/nxp/mcuxpressoide_11.3.1_5262/ide/plugins/com.nxp.mcuxpresso.tools.win32_11.3.0.202008311133/tools/bin/../lib/gcc/arm-none-eabi/9.3.1/../../../../arm-none-eabi/lib/thumb/v7-m/nofp\libc.a(lib_a-mlock.o)
                0x00006688                __malloc_unlock
 .text._Balloc  0x00006694       0x4c c:/nxp/mcuxpressoide_11.3.1_5262/ide/plugins/com.nxp.mcuxpresso.tools.win32_11.3.0.202008311133/tools/bin/../lib/gcc/arm-none-eabi/9.3.1/../../../../arm-none-eabi/lib/thumb/v7-m/nofp\libc.a(lib_a-mprec.o)
                0x00006694                _Balloc
 .text._Bfree   0x000066e0       0x14 c:/nxp/mcuxpressoide_11.3.1_5262/ide/plugins/com.nxp.mcuxpresso.tools.win32_11.3.0.202008311133/tools/bin/../lib/gcc/arm-none-eabi/9.3.1/../../../../arm-none-eabi/lib/thumb/v7-m/nofp\libc.a(lib_a-mprec.o)
                0x000066e0                _Bfree
 .text.__multadd
                0x000066f4       0x9c c:/nxp/mcuxpressoide_11.3.1_5262/ide/plugins/com.nxp.mcuxpresso.tools.win32_11.3.0.202008311133/tools/bin/../lib/gcc/arm-none-eabi/9.3.1/../../../../arm-none-eabi/lib/thumb/v7-m/nofp\libc.a(lib_a-mprec.o)
                0x000066f4                __multadd
 .text.__hi0bits
                0x00006790       0x40 c:/nxp/mcuxpressoide_11.3.1_5262/ide/plugins/com.nxp.mcuxpresso.tools.win32_11.3.0.202008311133/tools/bin/../lib/gcc/arm-none-eabi/9.3.1/../../../../arm-none-eabi/lib/thumb/v7-m/nofp\libc.a(lib_a-mprec.o)
                0x00006790                __hi0bits
 .text.__lo0bits
                0x000067d0       0x60 c:/nxp/mcuxpressoide_11.3.1_5262/ide/plugins/com.nxp.mcuxpresso.tools.win32_11.3.0.202008311133/tools/bin/../lib/gcc/arm-none-eabi/9.3.1/../../../../arm-none-eabi/lib/thumb/v7-m/nofp\libc.a(lib_a-mprec.o)
                0x000067d0                __lo0bits
 .text.__i2b    0x00006830       0x2c c:/nxp/mcuxpressoide_11.3.1_5262/ide/plugins/com.nxp.mcuxpresso.tools.win32_11.3.0.202008311133/tools/bin/../lib/gcc/arm-none-eabi/9.3.1/../../../../arm-none-eabi/lib/thumb/v7-m/nofp\libc.a(lib_a-mprec.o)
                0x00006830                __i2b
 .text.__multiply
                0x0000685c      0x160 c:/nxp/mcuxpressoide_11.3.1_5262/ide/plugins/com.nxp.mcuxpresso.tools.win32_11.3.0.202008311133/tools/bin/../lib/gcc/arm-none-eabi/9.3.1/../../../../arm-none-eabi/lib/thumb/v7-m/nofp\libc.a(lib_a-mprec.o)
                0x0000685c                __multiply
 .text.__pow5mult
                0x000069bc       0x98 c:/nxp/mcuxpressoide_11.3.1_5262/ide/plugins/com.nxp.mcuxpresso.tools.win32_11.3.0.202008311133/tools/bin/../lib/gcc/arm-none-eabi/9.3.1/../../../../arm-none-eabi/lib/thumb/v7-m/nofp\libc.a(lib_a-mprec.o)
                0x000069bc                __pow5mult
 .text.__lshift
                0x00006a54       0xe8 c:/nxp/mcuxpressoide_11.3.1_5262/ide/plugins/com.nxp.mcuxpresso.tools.win32_11.3.0.202008311133/tools/bin/../lib/gcc/arm-none-eabi/9.3.1/../../../../arm-none-eabi/lib/thumb/v7-m/nofp\libc.a(lib_a-mprec.o)
                0x00006a54                __lshift
 .text.__mcmp   0x00006b3c       0x3c c:/nxp/mcuxpressoide_11.3.1_5262/ide/plugins/com.nxp.mcuxpresso.tools.win32_11.3.0.202008311133/tools/bin/../lib/gcc/arm-none-eabi/9.3.1/../../../../arm-none-eabi/lib/thumb/v7-m/nofp\libc.a(lib_a-mprec.o)
                0x00006b3c                __mcmp
 .text.__mdiff  0x00006b78      0x150 c:/nxp/mcuxpressoide_11.3.1_5262/ide/plugins/com.nxp.mcuxpresso.tools.win32_11.3.0.202008311133/tools/bin/../lib/gcc/arm-none-eabi/9.3.1/../../../../arm-none-eabi/lib/thumb/v7-m/nofp\libc.a(lib_a-mprec.o)
                0x00006b78                __mdiff
 .text.__d2b    0x00006cc8       0xc4 c:/nxp/mcuxpressoide_11.3.1_5262/ide/plugins/com.nxp.mcuxpresso.tools.win32_11.3.0.202008311133/tools/bin/../lib/gcc/arm-none-eabi/9.3.1/../../../../arm-none-eabi/lib/thumb/v7-m/nofp\libc.a(lib_a-mprec.o)
                0x00006cc8                __d2b
 .text.frexp    0x00006d8c       0x70 c:/nxp/mcuxpressoide_11.3.1_5262/ide/plugins/com.nxp.mcuxpresso.tools.win32_11.3.0.202008311133/tools/bin/../lib/gcc/arm-none-eabi/9.3.1/../../../../arm-none-eabi/lib/thumb/v7-m/nofp\libc.a(lib_a-s_frexp.o)
                0x00006d8c                frexp
 .text._sbrk_r  0x00006dfc       0x24 c:/nxp/mcuxpressoide_11.3.1_5262/ide/plugins/com.nxp.mcuxpresso.tools.win32_11.3.0.202008311133/tools/bin/../lib/gcc/arm-none-eabi/9.3.1/../../../../arm-none-eabi/lib/thumb/v7-m/nofp\libc.a(lib_a-sbrkr.o)
                0x00006dfc                _sbrk_r
 .text.strlen   0x00006e20       0x5c c:/nxp/mcuxpressoide_11.3.1_5262/ide/plugins/com.nxp.mcuxpresso.tools.win32_11.3.0.202008311133/tools/bin/../lib/gcc/arm-none-eabi/9.3.1/../../../../arm-none-eabi/lib/thumb/v7-m/nofp\libc.a(lib_a-strlen-stub.o)
                0x00006e20                strlen
 .text.strncpy  0x00006e7c       0x68 c:/nxp/mcuxpressoide_11.3.1_5262/ide/plugins/com.nxp.mcuxpresso.tools.win32_11.3.0.202008311133/tools/bin/../lib/gcc/arm-none-eabi/9.3.1/../../../../arm-none-eabi/lib/thumb/v7-m/nofp\libc.a(lib_a-strncpy.o)
                0x00006e7c                strncpy
 .text.__ssprint_r
                0x00006ee4       0xf8 c:/nxp/mcuxpressoide_11.3.1_5262/ide/plugins/com.nxp.mcuxpresso.tools.win32_11.3.0.202008311133/tools/bin/../lib/gcc/arm-none-eabi/9.3.1/../../../../arm-none-eabi/lib/thumb/v7-m/nofp\libc.a(lib_a-svfiprintf.o)
                0x00006ee4                __ssprint_r
 .text.__assert_func
                0x00006fdc       0x3c c:/nxp/mcuxpressoide_11.3.1_5262/ide/plugins/com.nxp.mcuxpresso.tools.win32_11.3.0.202008311133/tools/bin/../lib/gcc/arm-none-eabi/9.3.1/../../../../arm-none-eabi/lib/thumb/v7-m/nofp\libc.a(lib_a-assert.o)
                0x00006fdc                __assert_func
 .text._calloc_r
                0x00007018       0x60 c:/nxp/mcuxpressoide_11.3.1_5262/ide/plugins/com.nxp.mcuxpresso.tools.win32_11.3.0.202008311133/tools/bin/../lib/gcc/arm-none-eabi/9.3.1/../../../../arm-none-eabi/lib/thumb/v7-m/nofp\libc.a(lib_a-callocr.o)
                0x00007018                _calloc_r
 .text.fiprintf
                0x00007078       0x28 c:/nxp/mcuxpressoide_11.3.1_5262/ide/plugins/com.nxp.mcuxpresso.tools.win32_11.3.0.202008311133/tools/bin/../lib/gcc/arm-none-eabi/9.3.1/../../../../arm-none-eabi/lib/thumb/v7-m/nofp\libc.a(lib_a-fiprintf.o)
                0x00007078                fiprintf
 .text.__locale_mb_cur_max
                0x000070a0        0xc c:/nxp/mcuxpressoide_11.3.1_5262/ide/plugins/com.nxp.mcuxpresso.tools.win32_11.3.0.202008311133/tools/bin/../lib/gcc/arm-none-eabi/9.3.1/../../../../arm-none-eabi/lib/thumb/v7-m/nofp\libc.a(lib_a-locale.o)
                0x000070a0                __locale_mb_cur_max
 .text.__retarget_lock_init_recursive
                0x000070ac        0x4 c:/nxp/mcuxpressoide_11.3.1_5262/ide/plugins/com.nxp.mcuxpresso.tools.win32_11.3.0.202008311133/tools/bin/../lib/gcc/arm-none-eabi/9.3.1/../../../../arm-none-eabi/lib/thumb/v7-m/nofp\libc.a(lib_a-lock.o)
                0x000070ac                __retarget_lock_init_recursive
 .text.__retarget_lock_close_recursive
                0x000070b0        0x4 c:/nxp/mcuxpressoide_11.3.1_5262/ide/plugins/com.nxp.mcuxpresso.tools.win32_11.3.0.202008311133/tools/bin/../lib/gcc/arm-none-eabi/9.3.1/../../../../arm-none-eabi/lib/thumb/v7-m/nofp\libc.a(lib_a-lock.o)
                0x000070b0                __retarget_lock_close_recursive
 .text.__retarget_lock_acquire_recursive
                0x000070b4        0x4 c:/nxp/mcuxpressoide_11.3.1_5262/ide/plugins/com.nxp.mcuxpresso.tools.win32_11.3.0.202008311133/tools/bin/../lib/gcc/arm-none-eabi/9.3.1/../../../../arm-none-eabi/lib/thumb/v7-m/nofp\libc.a(lib_a-lock.o)
                0x000070b4                __retarget_lock_acquire_recursive
 .text.__retarget_lock_release_recursive
                0x000070b8        0x4 c:/nxp/mcuxpressoide_11.3.1_5262/ide/plugins/com.nxp.mcuxpresso.tools.win32_11.3.0.202008311133/tools/bin/../lib/gcc/arm-none-eabi/9.3.1/../../../../arm-none-eabi/lib/thumb/v7-m/nofp\libc.a(lib_a-lock.o)
                0x000070b8                __retarget_lock_release_recursive
 .text.__ascii_mbtowc
                0x000070bc       0x2c c:/nxp/mcuxpressoide_11.3.1_5262/ide/plugins/com.nxp.mcuxpresso.tools.win32_11.3.0.202008311133/tools/bin/../lib/gcc/arm-none-eabi/9.3.1/../../../../arm-none-eabi/lib/thumb/v7-m/nofp\libc.a(lib_a-mbtowc_r.o)
                0x000070bc                __ascii_mbtowc
 .text.memmove  0x000070e8       0xd4 c:/nxp/mcuxpressoide_11.3.1_5262/ide/plugins/com.nxp.mcuxpresso.tools.win32_11.3.0.202008311133/tools/bin/../lib/gcc/arm-none-eabi/9.3.1/../../../../arm-none-eabi/lib/thumb/v7-m/nofp\libc.a(lib_a-memmove.o)
                0x000070e8                memmove
 .text._realloc_r
                0x000071bc      0x3e0 c:/nxp/mcuxpressoide_11.3.1_5262/ide/plugins/com.nxp.mcuxpresso.tools.win32_11.3.0.202008311133/tools/bin/../lib/gcc/arm-none-eabi/9.3.1/../../../../arm-none-eabi/lib/thumb/v7-m/nofp\libc.a(lib_a-reallocr.o)
                0x000071bc                _realloc_r
 .text.__sprint_r.part.0
                0x0000759c       0x78 c:/nxp/mcuxpressoide_11.3.1_5262/ide/plugins/com.nxp.mcuxpresso.tools.win32_11.3.0.202008311133/tools/bin/../lib/gcc/arm-none-eabi/9.3.1/../../../../arm-none-eabi/lib/thumb/v7-m/nofp\libc.a(lib_a-vfiprintf.o)
 .text._vfiprintf_r
                0x00007614      0xd2c c:/nxp/mcuxpressoide_11.3.1_5262/ide/plugins/com.nxp.mcuxpresso.tools.win32_11.3.0.202008311133/tools/bin/../lib/gcc/arm-none-eabi/9.3.1/../../../../arm-none-eabi/lib/thumb/v7-m/nofp\libc.a(lib_a-vfiprintf.o)
                0x00007614                _vfiprintf_r
 .text.__sbprintf
                0x00008340       0x88 c:/nxp/mcuxpressoide_11.3.1_5262/ide/plugins/com.nxp.mcuxpresso.tools.win32_11.3.0.202008311133/tools/bin/../lib/gcc/arm-none-eabi/9.3.1/../../../../arm-none-eabi/lib/thumb/v7-m/nofp\libc.a(lib_a-vfiprintf.o)
 .text.__ascii_wctomb
                0x000083c8       0x1c c:/nxp/mcuxpressoide_11.3.1_5262/ide/plugins/com.nxp.mcuxpresso.tools.win32_11.3.0.202008311133/tools/bin/../lib/gcc/arm-none-eabi/9.3.1/../../../../arm-none-eabi/lib/thumb/v7-m/nofp\libc.a(lib_a-wctomb_r.o)
                0x000083c8                __ascii_wctomb
 .text.__swsetup_r
                0x000083e4       0xd0 c:/nxp/mcuxpressoide_11.3.1_5262/ide/plugins/com.nxp.mcuxpresso.tools.win32_11.3.0.202008311133/tools/bin/../lib/gcc/arm-none-eabi/9.3.1/../../../../arm-none-eabi/lib/thumb/v7-m/nofp\libc.a(lib_a-wsetup.o)
                0x000083e4                __swsetup_r
 .text.abort    0x000084b4       0x10 c:/nxp/mcuxpressoide_11.3.1_5262/ide/plugins/com.nxp.mcuxpresso.tools.win32_11.3.0.202008311133/tools/bin/../lib/gcc/arm-none-eabi/9.3.1/../../../../arm-none-eabi/lib/thumb/v7-m/nofp\libc.a(lib_a-abort.o)
                0x000084b4                abort
 .text.__sflush_r
                0x000084c4      0x130 c:/nxp/mcuxpressoide_11.3.1_5262/ide/plugins/com.nxp.mcuxpresso.tools.win32_11.3.0.202008311133/tools/bin/../lib/gcc/arm-none-eabi/9.3.1/../../../../arm-none-eabi/lib/thumb/v7-m/nofp\libc.a(lib_a-fflush.o)
                0x000084c4                __sflush_r
 .text._fflush_r
                0x000085f4       0x5c c:/nxp/mcuxpressoide_11.3.1_5262/ide/plugins/com.nxp.mcuxpresso.tools.win32_11.3.0.202008311133/tools/bin/../lib/gcc/arm-none-eabi/9.3.1/../../../../arm-none-eabi/lib/thumb/v7-m/nofp\libc.a(lib_a-fflush.o)
                0x000085f4                _fflush_r
 .text.std      0x00008650       0x50 c:/nxp/mcuxpressoide_11.3.1_5262/ide/plugins/com.nxp.mcuxpresso.tools.win32_11.3.0.202008311133/tools/bin/../lib/gcc/arm-none-eabi/9.3.1/../../../../arm-none-eabi/lib/thumb/v7-m/nofp\libc.a(lib_a-findfp.o)
 .text._cleanup_r
                0x000086a0        0xc c:/nxp/mcuxpressoide_11.3.1_5262/ide/plugins/com.nxp.mcuxpresso.tools.win32_11.3.0.202008311133/tools/bin/../lib/gcc/arm-none-eabi/9.3.1/../../../../arm-none-eabi/lib/thumb/v7-m/nofp\libc.a(lib_a-findfp.o)
                0x000086a0                _cleanup_r
 .text.__sinit  0x000086ac       0x5c c:/nxp/mcuxpressoide_11.3.1_5262/ide/plugins/com.nxp.mcuxpresso.tools.win32_11.3.0.202008311133/tools/bin/../lib/gcc/arm-none-eabi/9.3.1/../../../../arm-none-eabi/lib/thumb/v7-m/nofp\libc.a(lib_a-findfp.o)
                0x000086ac                __sinit
 .text.__sfp_lock_acquire
                0x00008708        0xc c:/nxp/mcuxpressoide_11.3.1_5262/ide/plugins/com.nxp.mcuxpresso.tools.win32_11.3.0.202008311133/tools/bin/../lib/gcc/arm-none-eabi/9.3.1/../../../../arm-none-eabi/lib/thumb/v7-m/nofp\libc.a(lib_a-findfp.o)
                0x00008708                __sfp_lock_acquire
 .text.__sfp_lock_release
                0x00008714        0xc c:/nxp/mcuxpressoide_11.3.1_5262/ide/plugins/com.nxp.mcuxpresso.tools.win32_11.3.0.202008311133/tools/bin/../lib/gcc/arm-none-eabi/9.3.1/../../../../arm-none-eabi/lib/thumb/v7-m/nofp\libc.a(lib_a-findfp.o)
                0x00008714                __sfp_lock_release
 .text.__fputwc
                0x00008720       0xa0 c:/nxp/mcuxpressoide_11.3.1_5262/ide/plugins/com.nxp.mcuxpresso.tools.win32_11.3.0.202008311133/tools/bin/../lib/gcc/arm-none-eabi/9.3.1/../../../../arm-none-eabi/lib/thumb/v7-m/nofp\libc.a(lib_a-fputwc.o)
                0x00008720                __fputwc
 .text._fputwc_r
                0x000087c0       0x68 c:/nxp/mcuxpressoide_11.3.1_5262/ide/plugins/com.nxp.mcuxpresso.tools.win32_11.3.0.202008311133/tools/bin/../lib/gcc/arm-none-eabi/9.3.1/../../../../arm-none-eabi/lib/thumb/v7-m/nofp\libc.a(lib_a-fputwc.o)
                0x000087c0                _fputwc_r
 .text.__sfvwrite_r
                0x00008828      0x2ec c:/nxp/mcuxpressoide_11.3.1_5262/ide/plugins/com.nxp.mcuxpresso.tools.win32_11.3.0.202008311133/tools/bin/../lib/gcc/arm-none-eabi/9.3.1/../../../../arm-none-eabi/lib/thumb/v7-m/nofp\libc.a(lib_a-fvwrite.o)
                0x00008828                __sfvwrite_r
 .text._fwalk_reent
                0x00008b14       0x48 c:/nxp/mcuxpressoide_11.3.1_5262/ide/plugins/com.nxp.mcuxpresso.tools.win32_11.3.0.202008311133/tools/bin/../lib/gcc/arm-none-eabi/9.3.1/../../../../arm-none-eabi/lib/thumb/v7-m/nofp\libc.a(lib_a-fwalk.o)
                0x00008b14                _fwalk_reent
 .text.__swhatbuf_r
                0x00008b5c       0x5c c:/nxp/mcuxpressoide_11.3.1_5262/ide/plugins/com.nxp.mcuxpresso.tools.win32_11.3.0.202008311133/tools/bin/../lib/gcc/arm-none-eabi/9.3.1/../../../../arm-none-eabi/lib/thumb/v7-m/nofp\libc.a(lib_a-makebuf.o)
                0x00008b5c                __swhatbuf_r
 .text.__smakebuf_r
                0x00008bb8       0x94 c:/nxp/mcuxpressoide_11.3.1_5262/ide/plugins/com.nxp.mcuxpresso.tools.win32_11.3.0.202008311133/tools/bin/../lib/gcc/arm-none-eabi/9.3.1/../../../../arm-none-eabi/lib/thumb/v7-m/nofp\libc.a(lib_a-makebuf.o)
                0x00008bb8                __smakebuf_r
 .text._raise_r
                0x00008c4c       0x58 c:/nxp/mcuxpressoide_11.3.1_5262/ide/plugins/com.nxp.mcuxpresso.tools.win32_11.3.0.202008311133/tools/bin/../lib/gcc/arm-none-eabi/9.3.1/../../../../arm-none-eabi/lib/thumb/v7-m/nofp\libc.a(lib_a-signal.o)
                0x00008c4c                _raise_r
 .text.raise    0x00008ca4       0x10 c:/nxp/mcuxpressoide_11.3.1_5262/ide/plugins/com.nxp.mcuxpresso.tools.win32_11.3.0.202008311133/tools/bin/../lib/gcc/arm-none-eabi/9.3.1/../../../../arm-none-eabi/lib/thumb/v7-m/nofp\libc.a(lib_a-signal.o)
                0x00008ca4                raise
 .text._kill_r  0x00008cb4       0x2c c:/nxp/mcuxpressoide_11.3.1_5262/ide/plugins/com.nxp.mcuxpresso.tools.win32_11.3.0.202008311133/tools/bin/../lib/gcc/arm-none-eabi/9.3.1/../../../../arm-none-eabi/lib/thumb/v7-m/nofp\libc.a(lib_a-signalr.o)
                0x00008cb4                _kill_r
 .text._getpid_r
                0x00008ce0        0x4 c:/nxp/mcuxpressoide_11.3.1_5262/ide/plugins/com.nxp.mcuxpresso.tools.win32_11.3.0.202008311133/tools/bin/../lib/gcc/arm-none-eabi/9.3.1/../../../../arm-none-eabi/lib/thumb/v7-m/nofp\libc.a(lib_a-signalr.o)
                0x00008ce0                _getpid_r
 .text.__sread  0x00008ce4       0x24 c:/nxp/mcuxpressoide_11.3.1_5262/ide/plugins/com.nxp.mcuxpresso.tools.win32_11.3.0.202008311133/tools/bin/../lib/gcc/arm-none-eabi/9.3.1/../../../../arm-none-eabi/lib/thumb/v7-m/nofp\libc.a(lib_a-stdio.o)
                0x00008ce4                __sread
 .text.__swrite
                0x00008d08       0x40 c:/nxp/mcuxpressoide_11.3.1_5262/ide/plugins/com.nxp.mcuxpresso.tools.win32_11.3.0.202008311133/tools/bin/../lib/gcc/arm-none-eabi/9.3.1/../../../../arm-none-eabi/lib/thumb/v7-m/nofp\libc.a(lib_a-stdio.o)
                0x00008d08                __swrite
 .text.__sseek  0x00008d48       0x20 c:/nxp/mcuxpressoide_11.3.1_5262/ide/plugins/com.nxp.mcuxpresso.tools.win32_11.3.0.202008311133/tools/bin/../lib/gcc/arm-none-eabi/9.3.1/../../../../arm-none-eabi/lib/thumb/v7-m/nofp\libc.a(lib_a-stdio.o)
                0x00008d48                __sseek
 .text.__sclose
                0x00008d68        0x8 c:/nxp/mcuxpressoide_11.3.1_5262/ide/plugins/com.nxp.mcuxpresso.tools.win32_11.3.0.202008311133/tools/bin/../lib/gcc/arm-none-eabi/9.3.1/../../../../arm-none-eabi/lib/thumb/v7-m/nofp\libc.a(lib_a-stdio.o)
                0x00008d68                __sclose
 .text.__swbuf_r
                0x00008d70       0xb0 c:/nxp/mcuxpressoide_11.3.1_5262/ide/plugins/com.nxp.mcuxpresso.tools.win32_11.3.0.202008311133/tools/bin/../lib/gcc/arm-none-eabi/9.3.1/../../../../arm-none-eabi/lib/thumb/v7-m/nofp\libc.a(lib_a-wbuf.o)
                0x00008d70                __swbuf_r
 .text._wcrtomb_r
                0x00008e20       0x3c c:/nxp/mcuxpressoide_11.3.1_5262/ide/plugins/com.nxp.mcuxpresso.tools.win32_11.3.0.202008311133/tools/bin/../lib/gcc/arm-none-eabi/9.3.1/../../../../arm-none-eabi/lib/thumb/v7-m/nofp\libc.a(lib_a-wcrtomb.o)
                0x00008e20                _wcrtomb_r
 .text._write_r
                0x00008e5c       0x2c c:/nxp/mcuxpressoide_11.3.1_5262/ide/plugins/com.nxp.mcuxpresso.tools.win32_11.3.0.202008311133/tools/bin/../lib/gcc/arm-none-eabi/9.3.1/../../../../arm-none-eabi/lib/thumb/v7-m/nofp\libc.a(lib_a-writer.o)
                0x00008e5c                _write_r
 .text._close_r
                0x00008e88       0x24 c:/nxp/mcuxpressoide_11.3.1_5262/ide/plugins/com.nxp.mcuxpresso.tools.win32_11.3.0.202008311133/tools/bin/../lib/gcc/arm-none-eabi/9.3.1/../../../../arm-none-eabi/lib/thumb/v7-m/nofp\libc.a(lib_a-closer.o)
                0x00008e88                _close_r
 .text._fclose_r
                0x00008eac       0xcc c:/nxp/mcuxpressoide_11.3.1_5262/ide/plugins/com.nxp.mcuxpresso.tools.win32_11.3.0.202008311133/tools/bin/../lib/gcc/arm-none-eabi/9.3.1/../../../../arm-none-eabi/lib/thumb/v7-m/nofp\libc.a(lib_a-fclose.o)
                0x00008eac                _fclose_r
 .text._fstat_r
                0x00008f78       0x2c c:/nxp/mcuxpressoide_11.3.1_5262/ide/plugins/com.nxp.mcuxpresso.tools.win32_11.3.0.202008311133/tools/bin/../lib/gcc/arm-none-eabi/9.3.1/../../../../arm-none-eabi/lib/thumb/v7-m/nofp\libc.a(lib_a-fstatr.o)
                0x00008f78                _fstat_r
 .text._isatty_r
                0x00008fa4       0x24 c:/nxp/mcuxpressoide_11.3.1_5262/ide/plugins/com.nxp.mcuxpresso.tools.win32_11.3.0.202008311133/tools/bin/../lib/gcc/arm-none-eabi/9.3.1/../../../../arm-none-eabi/lib/thumb/v7-m/nofp\libc.a(lib_a-isattyr.o)
                0x00008fa4                _isatty_r
 .text._lseek_r
                0x00008fc8       0x2c c:/nxp/mcuxpressoide_11.3.1_5262/ide/plugins/com.nxp.mcuxpresso.tools.win32_11.3.0.202008311133/tools/bin/../lib/gcc/arm-none-eabi/9.3.1/../../../../arm-none-eabi/lib/thumb/v7-m/nofp\libc.a(lib_a-lseekr.o)
                0x00008fc8                _lseek_r
 .text._read_r  0x00008ff4       0x2c c:/nxp/mcuxpressoide_11.3.1_5262/ide/plugins/com.nxp.mcuxpresso.tools.win32_11.3.0.202008311133/tools/bin/../lib/gcc/arm-none-eabi/9.3.1/../../../../arm-none-eabi/lib/thumb/v7-m/nofp\libc.a(lib_a-readr.o)
                0x00008ff4                _read_r
 .text._sbrk    0x00009020       0x3c c:/nxp/mcuxpressoide_11.3.1_5262/ide/plugins/com.nxp.mcuxpresso.tools.win32_11.3.0.202008311133/tools/bin/../lib/gcc/arm-none-eabi/9.3.1/../../../../arm-none-eabi/lib/thumb/v7-m/nofp\libcr_newlib_semihost.a(_cr_sbrk.o)
                0x00009020                _sbrk
 .text._exit    0x0000905c        0x8 c:/nxp/mcuxpressoide_11.3.1_5262/ide/plugins/com.nxp.mcuxpresso.tools.win32_11.3.0.202008311133/tools/bin/../lib/gcc/arm-none-eabi/9.3.1/../../../../arm-none-eabi/lib/thumb/v7-m/nofp\libcr_newlib_semihost.a(_exit.o)
                0x0000905c                _exit
 .text._kill    0x00009064       0x20 c:/nxp/mcuxpressoide_11.3.1_5262/ide/plugins/com.nxp.mcuxpresso.tools.win32_11.3.0.202008311133/tools/bin/../lib/gcc/arm-none-eabi/9.3.1/../../../../arm-none-eabi/lib/thumb/v7-m/nofp\libcr_newlib_semihost.a(_kill.o)
                0x00009064                _kill
 .text.error    0x00009084       0x1c c:/nxp/mcuxpressoide_11.3.1_5262/ide/plugins/com.nxp.mcuxpresso.tools.win32_11.3.0.202008311133/tools/bin/../lib/gcc/arm-none-eabi/9.3.1/../../../../arm-none-eabi/lib/thumb/v7-m/nofp\libcr_newlib_semihost.a(syscalls.o)
 .text.initialise_monitor_handles
                0x000090a0       0xac c:/nxp/mcuxpressoide_11.3.1_5262/ide/plugins/com.nxp.mcuxpresso.tools.win32_11.3.0.202008311133/tools/bin/../lib/gcc/arm-none-eabi/9.3.1/../../../../arm-none-eabi/lib/thumb/v7-m/nofp\libcr_newlib_semihost.a(syscalls.o)
 .text.findslot
                0x0000914c       0x24 c:/nxp/mcuxpressoide_11.3.1_5262/ide/plugins/com.nxp.mcuxpresso.tools.win32_11.3.0.202008311133/tools/bin/../lib/gcc/arm-none-eabi/9.3.1/../../../../arm-none-eabi/lib/thumb/v7-m/nofp\libcr_newlib_semihost.a(syscalls.o)
 .text.checkerror
                0x00009170       0x20 c:/nxp/mcuxpressoide_11.3.1_5262/ide/plugins/com.nxp.mcuxpresso.tools.win32_11.3.0.202008311133/tools/bin/../lib/gcc/arm-none-eabi/9.3.1/../../../../arm-none-eabi/lib/thumb/v7-m/nofp\libcr_newlib_semihost.a(syscalls.o)
 .text._swiread
                0x00009190       0x20 c:/nxp/mcuxpressoide_11.3.1_5262/ide/plugins/com.nxp.mcuxpresso.tools.win32_11.3.0.202008311133/tools/bin/../lib/gcc/arm-none-eabi/9.3.1/../../../../arm-none-eabi/lib/thumb/v7-m/nofp\libcr_newlib_semihost.a(syscalls.o)
                0x00009190                _swiread
 .text._read    0x000091b0       0x34 c:/nxp/mcuxpressoide_11.3.1_5262/ide/plugins/com.nxp.mcuxpresso.tools.win32_11.3.0.202008311133/tools/bin/../lib/gcc/arm-none-eabi/9.3.1/../../../../arm-none-eabi/lib/thumb/v7-m/nofp\libcr_newlib_semihost.a(syscalls.o)
                0x000091b0                _read
 .text._swilseek
                0x000091e4       0x78 c:/nxp/mcuxpressoide_11.3.1_5262/ide/plugins/com.nxp.mcuxpresso.tools.win32_11.3.0.202008311133/tools/bin/../lib/gcc/arm-none-eabi/9.3.1/../../../../arm-none-eabi/lib/thumb/v7-m/nofp\libcr_newlib_semihost.a(syscalls.o)
                0x000091e4                _swilseek
 .text._lseek   0x0000925c        0x4 c:/nxp/mcuxpressoide_11.3.1_5262/ide/plugins/com.nxp.mcuxpresso.tools.win32_11.3.0.202008311133/tools/bin/../lib/gcc/arm-none-eabi/9.3.1/../../../../arm-none-eabi/lib/thumb/v7-m/nofp\libcr_newlib_semihost.a(syscalls.o)
                0x0000925c                _lseek
 .text._swiwrite
                0x00009260       0x20 c:/nxp/mcuxpressoide_11.3.1_5262/ide/plugins/com.nxp.mcuxpresso.tools.win32_11.3.0.202008311133/tools/bin/../lib/gcc/arm-none-eabi/9.3.1/../../../../arm-none-eabi/lib/thumb/v7-m/nofp\libcr_newlib_semihost.a(syscalls.o)
                0x00009260                _swiwrite
 .text._write   0x00009280       0x40 c:/nxp/mcuxpressoide_11.3.1_5262/ide/plugins/com.nxp.mcuxpresso.tools.win32_11.3.0.202008311133/tools/bin/../lib/gcc/arm-none-eabi/9.3.1/../../../../arm-none-eabi/lib/thumb/v7-m/nofp\libcr_newlib_semihost.a(syscalls.o)
                0x00009280                _write
 .text._swiclose
                0x000092c0       0x1a c:/nxp/mcuxpressoide_11.3.1_5262/ide/plugins/com.nxp.mcuxpresso.tools.win32_11.3.0.202008311133/tools/bin/../lib/gcc/arm-none-eabi/9.3.1/../../../../arm-none-eabi/lib/thumb/v7-m/nofp\libcr_newlib_semihost.a(syscalls.o)
                0x000092c0                _swiclose
 *fill*         0x000092da        0x2 ff
 .text._close   0x000092dc       0x4c c:/nxp/mcuxpressoide_11.3.1_5262/ide/plugins/com.nxp.mcuxpresso.tools.win32_11.3.0.202008311133/tools/bin/../lib/gcc/arm-none-eabi/9.3.1/../../../../arm-none-eabi/lib/thumb/v7-m/nofp\libcr_newlib_semihost.a(syscalls.o)
                0x000092dc                _close
 .text._getpid  0x00009328        0x4 c:/nxp/mcuxpressoide_11.3.1_5262/ide/plugins/com.nxp.mcuxpresso.tools.win32_11.3.0.202008311133/tools/bin/../lib/gcc/arm-none-eabi/9.3.1/../../../../arm-none-eabi/lib/thumb/v7-m/nofp\libcr_newlib_semihost.a(syscalls.o)
                0x00009328                _getpid
 .text._swistat
                0x0000932c       0x42 c:/nxp/mcuxpressoide_11.3.1_5262/ide/plugins/com.nxp.mcuxpresso.tools.win32_11.3.0.202008311133/tools/bin/../lib/gcc/arm-none-eabi/9.3.1/../../../../arm-none-eabi/lib/thumb/v7-m/nofp\libcr_newlib_semihost.a(syscalls.o)
                0x0000932c                _swistat
 .text._fstat   0x0000936e       0x1c c:/nxp/mcuxpressoide_11.3.1_5262/ide/plugins/com.nxp.mcuxpresso.tools.win32_11.3.0.202008311133/tools/bin/../lib/gcc/arm-none-eabi/9.3.1/../../../../arm-none-eabi/lib/thumb/v7-m/nofp\libcr_newlib_semihost.a(syscalls.o)
                0x0000936e                _fstat
 .text._isatty  0x0000938a       0x2a c:/nxp/mcuxpressoide_11.3.1_5262/ide/plugins/com.nxp.mcuxpresso.tools.win32_11.3.0.202008311133/tools/bin/../lib/gcc/arm-none-eabi/9.3.1/../../../../arm-none-eabi/lib/thumb/v7-m/nofp\libcr_newlib_semihost.a(syscalls.o)
                0x0000938a                _isatty
 .text.__check_heap_overflow
                0x000093b4       0x14 c:/nxp/mcuxpressoide_11.3.1_5262/ide/plugins/com.nxp.mcuxpresso.tools.win32_11.3.0.202008311133/tools/bin/../lib/gcc/arm-none-eabi/9.3.1/../../../../arm-none-eabi/lib/thumb/v7-m/nofp\libcr_newlib_semihost.a(_cr_check_heap.o)
                0x000093b4                __check_heap_overflow
 .text          0x000093c8      0x110 c:/nxp/mcuxpressoide_11.3.1_5262/ide/plugins/com.nxp.mcuxpresso.tools.win32_11.3.0.202008311133/tools/bin/../lib/gcc/arm-none-eabi/9.3.1/thumb/v7-m/nofp\libgcc.a(_arm_cmpdf2.o)
                0x000093c8                __gtdf2
                0x000093c8                __gedf2
                0x000093d0                __ltdf2
                0x000093d0                __ledf2
                0x000093d8                __nedf2
                0x000093d8                __eqdf2
                0x000093d8                __cmpdf2
                0x00009454                __aeabi_cdrcmple
                0x00009464                __aeabi_cdcmpeq
                0x00009464                __aeabi_cdcmple
                0x00009474                __aeabi_dcmpeq
                0x00009488                __aeabi_dcmplt
                0x0000949c                __aeabi_dcmple
                0x000094b0                __aeabi_dcmpge
                0x000094c4                __aeabi_dcmpgt
 .text          0x000094d8       0x2c c:/nxp/mcuxpressoide_11.3.1_5262/ide/plugins/com.nxp.mcuxpresso.tools.win32_11.3.0.202008311133/tools/bin/../lib/gcc/arm-none-eabi/9.3.1/thumb/v7-m/nofp\libgcc.a(_arm_unorddf2.o)
                0x000094d8                __unorddf2
                0x000094d8                __aeabi_dcmpun
 .text          0x00009504       0x50 c:/nxp/mcuxpressoide_11.3.1_5262/ide/plugins/com.nxp.mcuxpresso.tools.win32_11.3.0.202008311133/tools/bin/../lib/gcc/arm-none-eabi/9.3.1/thumb/v7-m/nofp\libgcc.a(_arm_fixdfsi.o)
                0x00009504                __aeabi_d2iz
                0x00009504                __fixdfsi
 .text.__errno  0x00009554        0xc c:/nxp/mcuxpressoide_11.3.1_5262/ide/plugins/com.nxp.mcuxpresso.tools.win32_11.3.0.202008311133/tools/bin/../lib/gcc/arm-none-eabi/9.3.1/../../../../arm-none-eabi/lib/thumb/v7-m/nofp\libc.a(lib_a-errno.o)
                0x00009554                __errno
 *(.rodata .rodata.* .constdata .constdata.*)
 .rodata.str1.4
                0x00009560       0x20 ./src/main.o
 .rodata        0x00009580        0x8 C:\Users\student\Desktop\Wbudy\C03_AirConditioner\Lib_EaBaseBoard\Debug\libLib_EaBaseBoard.a(oled.o)
 .rodata        0x00009588      0x300 C:\Users\student\Desktop\Wbudy\C03_AirConditioner\Lib_EaBaseBoard\Debug\libLib_EaBaseBoard.a(font5x7.o)
                0x00009588                font5x7
 .rodata.str1.4
                0x00009888        0xf C:\Users\student\Desktop\Wbudy\C03_AirConditioner\Lib_MCU\Debug\libLib_MCU.a(lpc17xx_i2c.o)
 *fill*         0x00009897        0x1 ff
 .rodata.str1.4
                0x00009898        0xf C:\Users\student\Desktop\Wbudy\C03_AirConditioner\Lib_MCU\Debug\libLib_MCU.a(lpc17xx_ssp.o)
 *fill*         0x000098a7        0x1 ff
 .rodata.str1.4
                0x000098a8       0x11 C:\Users\student\Desktop\Wbudy\C03_AirConditioner\Lib_MCU\Debug\libLib_MCU.a(lpc17xx_timer.o)
 *fill*         0x000098b9        0x3 ff
 .rodata._svfprintf_r.str1.4
                0x000098bc       0x42 c:/nxp/mcuxpressoide_11.3.1_5262/ide/plugins/com.nxp.mcuxpresso.tools.win32_11.3.0.202008311133/tools/bin/../lib/gcc/arm-none-eabi/9.3.1/../../../../arm-none-eabi/lib/thumb/v7-m/nofp\libc.a(lib_a-svfprintf.o)
 *fill*         0x000098fe        0x2 ff
 .rodata.blanks.7335
                0x00009900       0x10 c:/nxp/mcuxpressoide_11.3.1_5262/ide/plugins/com.nxp.mcuxpresso.tools.win32_11.3.0.202008311133/tools/bin/../lib/gcc/arm-none-eabi/9.3.1/../../../../arm-none-eabi/lib/thumb/v7-m/nofp\libc.a(lib_a-svfprintf.o)
 .rodata.zeroes.7336
                0x00009910       0x10 c:/nxp/mcuxpressoide_11.3.1_5262/ide/plugins/com.nxp.mcuxpresso.tools.win32_11.3.0.202008311133/tools/bin/../lib/gcc/arm-none-eabi/9.3.1/../../../../arm-none-eabi/lib/thumb/v7-m/nofp\libc.a(lib_a-svfprintf.o)
 .rodata._dtoa_r.str1.4
                0x00009920       0xa0 c:/nxp/mcuxpressoide_11.3.1_5262/ide/plugins/com.nxp.mcuxpresso.tools.win32_11.3.0.202008311133/tools/bin/../lib/gcc/arm-none-eabi/9.3.1/../../../../arm-none-eabi/lib/thumb/v7-m/nofp\libc.a(lib_a-dtoa.o)
                                 0xa4 (size before relaxing)
 .rodata.__multadd.str1.4
                0x000099c0       0x7d c:/nxp/mcuxpressoide_11.3.1_5262/ide/plugins/com.nxp.mcuxpresso.tools.win32_11.3.0.202008311133/tools/bin/../lib/gcc/arm-none-eabi/9.3.1/../../../../arm-none-eabi/lib/thumb/v7-m/nofp\libc.a(lib_a-mprec.o)
                                 0x91 (size before relaxing)
 *fill*         0x00009a3d        0x3 ff
 .rodata.__mprec_bigtens
                0x00009a40       0x28 c:/nxp/mcuxpressoide_11.3.1_5262/ide/plugins/com.nxp.mcuxpresso.tools.win32_11.3.0.202008311133/tools/bin/../lib/gcc/arm-none-eabi/9.3.1/../../../../arm-none-eabi/lib/thumb/v7-m/nofp\libc.a(lib_a-mprec.o)
                0x00009a40                __mprec_bigtens
 .rodata.__mprec_tens
                0x00009a68       0xc8 c:/nxp/mcuxpressoide_11.3.1_5262/ide/plugins/com.nxp.mcuxpresso.tools.win32_11.3.0.202008311133/tools/bin/../lib/gcc/arm-none-eabi/9.3.1/../../../../arm-none-eabi/lib/thumb/v7-m/nofp\libc.a(lib_a-mprec.o)
                0x00009a68                __mprec_tens
 .rodata.p05.6122
                0x00009b30        0xc c:/nxp/mcuxpressoide_11.3.1_5262/ide/plugins/com.nxp.mcuxpresso.tools.win32_11.3.0.202008311133/tools/bin/../lib/gcc/arm-none-eabi/9.3.1/../../../../arm-none-eabi/lib/thumb/v7-m/nofp\libc.a(lib_a-mprec.o)
 .rodata.__assert_func.str1.4
                0x00009b3c       0x3f c:/nxp/mcuxpressoide_11.3.1_5262/ide/plugins/com.nxp.mcuxpresso.tools.win32_11.3.0.202008311133/tools/bin/../lib/gcc/arm-none-eabi/9.3.1/../../../../arm-none-eabi/lib/thumb/v7-m/nofp\libc.a(lib_a-assert.o)
                                 0x43 (size before relaxing)
 *fill*         0x00009b7b        0x1 ff
 .rodata._setlocale_r.str1.4
                0x00009b7c        0xa c:/nxp/mcuxpressoide_11.3.1_5262/ide/plugins/com.nxp.mcuxpresso.tools.win32_11.3.0.202008311133/tools/bin/../lib/gcc/arm-none-eabi/9.3.1/../../../../arm-none-eabi/lib/thumb/v7-m/nofp\libc.a(lib_a-locale.o)
                                  0xd (size before relaxing)
 *fill*         0x00009b86        0x2 ff
 .rodata.str1.4
                0x00009b88        0x2 c:/nxp/mcuxpressoide_11.3.1_5262/ide/plugins/com.nxp.mcuxpresso.tools.win32_11.3.0.202008311133/tools/bin/../lib/gcc/arm-none-eabi/9.3.1/../../../../arm-none-eabi/lib/thumb/v7-m/nofp\libc.a(lib_a-locale.o)
 .rodata._vfiprintf_r.str1.4
                0x00009b8a       0x2f c:/nxp/mcuxpressoide_11.3.1_5262/ide/plugins/com.nxp.mcuxpresso.tools.win32_11.3.0.202008311133/tools/bin/../lib/gcc/arm-none-eabi/9.3.1/../../../../arm-none-eabi/lib/thumb/v7-m/nofp\libc.a(lib_a-vfiprintf.o)
 *fill*         0x00009b8a        0x2 ff
 .rodata.blanks.7328
                0x00009b8c       0x10 c:/nxp/mcuxpressoide_11.3.1_5262/ide/plugins/com.nxp.mcuxpresso.tools.win32_11.3.0.202008311133/tools/bin/../lib/gcc/arm-none-eabi/9.3.1/../../../../arm-none-eabi/lib/thumb/v7-m/nofp\libc.a(lib_a-vfiprintf.o)
 .rodata.zeroes.7329
                0x00009b9c       0x10 c:/nxp/mcuxpressoide_11.3.1_5262/ide/plugins/com.nxp.mcuxpresso.tools.win32_11.3.0.202008311133/tools/bin/../lib/gcc/arm-none-eabi/9.3.1/../../../../arm-none-eabi/lib/thumb/v7-m/nofp\libc.a(lib_a-vfiprintf.o)
 .rodata._ctype_
                0x00009bac      0x101 c:/nxp/mcuxpressoide_11.3.1_5262/ide/plugins/com.nxp.mcuxpresso.tools.win32_11.3.0.202008311133/tools/bin/../lib/gcc/arm-none-eabi/9.3.1/../../../../arm-none-eabi/lib/thumb/v7-m/nofp\libc.a(lib_a-ctype_.o)
                0x00009bac                _ctype_
 .rodata.initialise_monitor_handles.str1.1
                0x00009cad        0x4 c:/nxp/mcuxpressoide_11.3.1_5262/ide/plugins/com.nxp.mcuxpresso.tools.win32_11.3.0.202008311133/tools/bin/../lib/gcc/arm-none-eabi/9.3.1/../../../../arm-none-eabi/lib/thumb/v7-m/nofp\libcr_newlib_semihost.a(syscalls.o)
                0x00009cb4                . = ALIGN (0x4)
 *fill*         0x00009cb1        0x3 ff

.glue_7         0x00009cb4        0x0
 .glue_7        0x00009cb4        0x0 linker stubs

.glue_7t        0x00009cb4        0x0
 .glue_7t       0x00009cb4        0x0 linker stubs

.vfp11_veneer   0x00009cb4        0x0
 .vfp11_veneer  0x00009cb4        0x0 linker stubs

.v4_bx          0x00009cb4        0x0
 .v4_bx         0x00009cb4        0x0 linker stubs

.iplt           0x00009cb4        0x0
 .iplt          0x00009cb4        0x0 ./src/cr_startup_lpc17.o

.ARM.extab
 *(.ARM.extab* .gnu.linkonce.armextab.*)

.ARM.exidx      0x00009cb4        0x8
                0x00009cb4                __exidx_start = .
 *(.ARM.exidx* .gnu.linkonce.armexidx.*)
 .ARM.exidx     0x00009cb4        0x8 c:/nxp/mcuxpressoide_11.3.1_5262/ide/plugins/com.nxp.mcuxpresso.tools.win32_11.3.0.202008311133/tools/bin/../lib/gcc/arm-none-eabi/9.3.1/thumb/v7-m/nofp\libgcc.a(_udivmoddi4.o)
                0x00009cbc                __exidx_end = .
                0x00009cbc                _etext = .

.rel.dyn        0x00009cbc        0x0
 .rel.iplt      0x00009cbc        0x0 ./src/cr_startup_lpc17.o

.data_RAM2      0x2007c000        0x0 load address 0x00009cbc
 FILL mask 0xff
                [!provide]                PROVIDE (__start_data_RAM2 = .)
                [!provide]                PROVIDE (__start_data_RamAHB32 = .)
 *(.ramfunc.$RAM2)
 *(.ramfunc.$RamAHB32)
 *(.data.$RAM2)
 *(.data.$RamAHB32)
 *(.data.$RAM2.*)
 *(.data.$RamAHB32.*)
                0x2007c000                . = ALIGN (0x4)
                [!provide]                PROVIDE (__end_data_RAM2 = .)
                [!provide]                PROVIDE (__end_data_RamAHB32 = .)

.uninit_RESERVED
                0x10000000        0x0
                0x10000000                _start_uninit_RESERVED = .
 *(.bss.$RESERVED*)
                0x10000000                . = ALIGN (0x4)
                0x10000000                _end_uninit_RESERVED = .

.data           0x10000000      0x9b4 load address 0x00009cbc
 FILL mask 0xff
                0x10000000                _data = .
                [!provide]                PROVIDE (__start_data_RAM = .)
                [!provide]                PROVIDE (__start_data_RamLoc32 = .)
 *(vtable)
 *(.ramfunc*)
 *(CodeQuickAccess)
 *(DataQuickAccess)
 *(RamFunction)
 *(.data*)
 .data          0x10000000        0x4 C:\Users\student\Desktop\Wbudy\C03_AirConditioner\Lib_CMSISv1p30_LPC17xx\Debug\libCMSISv1p30_LPC17xx.a(system_LPC17xx.o)
                0x10000000                SystemCoreClock
 .data          0x10000004        0x8 C:\Users\student\Desktop\Wbudy\C03_AirConditioner\Lib_EaBaseBoard\Debug\libLib_EaBaseBoard.a(light.o)
 .data._impure_ptr
                0x1000000c        0x4 c:/nxp/mcuxpressoide_11.3.1_5262/ide/plugins/com.nxp.mcuxpresso.tools.win32_11.3.0.202008311133/tools/bin/../lib/gcc/arm-none-eabi/9.3.1/../../../../arm-none-eabi/lib/thumb/v7-m/nofp\libc.a(lib_a-impure.o)
                0x1000000c                _impure_ptr
 .data.impure_data
                0x10000010      0x428 c:/nxp/mcuxpressoide_11.3.1_5262/ide/plugins/com.nxp.mcuxpresso.tools.win32_11.3.0.202008311133/tools/bin/../lib/gcc/arm-none-eabi/9.3.1/../../../../arm-none-eabi/lib/thumb/v7-m/nofp\libc.a(lib_a-impure.o)
 .data.__malloc_av_
                0x10000438      0x408 c:/nxp/mcuxpressoide_11.3.1_5262/ide/plugins/com.nxp.mcuxpresso.tools.win32_11.3.0.202008311133/tools/bin/../lib/gcc/arm-none-eabi/9.3.1/../../../../arm-none-eabi/lib/thumb/v7-m/nofp\libc.a(lib_a-mallocr.o)
                0x10000438                __malloc_av_
 .data.__malloc_sbrk_base
                0x10000840        0x4 c:/nxp/mcuxpressoide_11.3.1_5262/ide/plugins/com.nxp.mcuxpresso.tools.win32_11.3.0.202008311133/tools/bin/../lib/gcc/arm-none-eabi/9.3.1/../../../../arm-none-eabi/lib/thumb/v7-m/nofp\libc.a(lib_a-mallocr.o)
                0x10000840                __malloc_sbrk_base
 .data.__malloc_trim_threshold
                0x10000844        0x4 c:/nxp/mcuxpressoide_11.3.1_5262/ide/plugins/com.nxp.mcuxpresso.tools.win32_11.3.0.202008311133/tools/bin/../lib/gcc/arm-none-eabi/9.3.1/../../../../arm-none-eabi/lib/thumb/v7-m/nofp\libc.a(lib_a-mallocr.o)
                0x10000844                __malloc_trim_threshold
 .data.__global_locale
                0x10000848      0x16c c:/nxp/mcuxpressoide_11.3.1_5262/ide/plugins/com.nxp.mcuxpresso.tools.win32_11.3.0.202008311133/tools/bin/../lib/gcc/arm-none-eabi/9.3.1/../../../../arm-none-eabi/lib/thumb/v7-m/nofp\libc.a(lib_a-locale.o)
                0x10000848                __global_locale
                0x100009b4                . = ALIGN (0x4)
                0x100009b4                _edata = .
                [!provide]                PROVIDE (__end_data_RAM = .)
                [!provide]                PROVIDE (__end_data_RamLoc32 = .)

.igot.plt       0x100009b4        0x0 load address 0x0000a670
 .igot.plt      0x100009b4        0x0 ./src/cr_startup_lpc17.o

.bss_RAM2       0x2007c000        0x0
                [!provide]                PROVIDE (__start_bss_RAM2 = .)
                [!provide]                PROVIDE (__start_bss_RamAHB32 = .)
 *(.bss.$RAM2)
 *(.bss.$RamAHB32)
 *(.bss.$RAM2.*)
 *(.bss.$RamAHB32.*)
                0x2007c000                . = ALIGN ((. != 0x0)?0x4:0x1)
                [!provide]                PROVIDE (__end_bss_RAM2 = .)
                [!provide]                PROVIDE (__end_bss_RamAHB32 = .)

.bss            0x100009b4      0x3e0
                0x100009b4                _bss = .
                [!provide]                PROVIDE (__start_bss_RAM = .)
                [!provide]                PROVIDE (__start_bss_RamLoc32 = .)
 *(.bss*)
 .bss           0x100009b4        0xe ./src/main.o
 *fill*         0x100009c2        0x2 
 .bss           0x100009c4      0x300 C:\Users\student\Desktop\Wbudy\C03_AirConditioner\Lib_EaBaseBoard\Debug\libLib_EaBaseBoard.a(oled.o)
 .bss           0x10000cc4        0x4 C:\Users\student\Desktop\Wbudy\C03_AirConditioner\Lib_EaBaseBoard\Debug\libLib_EaBaseBoard.a(temp.o)
 .bss           0x10000cc8       0x34 C:\Users\student\Desktop\Wbudy\C03_AirConditioner\Lib_MCU\Debug\libLib_MCU.a(lpc17xx_i2c.o)
 .bss.__malloc_current_mallinfo
                0x10000cfc       0x28 c:/nxp/mcuxpressoide_11.3.1_5262/ide/plugins/com.nxp.mcuxpresso.tools.win32_11.3.0.202008311133/tools/bin/../lib/gcc/arm-none-eabi/9.3.1/../../../../arm-none-eabi/lib/thumb/v7-m/nofp\libc.a(lib_a-mallocr.o)
                0x10000cfc                __malloc_current_mallinfo
 .bss.__malloc_max_sbrked_mem
                0x10000d24        0x4 c:/nxp/mcuxpressoide_11.3.1_5262/ide/plugins/com.nxp.mcuxpresso.tools.win32_11.3.0.202008311133/tools/bin/../lib/gcc/arm-none-eabi/9.3.1/../../../../arm-none-eabi/lib/thumb/v7-m/nofp\libc.a(lib_a-mallocr.o)
                0x10000d24                __malloc_max_sbrked_mem
 .bss.__malloc_max_total_mem
                0x10000d28        0x4 c:/nxp/mcuxpressoide_11.3.1_5262/ide/plugins/com.nxp.mcuxpresso.tools.win32_11.3.0.202008311133/tools/bin/../lib/gcc/arm-none-eabi/9.3.1/../../../../arm-none-eabi/lib/thumb/v7-m/nofp\libc.a(lib_a-mallocr.o)
                0x10000d28                __malloc_max_total_mem
 .bss.__malloc_top_pad
                0x10000d2c        0x4 c:/nxp/mcuxpressoide_11.3.1_5262/ide/plugins/com.nxp.mcuxpresso.tools.win32_11.3.0.202008311133/tools/bin/../lib/gcc/arm-none-eabi/9.3.1/../../../../arm-none-eabi/lib/thumb/v7-m/nofp\libc.a(lib_a-mallocr.o)
                0x10000d2c                __malloc_top_pad
 .bss.__end_of_heap
                0x10000d30        0x4 c:/nxp/mcuxpressoide_11.3.1_5262/ide/plugins/com.nxp.mcuxpresso.tools.win32_11.3.0.202008311133/tools/bin/../lib/gcc/arm-none-eabi/9.3.1/../../../../arm-none-eabi/lib/thumb/v7-m/nofp\libcr_newlib_semihost.a(_cr_sbrk.o)
                0x10000d30                __end_of_heap
 .bss.initialized.5713
                0x10000d34        0x4 c:/nxp/mcuxpressoide_11.3.1_5262/ide/plugins/com.nxp.mcuxpresso.tools.win32_11.3.0.202008311133/tools/bin/../lib/gcc/arm-none-eabi/9.3.1/../../../../arm-none-eabi/lib/thumb/v7-m/nofp\libcr_newlib_semihost.a(syscalls.o)
 .bss.monitor_stderr
                0x10000d38        0x4 c:/nxp/mcuxpressoide_11.3.1_5262/ide/plugins/com.nxp.mcuxpresso.tools.win32_11.3.0.202008311133/tools/bin/../lib/gcc/arm-none-eabi/9.3.1/../../../../arm-none-eabi/lib/thumb/v7-m/nofp\libcr_newlib_semihost.a(syscalls.o)
 .bss.monitor_stdin
                0x10000d3c        0x4 c:/nxp/mcuxpressoide_11.3.1_5262/ide/plugins/com.nxp.mcuxpresso.tools.win32_11.3.0.202008311133/tools/bin/../lib/gcc/arm-none-eabi/9.3.1/../../../../arm-none-eabi/lib/thumb/v7-m/nofp\libcr_newlib_semihost.a(syscalls.o)
 .bss.monitor_stdout
                0x10000d40        0x4 c:/nxp/mcuxpressoide_11.3.1_5262/ide/plugins/com.nxp.mcuxpresso.tools.win32_11.3.0.202008311133/tools/bin/../lib/gcc/arm-none-eabi/9.3.1/../../../../arm-none-eabi/lib/thumb/v7-m/nofp\libcr_newlib_semihost.a(syscalls.o)
 .bss.openfiles
                0x10000d44       0x28 c:/nxp/mcuxpressoide_11.3.1_5262/ide/plugins/com.nxp.mcuxpresso.tools.win32_11.3.0.202008311133/tools/bin/../lib/gcc/arm-none-eabi/9.3.1/../../../../arm-none-eabi/lib/thumb/v7-m/nofp\libcr_newlib_semihost.a(syscalls.o)
 *(COMMON)
 COMMON         0x10000d6c       0x21 c:/nxp/mcuxpressoide_11.3.1_5262/ide/plugins/com.nxp.mcuxpresso.tools.win32_11.3.0.202008311133/tools/bin/../lib/gcc/arm-none-eabi/9.3.1/../../../../arm-none-eabi/lib/thumb/v7-m/nofp\libc.a(lib_a-lock.o)
                0x10000d6c                __lock___atexit_recursive_mutex
                0x10000d70                __lock___arc4random_mutex
                0x10000d74                __lock___env_recursive_mutex
                0x10000d78                __lock___sinit_recursive_mutex
                0x10000d7c                __lock___malloc_recursive_mutex
                0x10000d80                __lock___at_quick_exit_mutex
                0x10000d84                __lock___dd_hash_mutex
                0x10000d88                __lock___tz_mutex
                0x10000d8c                __lock___sfp_recursive_mutex
 *fill*         0x10000d8d        0x3 
 COMMON         0x10000d90        0x4 c:/nxp/mcuxpressoide_11.3.1_5262/ide/plugins/com.nxp.mcuxpresso.tools.win32_11.3.0.202008311133/tools/bin/../lib/gcc/arm-none-eabi/9.3.1/../../../../arm-none-eabi/lib/thumb/v7-m/nofp\libc.a(lib_a-reent.o)
                0x10000d90                errno
                0x10000d94                . = ALIGN (0x4)
                0x10000d94                _ebss = .
                [!provide]                PROVIDE (__end_bss_RAM = .)
                [!provide]                PROVIDE (__end_bss_RamLoc32 = .)
                [!provide]                PROVIDE (end = .)

.noinit_RAM2    0x2007c000        0x0
                [!provide]                PROVIDE (__start_noinit_RAM2 = .)
                [!provide]                PROVIDE (__start_noinit_RamAHB32 = .)
 *(.noinit.$RAM2)
 *(.noinit.$RamAHB32)
 *(.noinit.$RAM2.*)
 *(.noinit.$RamAHB32.*)
                0x2007c000                . = ALIGN (0x4)
                [!provide]                PROVIDE (__end_noinit_RAM2 = .)
                [!provide]                PROVIDE (__end_noinit_RamAHB32 = .)

.noinit         0x10000d94        0x0
                0x10000d94                _noinit = .
                [!provide]                PROVIDE (__start_noinit_RAM = .)
                [!provide]                PROVIDE (__start_noinit_RamLoc32 = .)
 *(.noinit*)
                0x10000d94                . = ALIGN (0x4)
                0x10000d94                _end_noinit = .
                [!provide]                PROVIDE (__end_noinit_RAM = .)
                [!provide]                PROVIDE (__end_noinit_RamLoc32 = .)
                0x10000d94                PROVIDE (_pvHeapStart = DEFINED (__user_heap_base)?__user_heap_base:.)
                0x10008000                PROVIDE (_vStackTop = DEFINED (__user_stack_top)?__user_stack_top:(__top_RamLoc32 - 0x0))
                [!provide]                PROVIDE (__valid_user_code_checksum = (0x0 - ((((((_vStackTop + (ResetISR + 0x1)) + (NMI_Handler + 0x1)) + (HardFault_Handler + 0x1)) + (DEFINED (MemManage_Handler)?MemManage_Handler:0x0 + 0x1)) + (DEFINED (BusFault_Handler)?BusFault_Handler:0x0 + 0x1)) + (DEFINED (UsageFault_Handler)?UsageFault_Handler:0x0 + 0x1))))
                0x00000000                _image_start = LOADADDR (.text)
                0x0000a670                _image_end = (LOADADDR (.data) + SIZEOF (.data))
                0x0000a670                _image_size = (_image_end - _image_start)
OUTPUT(oled_periph.axf elf32-littlearm)
LOAD linker stubs

.debug_info     0x00000000     0x67c2
 .debug_info    0x00000000      0x1fe ./src/cr_startup_lpc17.o
 .debug_info    0x000001fe     0x1084 ./src/main.o
 .debug_info    0x00001282      0x345 C:\Users\student\Desktop\Wbudy\C03_AirConditioner\Lib_CMSISv1p30_LPC17xx\Debug\libCMSISv1p30_LPC17xx.a(system_LPC17xx.o)
 .debug_info    0x000015c7      0x566 C:\Users\student\Desktop\Wbudy\C03_AirConditioner\Lib_EaBaseBoard\Debug\libLib_EaBaseBoard.a(acc.o)
 .debug_info    0x00001b2d      0x795 C:\Users\student\Desktop\Wbudy\C03_AirConditioner\Lib_EaBaseBoard\Debug\libLib_EaBaseBoard.a(light.o)
 .debug_info    0x000022c2      0x9f7 C:\Users\student\Desktop\Wbudy\C03_AirConditioner\Lib_EaBaseBoard\Debug\libLib_EaBaseBoard.a(oled.o)
 .debug_info    0x00002cb9      0x11d C:\Users\student\Desktop\Wbudy\C03_AirConditioner\Lib_EaBaseBoard\Debug\libLib_EaBaseBoard.a(rgb.o)
 .debug_info    0x00002dd6      0x183 C:\Users\student\Desktop\Wbudy\C03_AirConditioner\Lib_EaBaseBoard\Debug\libLib_EaBaseBoard.a(temp.o)
 .debug_info    0x00002f59       0x62 C:\Users\student\Desktop\Wbudy\C03_AirConditioner\Lib_EaBaseBoard\Debug\libLib_EaBaseBoard.a(font5x7.o)
 .debug_info    0x00002fbb      0xe1a C:\Users\student\Desktop\Wbudy\C03_AirConditioner\Lib_MCU\Debug\libLib_MCU.a(lpc17xx_gpio.o)
 .debug_info    0x00003dd5      0xdca C:\Users\student\Desktop\Wbudy\C03_AirConditioner\Lib_MCU\Debug\libLib_MCU.a(lpc17xx_i2c.o)
 .debug_info    0x00004b9f      0x4cd C:\Users\student\Desktop\Wbudy\C03_AirConditioner\Lib_MCU\Debug\libLib_MCU.a(lpc17xx_pinsel.o)
 .debug_info    0x0000506c      0x7b5 C:\Users\student\Desktop\Wbudy\C03_AirConditioner\Lib_MCU\Debug\libLib_MCU.a(lpc17xx_ssp.o)
 .debug_info    0x00005821      0x977 C:\Users\student\Desktop\Wbudy\C03_AirConditioner\Lib_MCU\Debug\libLib_MCU.a(lpc17xx_timer.o)
 .debug_info    0x00006198      0x62a C:\Users\student\Desktop\Wbudy\C03_AirConditioner\Lib_MCU\Debug\libLib_MCU.a(lpc17xx_clkpwr.o)

.debug_abbrev   0x00000000     0x1a6b
 .debug_abbrev  0x00000000       0xc8 ./src/cr_startup_lpc17.o
 .debug_abbrev  0x000000c8      0x2d9 ./src/main.o
 .debug_abbrev  0x000003a1      0x11c C:\Users\student\Desktop\Wbudy\C03_AirConditioner\Lib_CMSISv1p30_LPC17xx\Debug\libCMSISv1p30_LPC17xx.a(system_LPC17xx.o)
 .debug_abbrev  0x000004bd      0x1bf C:\Users\student\Desktop\Wbudy\C03_AirConditioner\Lib_EaBaseBoard\Debug\libLib_EaBaseBoard.a(acc.o)
 .debug_abbrev  0x0000067c      0x230 C:\Users\student\Desktop\Wbudy\C03_AirConditioner\Lib_EaBaseBoard\Debug\libLib_EaBaseBoard.a(light.o)
 .debug_abbrev  0x000008ac      0x258 C:\Users\student\Desktop\Wbudy\C03_AirConditioner\Lib_EaBaseBoard\Debug\libLib_EaBaseBoard.a(oled.o)
 .debug_abbrev  0x00000b04       0xce C:\Users\student\Desktop\Wbudy\C03_AirConditioner\Lib_EaBaseBoard\Debug\libLib_EaBaseBoard.a(rgb.o)
 .debug_abbrev  0x00000bd2       0xfb C:\Users\student\Desktop\Wbudy\C03_AirConditioner\Lib_EaBaseBoard\Debug\libLib_EaBaseBoard.a(temp.o)
 .debug_abbrev  0x00000ccd       0x4a C:\Users\student\Desktop\Wbudy\C03_AirConditioner\Lib_EaBaseBoard\Debug\libLib_EaBaseBoard.a(font5x7.o)
 .debug_abbrev  0x00000d17      0x26b C:\Users\student\Desktop\Wbudy\C03_AirConditioner\Lib_MCU\Debug\libLib_MCU.a(lpc17xx_gpio.o)
 .debug_abbrev  0x00000f82      0x2de C:\Users\student\Desktop\Wbudy\C03_AirConditioner\Lib_MCU\Debug\libLib_MCU.a(lpc17xx_i2c.o)
 .debug_abbrev  0x00001260      0x196 C:\Users\student\Desktop\Wbudy\C03_AirConditioner\Lib_MCU\Debug\libLib_MCU.a(lpc17xx_pinsel.o)
 .debug_abbrev  0x000013f6      0x21b C:\Users\student\Desktop\Wbudy\C03_AirConditioner\Lib_MCU\Debug\libLib_MCU.a(lpc17xx_ssp.o)
 .debug_abbrev  0x00001611      0x25d C:\Users\student\Desktop\Wbudy\C03_AirConditioner\Lib_MCU\Debug\libLib_MCU.a(lpc17xx_timer.o)
 .debug_abbrev  0x0000186e      0x1fd C:\Users\student\Desktop\Wbudy\C03_AirConditioner\Lib_MCU\Debug\libLib_MCU.a(lpc17xx_clkpwr.o)

.debug_aranges  0x00000000      0x6a8
 .debug_aranges
                0x00000000       0x70 ./src/cr_startup_lpc17.o
 .debug_aranges
                0x00000070       0x58 ./src/main.o
 .debug_aranges
                0x000000c8       0x28 C:\Users\student\Desktop\Wbudy\C03_AirConditioner\Lib_CMSISv1p30_LPC17xx\Debug\libCMSISv1p30_LPC17xx.a(system_LPC17xx.o)
 .debug_aranges
                0x000000f0       0x60 C:\Users\student\Desktop\Wbudy\C03_AirConditioner\Lib_EaBaseBoard\Debug\libLib_EaBaseBoard.a(acc.o)
 .debug_aranges
                0x00000150       0x98 C:\Users\student\Desktop\Wbudy\C03_AirConditioner\Lib_EaBaseBoard\Debug\libLib_EaBaseBoard.a(light.o)
 .debug_aranges
                0x000001e8       0x98 C:\Users\student\Desktop\Wbudy\C03_AirConditioner\Lib_EaBaseBoard\Debug\libLib_EaBaseBoard.a(oled.o)
 .debug_aranges
                0x00000280       0x28 C:\Users\student\Desktop\Wbudy\C03_AirConditioner\Lib_EaBaseBoard\Debug\libLib_EaBaseBoard.a(rgb.o)
 .debug_aranges
                0x000002a8       0x28 C:\Users\student\Desktop\Wbudy\C03_AirConditioner\Lib_EaBaseBoard\Debug\libLib_EaBaseBoard.a(temp.o)
 .debug_aranges
                0x000002d0       0x18 C:\Users\student\Desktop\Wbudy\C03_AirConditioner\Lib_EaBaseBoard\Debug\libLib_EaBaseBoard.a(font5x7.o)
 .debug_aranges
                0x000002e8       0xf8 C:\Users\student\Desktop\Wbudy\C03_AirConditioner\Lib_MCU\Debug\libLib_MCU.a(lpc17xx_gpio.o)
 .debug_aranges
                0x000003e0       0xd0 C:\Users\student\Desktop\Wbudy\C03_AirConditioner\Lib_MCU\Debug\libLib_MCU.a(lpc17xx_i2c.o)
 .debug_aranges
                0x000004b0       0x48 C:\Users\student\Desktop\Wbudy\C03_AirConditioner\Lib_MCU\Debug\libLib_MCU.a(lpc17xx_pinsel.o)
 .debug_aranges
                0x000004f8       0xa8 C:\Users\student\Desktop\Wbudy\C03_AirConditioner\Lib_MCU\Debug\libLib_MCU.a(lpc17xx_ssp.o)
 .debug_aranges
                0x000005a0       0xa8 C:\Users\student\Desktop\Wbudy\C03_AirConditioner\Lib_MCU\Debug\libLib_MCU.a(lpc17xx_timer.o)
 .debug_aranges
                0x00000648       0x60 C:\Users\student\Desktop\Wbudy\C03_AirConditioner\Lib_MCU\Debug\libLib_MCU.a(lpc17xx_clkpwr.o)

.debug_ranges   0x00000000      0x5b0
 .debug_ranges  0x00000000       0x60 ./src/cr_startup_lpc17.o
 .debug_ranges  0x00000060       0x48 ./src/main.o
 .debug_ranges  0x000000a8       0x18 C:\Users\student\Desktop\Wbudy\C03_AirConditioner\Lib_CMSISv1p30_LPC17xx\Debug\libCMSISv1p30_LPC17xx.a(system_LPC17xx.o)
 .debug_ranges  0x000000c0       0x50 C:\Users\student\Desktop\Wbudy\C03_AirConditioner\Lib_EaBaseBoard\Debug\libLib_EaBaseBoard.a(acc.o)
 .debug_ranges  0x00000110       0x88 C:\Users\student\Desktop\Wbudy\C03_AirConditioner\Lib_EaBaseBoard\Debug\libLib_EaBaseBoard.a(light.o)
 .debug_ranges  0x00000198       0x88 C:\Users\student\Desktop\Wbudy\C03_AirConditioner\Lib_EaBaseBoard\Debug\libLib_EaBaseBoard.a(oled.o)
 .debug_ranges  0x00000220       0x18 C:\Users\student\Desktop\Wbudy\C03_AirConditioner\Lib_EaBaseBoard\Debug\libLib_EaBaseBoard.a(rgb.o)
 .debug_ranges  0x00000238       0x18 C:\Users\student\Desktop\Wbudy\C03_AirConditioner\Lib_EaBaseBoard\Debug\libLib_EaBaseBoard.a(temp.o)
 .debug_ranges  0x00000250       0xe8 C:\Users\student\Desktop\Wbudy\C03_AirConditioner\Lib_MCU\Debug\libLib_MCU.a(lpc17xx_gpio.o)
 .debug_ranges  0x00000338       0xc0 C:\Users\student\Desktop\Wbudy\C03_AirConditioner\Lib_MCU\Debug\libLib_MCU.a(lpc17xx_i2c.o)
 .debug_ranges  0x000003f8       0x38 C:\Users\student\Desktop\Wbudy\C03_AirConditioner\Lib_MCU\Debug\libLib_MCU.a(lpc17xx_pinsel.o)
 .debug_ranges  0x00000430       0x98 C:\Users\student\Desktop\Wbudy\C03_AirConditioner\Lib_MCU\Debug\libLib_MCU.a(lpc17xx_ssp.o)
 .debug_ranges  0x000004c8       0x98 C:\Users\student\Desktop\Wbudy\C03_AirConditioner\Lib_MCU\Debug\libLib_MCU.a(lpc17xx_timer.o)
 .debug_ranges  0x00000560       0x50 C:\Users\student\Desktop\Wbudy\C03_AirConditioner\Lib_MCU\Debug\libLib_MCU.a(lpc17xx_clkpwr.o)

.debug_macro    0x00000000     0x58f9
 .debug_macro   0x00000000       0x79 ./src/cr_startup_lpc17.o
 .debug_macro   0x00000079      0xaa8 ./src/cr_startup_lpc17.o
 .debug_macro   0x00000b21       0x22 ./src/cr_startup_lpc17.o
 .debug_macro   0x00000b43       0x8e ./src/cr_startup_lpc17.o
 .debug_macro   0x00000bd1       0x51 ./src/cr_startup_lpc17.o
 .debug_macro   0x00000c22      0x103 ./src/cr_startup_lpc17.o
 .debug_macro   0x00000d25       0x6a ./src/cr_startup_lpc17.o
 .debug_macro   0x00000d8f      0x1df ./src/cr_startup_lpc17.o
 .debug_macro   0x00000f6e       0xe2 ./src/main.o
 .debug_macro   0x00001050       0x1c ./src/main.o
 .debug_macro   0x0000106c       0x22 ./src/main.o
 .debug_macro   0x0000108e      0x7b7 ./src/main.o
 .debug_macro   0x00001845      0x2c7 ./src/main.o
 .debug_macro   0x00001b0c       0x64 ./src/main.o
 .debug_macro   0x00001b70      0x140 ./src/main.o
 .debug_macro   0x00001cb0      0x192 ./src/main.o
 .debug_macro   0x00001e42       0x46 ./src/main.o
 .debug_macro   0x00001e88       0xed ./src/main.o
 .debug_macro   0x00001f75       0x16 ./src/main.o
 .debug_macro   0x00001f8b       0x1c ./src/main.o
 .debug_macro   0x00001fa7      0x113 C:\Users\student\Desktop\Wbudy\C03_AirConditioner\Lib_CMSISv1p30_LPC17xx\Debug\libCMSISv1p30_LPC17xx.a(system_LPC17xx.o)
 .debug_macro   0x000020ba      0xaa2 C:\Users\student\Desktop\Wbudy\C03_AirConditioner\Lib_CMSISv1p30_LPC17xx\Debug\libCMSISv1p30_LPC17xx.a(system_LPC17xx.o)
 .debug_macro   0x00002b5c       0x10 C:\Users\student\Desktop\Wbudy\C03_AirConditioner\Lib_CMSISv1p30_LPC17xx\Debug\libCMSISv1p30_LPC17xx.a(system_LPC17xx.o)
 .debug_macro   0x00002b6c      0x12e C:\Users\student\Desktop\Wbudy\C03_AirConditioner\Lib_CMSISv1p30_LPC17xx\Debug\libCMSISv1p30_LPC17xx.a(system_LPC17xx.o)
 .debug_macro   0x00002c9a      0x5b3 C:\Users\student\Desktop\Wbudy\C03_AirConditioner\Lib_CMSISv1p30_LPC17xx\Debug\libCMSISv1p30_LPC17xx.a(system_LPC17xx.o)
 .debug_macro   0x0000324d      0x7d5 C:\Users\student\Desktop\Wbudy\C03_AirConditioner\Lib_CMSISv1p30_LPC17xx\Debug\libCMSISv1p30_LPC17xx.a(system_LPC17xx.o)
 .debug_macro   0x00003a22      0x162 C:\Users\student\Desktop\Wbudy\C03_AirConditioner\Lib_EaBaseBoard\Debug\libLib_EaBaseBoard.a(acc.o)
 .debug_macro   0x00003b84      0x18c C:\Users\student\Desktop\Wbudy\C03_AirConditioner\Lib_EaBaseBoard\Debug\libLib_EaBaseBoard.a(acc.o)
 .debug_macro   0x00003d10      0x126 C:\Users\student\Desktop\Wbudy\C03_AirConditioner\Lib_EaBaseBoard\Debug\libLib_EaBaseBoard.a(light.o)
 .debug_macro   0x00003e36       0xdd C:\Users\student\Desktop\Wbudy\C03_AirConditioner\Lib_EaBaseBoard\Debug\libLib_EaBaseBoard.a(oled.o)
 .debug_macro   0x00003f13       0x5d C:\Users\student\Desktop\Wbudy\C03_AirConditioner\Lib_EaBaseBoard\Debug\libLib_EaBaseBoard.a(oled.o)
 .debug_macro   0x00003f70       0x40 C:\Users\student\Desktop\Wbudy\C03_AirConditioner\Lib_EaBaseBoard\Debug\libLib_EaBaseBoard.a(oled.o)
 .debug_macro   0x00003fb0      0x2a6 C:\Users\student\Desktop\Wbudy\C03_AirConditioner\Lib_EaBaseBoard\Debug\libLib_EaBaseBoard.a(oled.o)
 .debug_macro   0x00004256       0x83 C:\Users\student\Desktop\Wbudy\C03_AirConditioner\Lib_EaBaseBoard\Debug\libLib_EaBaseBoard.a(rgb.o)
 .debug_macro   0x000042d9       0xae C:\Users\student\Desktop\Wbudy\C03_AirConditioner\Lib_EaBaseBoard\Debug\libLib_EaBaseBoard.a(temp.o)
 .debug_macro   0x00004387       0x1a C:\Users\student\Desktop\Wbudy\C03_AirConditioner\Lib_EaBaseBoard\Debug\libLib_EaBaseBoard.a(font5x7.o)
 .debug_macro   0x000043a1      0x696 C:\Users\student\Desktop\Wbudy\C03_AirConditioner\Lib_EaBaseBoard\Debug\libLib_EaBaseBoard.a(font5x7.o)
 .debug_macro   0x00004a37       0x83 C:\Users\student\Desktop\Wbudy\C03_AirConditioner\Lib_MCU\Debug\libLib_MCU.a(lpc17xx_gpio.o)
 .debug_macro   0x00004aba       0xda C:\Users\student\Desktop\Wbudy\C03_AirConditioner\Lib_MCU\Debug\libLib_MCU.a(lpc17xx_gpio.o)
 .debug_macro   0x00004b94       0x95 C:\Users\student\Desktop\Wbudy\C03_AirConditioner\Lib_MCU\Debug\libLib_MCU.a(lpc17xx_i2c.o)
 .debug_macro   0x00004c29      0x2fa C:\Users\student\Desktop\Wbudy\C03_AirConditioner\Lib_MCU\Debug\libLib_MCU.a(lpc17xx_i2c.o)
 .debug_macro   0x00004f23      0x146 C:\Users\student\Desktop\Wbudy\C03_AirConditioner\Lib_MCU\Debug\libLib_MCU.a(lpc17xx_i2c.o)
 .debug_macro   0x00005069       0x7a C:\Users\student\Desktop\Wbudy\C03_AirConditioner\Lib_MCU\Debug\libLib_MCU.a(lpc17xx_pinsel.o)
 .debug_macro   0x000050e3       0x8c C:\Users\student\Desktop\Wbudy\C03_AirConditioner\Lib_MCU\Debug\libLib_MCU.a(lpc17xx_ssp.o)
 .debug_macro   0x0000516f      0x2a0 C:\Users\student\Desktop\Wbudy\C03_AirConditioner\Lib_MCU\Debug\libLib_MCU.a(lpc17xx_ssp.o)
 .debug_macro   0x0000540f       0x95 C:\Users\student\Desktop\Wbudy\C03_AirConditioner\Lib_MCU\Debug\libLib_MCU.a(lpc17xx_timer.o)
 .debug_macro   0x000054a4       0xe7 C:\Users\student\Desktop\Wbudy\C03_AirConditioner\Lib_MCU\Debug\libLib_MCU.a(lpc17xx_timer.o)
 .debug_macro   0x0000558b       0x7a C:\Users\student\Desktop\Wbudy\C03_AirConditioner\Lib_MCU\Debug\libLib_MCU.a(lpc17xx_clkpwr.o)
 .debug_macro   0x00005605      0x2f4 C:\Users\student\Desktop\Wbudy\C03_AirConditioner\Lib_MCU\Debug\libLib_MCU.a(lpc17xx_clkpwr.o)

.debug_line     0x00000000     0x52da
 .debug_line    0x00000000      0x448 ./src/cr_startup_lpc17.o
 .debug_line    0x00000448      0x5ef ./src/main.o
 .debug_line    0x00000a37      0x3f6 C:\Users\student\Desktop\Wbudy\C03_AirConditioner\Lib_CMSISv1p30_LPC17xx\Debug\libCMSISv1p30_LPC17xx.a(system_LPC17xx.o)
 .debug_line    0x00000e2d      0x408 C:\Users\student\Desktop\Wbudy\C03_AirConditioner\Lib_EaBaseBoard\Debug\libLib_EaBaseBoard.a(acc.o)
 .debug_line    0x00001235      0x52e C:\Users\student\Desktop\Wbudy\C03_AirConditioner\Lib_EaBaseBoard\Debug\libLib_EaBaseBoard.a(light.o)
 .debug_line    0x00001763      0x83e C:\Users\student\Desktop\Wbudy\C03_AirConditioner\Lib_EaBaseBoard\Debug\libLib_EaBaseBoard.a(oled.o)
 .debug_line    0x00001fa1      0x2d7 C:\Users\student\Desktop\Wbudy\C03_AirConditioner\Lib_EaBaseBoard\Debug\libLib_EaBaseBoard.a(rgb.o)
 .debug_line    0x00002278      0x337 C:\Users\student\Desktop\Wbudy\C03_AirConditioner\Lib_EaBaseBoard\Debug\libLib_EaBaseBoard.a(temp.o)
 .debug_line    0x000025af       0x87 C:\Users\student\Desktop\Wbudy\C03_AirConditioner\Lib_EaBaseBoard\Debug\libLib_EaBaseBoard.a(font5x7.o)
 .debug_line    0x00002636      0x729 C:\Users\student\Desktop\Wbudy\C03_AirConditioner\Lib_MCU\Debug\libLib_MCU.a(lpc17xx_gpio.o)
 .debug_line    0x00002d5f      0xd1d C:\Users\student\Desktop\Wbudy\C03_AirConditioner\Lib_MCU\Debug\libLib_MCU.a(lpc17xx_i2c.o)
 .debug_line    0x00003a7c      0x369 C:\Users\student\Desktop\Wbudy\C03_AirConditioner\Lib_MCU\Debug\libLib_MCU.a(lpc17xx_pinsel.o)
 .debug_line    0x00003de5      0x8be C:\Users\student\Desktop\Wbudy\C03_AirConditioner\Lib_MCU\Debug\libLib_MCU.a(lpc17xx_ssp.o)
 .debug_line    0x000046a3      0x84c C:\Users\student\Desktop\Wbudy\C03_AirConditioner\Lib_MCU\Debug\libLib_MCU.a(lpc17xx_timer.o)
 .debug_line    0x00004eef      0x3eb C:\Users\student\Desktop\Wbudy\C03_AirConditioner\Lib_MCU\Debug\libLib_MCU.a(lpc17xx_clkpwr.o)

.debug_str      0x00000000    0x105aa
 .debug_str     0x00000000     0x3cc9 ./src/cr_startup_lpc17.o
                               0x3e33 (size before relaxing)
 .debug_str     0x00003cc9     0x60d2 ./src/main.o
                               0x9df2 (size before relaxing)
 .debug_str     0x00009d9b     0x19bb C:\Users\student\Desktop\Wbudy\C03_AirConditioner\Lib_CMSISv1p30_LPC17xx\Debug\libCMSISv1p30_LPC17xx.a(system_LPC17xx.o)
                               0x8873 (size before relaxing)
 .debug_str     0x0000b756      0x507 C:\Users\student\Desktop\Wbudy\C03_AirConditioner\Lib_EaBaseBoard\Debug\libLib_EaBaseBoard.a(acc.o)
                               0x93db (size before relaxing)
 .debug_str     0x0000bc5d      0x40e C:\Users\student\Desktop\Wbudy\C03_AirConditioner\Lib_EaBaseBoard\Debug\libLib_EaBaseBoard.a(light.o)
                               0x9473 (size before relaxing)
 .debug_str     0x0000c06b     0x13cb C:\Users\student\Desktop\Wbudy\C03_AirConditioner\Lib_EaBaseBoard\Debug\libLib_EaBaseBoard.a(oled.o)
                               0xa50b (size before relaxing)
 .debug_str     0x0000d436       0x2a C:\Users\student\Desktop\Wbudy\C03_AirConditioner\Lib_EaBaseBoard\Debug\libLib_EaBaseBoard.a(rgb.o)
                               0x888e (size before relaxing)
 .debug_str     0x0000d460       0xee C:\Users\student\Desktop\Wbudy\C03_AirConditioner\Lib_EaBaseBoard\Debug\libLib_EaBaseBoard.a(temp.o)
                               0x893a (size before relaxing)
 .debug_str     0x0000d54e      0xe21 C:\Users\student\Desktop\Wbudy\C03_AirConditioner\Lib_EaBaseBoard\Debug\libLib_EaBaseBoard.a(font5x7.o)
                               0x3bc1 (size before relaxing)
 .debug_str     0x0000e36f      0x4a1 C:\Users\student\Desktop\Wbudy\C03_AirConditioner\Lib_MCU\Debug\libLib_MCU.a(lpc17xx_gpio.o)
                               0x8de1 (size before relaxing)
 .debug_str     0x0000e810     0x1569 C:\Users\student\Desktop\Wbudy\C03_AirConditioner\Lib_MCU\Debug\libLib_MCU.a(lpc17xx_i2c.o)
                               0xadaf (size before relaxing)
 .debug_str     0x0000fd79       0xf6 C:\Users\student\Desktop\Wbudy\C03_AirConditioner\Lib_MCU\Debug\libLib_MCU.a(lpc17xx_pinsel.o)
                               0x8d08 (size before relaxing)
 .debug_str     0x0000fe6f      0x21c C:\Users\student\Desktop\Wbudy\C03_AirConditioner\Lib_MCU\Debug\libLib_MCU.a(lpc17xx_ssp.o)
                               0xac68 (size before relaxing)
 .debug_str     0x0001008b      0x45b C:\Users\student\Desktop\Wbudy\C03_AirConditioner\Lib_MCU\Debug\libLib_MCU.a(lpc17xx_timer.o)
                               0xaa81 (size before relaxing)
 .debug_str     0x000104e6       0xc4 C:\Users\student\Desktop\Wbudy\C03_AirConditioner\Lib_MCU\Debug\libLib_MCU.a(lpc17xx_clkpwr.o)
                               0x9a67 (size before relaxing)

.comment        0x00000000       0x4c
 .comment       0x00000000       0x4c ./src/cr_startup_lpc17.o
                                 0x4d (size before relaxing)
 .comment       0x0000004c       0x4d ./src/main.o
 .comment       0x0000004c       0x4d C:\Users\student\Desktop\Wbudy\C03_AirConditioner\Lib_CMSISv1p30_LPC17xx\Debug\libCMSISv1p30_LPC17xx.a(system_LPC17xx.o)
 .comment       0x0000004c       0x4d C:\Users\student\Desktop\Wbudy\C03_AirConditioner\Lib_EaBaseBoard\Debug\libLib_EaBaseBoard.a(acc.o)
 .comment       0x0000004c       0x4d C:\Users\student\Desktop\Wbudy\C03_AirConditioner\Lib_EaBaseBoard\Debug\libLib_EaBaseBoard.a(light.o)
 .comment       0x0000004c       0x4d C:\Users\student\Desktop\Wbudy\C03_AirConditioner\Lib_EaBaseBoard\Debug\libLib_EaBaseBoard.a(oled.o)
 .comment       0x0000004c       0x4d C:\Users\student\Desktop\Wbudy\C03_AirConditioner\Lib_EaBaseBoard\Debug\libLib_EaBaseBoard.a(rgb.o)
 .comment       0x0000004c       0x4d C:\Users\student\Desktop\Wbudy\C03_AirConditioner\Lib_EaBaseBoard\Debug\libLib_EaBaseBoard.a(temp.o)
 .comment       0x0000004c       0x4d C:\Users\student\Desktop\Wbudy\C03_AirConditioner\Lib_EaBaseBoard\Debug\libLib_EaBaseBoard.a(font5x7.o)
 .comment       0x0000004c       0x4d C:\Users\student\Desktop\Wbudy\C03_AirConditioner\Lib_MCU\Debug\libLib_MCU.a(lpc17xx_gpio.o)
 .comment       0x0000004c       0x4d C:\Users\student\Desktop\Wbudy\C03_AirConditioner\Lib_MCU\Debug\libLib_MCU.a(lpc17xx_i2c.o)
 .comment       0x0000004c       0x4d C:\Users\student\Desktop\Wbudy\C03_AirConditioner\Lib_MCU\Debug\libLib_MCU.a(lpc17xx_pinsel.o)
 .comment       0x0000004c       0x4d C:\Users\student\Desktop\Wbudy\C03_AirConditioner\Lib_MCU\Debug\libLib_MCU.a(lpc17xx_ssp.o)
 .comment       0x0000004c       0x4d C:\Users\student\Desktop\Wbudy\C03_AirConditioner\Lib_MCU\Debug\libLib_MCU.a(lpc17xx_timer.o)
 .comment       0x0000004c       0x4d C:\Users\student\Desktop\Wbudy\C03_AirConditioner\Lib_MCU\Debug\libLib_MCU.a(lpc17xx_clkpwr.o)
 .comment       0x0000004c       0x4d c:/nxp/mcuxpressoide_11.3.1_5262/ide/plugins/com.nxp.mcuxpresso.tools.win32_11.3.0.202008311133/tools/bin/../lib/gcc/arm-none-eabi/9.3.1/../../../../arm-none-eabi/lib/thumb/v7-m/nofp\libcr_newlib_semihost.a(_cr_sbrk.o)