Archive member included to satisfy reference by file (symbol)

C:\Users\student\Documents\MCUXpressoIDE_11.3.1_5262\workspace5\Lib_CMSISv1p30_LPC17xx\Debug\libCMSISv1p30_LPC17xx.a(system_LPC17xx.o)
                              ./src/main.o (SystemCoreClock)
C:\Users\student\Documents\MCUXpressoIDE_11.3.1_5262\workspace5\Lib_EaBaseBoard\Debug\libLib_EaBaseBoard.a(light.o)
                              ./src/main.o (light_init)
C:\Users\student\Documents\MCUXpressoIDE_11.3.1_5262\workspace5\Lib_EaBaseBoard\Debug\libLib_EaBaseBoard.a(oled.o)
                              ./src/main.o (oled_init)
C:\Users\student\Documents\MCUXpressoIDE_11.3.1_5262\workspace5\Lib_EaBaseBoard\Debug\libLib_EaBaseBoard.a(temp.o)
                              ./src/main.o (temp_init)
C:\Users\student\Documents\MCUXpressoIDE_11.3.1_5262\workspace5\Lib_EaBaseBoard\Debug\libLib_EaBaseBoard.a(font5x7.o)
                              C:\Users\student\Documents\MCUXpressoIDE_11.3.1_5262\workspace5\Lib_EaBaseBoard\Debug\libLib_EaBaseBoard.a(oled.o) (font5x7)
C:\Users\student\Documents\MCUXpressoIDE_11.3.1_5262\workspace5\Lib_MCU\Debug\libLib_MCU.a(lpc17xx_adc.o)
                              ./src/main.o (ADC_Init)
C:\Users\student\Documents\MCUXpressoIDE_11.3.1_5262\workspace5\Lib_MCU\Debug\libLib_MCU.a(lpc17xx_clkpwr.o)
                              C:\Users\student\Documents\MCUXpressoIDE_11.3.1_5262\workspace5\Lib_MCU\Debug\libLib_MCU.a(lpc17xx_adc.o) (CLKPWR_GetPCLK)
C:\Users\student\Documents\MCUXpressoIDE_11.3.1_5262\workspace5\Lib_MCU\Debug\libLib_MCU.a(lpc17xx_gpio.o)
                              C:\Users\student\Documents\MCUXpressoIDE_11.3.1_5262\workspace5\Lib_EaBaseBoard\Debug\libLib_EaBaseBoard.a(oled.o) (GPIO_SetDir)
C:\Users\student\Documents\MCUXpressoIDE_11.3.1_5262\workspace5\Lib_MCU\Debug\libLib_MCU.a(lpc17xx_i2c.o)
                              ./src/main.o (I2C_Init)
C:\Users\student\Documents\MCUXpressoIDE_11.3.1_5262\workspace5\Lib_MCU\Debug\libLib_MCU.a(lpc17xx_pinsel.o)
                              ./src/main.o (PINSEL_ConfigPin)
C:\Users\student\Documents\MCUXpressoIDE_11.3.1_5262\workspace5\Lib_MCU\Debug\libLib_MCU.a(lpc17xx_ssp.o)
                              ./src/main.o (SSP_Init)
C:\Users\student\Documents\MCUXpressoIDE_11.3.1_5262\workspace5\Lib_MCU\Debug\libLib_MCU.a(lpc17xx_timer.o)
                              ./src/main.o (Timer0_Wait)
c:/nxp/mcuxpressoide_11.3.1_5262/ide/plugins/com.nxp.mcuxpresso.tools.win32_11.3.0.202008311133/tools/bin/../lib/gcc/arm-none-eabi/9.3.1/thumb/v7-m/nofp\libgcc.a(_aeabi_uldivmod.o)
                              C:\Users\student\Documents\MCUXpressoIDE_11.3.1_5262\workspace5\Lib_CMSISv1p30_LPC17xx\Debug\libCMSISv1p30_LPC17xx.a(system_LPC17xx.o) (__aeabi_uldivmod)
c:/nxp/mcuxpressoide_11.3.1_5262/ide/plugins/com.nxp.mcuxpresso.tools.win32_11.3.0.202008311133/tools/bin/../lib/gcc/arm-none-eabi/9.3.1/thumb/v7-m/nofp\libgcc.a(_udivmoddi4.o)
                              c:/nxp/mcuxpressoide_11.3.1_5262/ide/plugins/com.nxp.mcuxpresso.tools.win32_11.3.0.202008311133/tools/bin/../lib/gcc/arm-none-eabi/9.3.1/thumb/v7-m/nofp\libgcc.a(_aeabi_uldivmod.o) (__udivmoddi4)
c:/nxp/mcuxpressoide_11.3.1_5262/ide/plugins/com.nxp.mcuxpresso.tools.win32_11.3.0.202008311133/tools/bin/../lib/gcc/arm-none-eabi/9.3.1/thumb/v7-m/nofp\libgcc.a(_dvmd_tls.o)
                              c:/nxp/mcuxpressoide_11.3.1_5262/ide/plugins/com.nxp.mcuxpresso.tools.win32_11.3.0.202008311133/tools/bin/../lib/gcc/arm-none-eabi/9.3.1/thumb/v7-m/nofp\libgcc.a(_aeabi_uldivmod.o) (__aeabi_ldiv0)
c:/nxp/mcuxpressoide_11.3.1_5262/ide/plugins/com.nxp.mcuxpresso.tools.win32_11.3.0.202008311133/tools/bin/../lib/gcc/arm-none-eabi/9.3.1/../../../../arm-none-eabi/lib/thumb/v7-m/nofp\libc.a(lib_a-memset.o)
                              C:\Users\student\Documents\MCUXpressoIDE_11.3.1_5262\workspace5\Lib_EaBaseBoard\Debug\libLib_EaBaseBoard.a(oled.o) (memset)

Discarded input sections

 .group         0x00000000        0xc ./src/cr_startup_lpc17.o
 .group         0x00000000        0xc ./src/cr_startup_lpc17.o
 .group         0x00000000        0xc ./src/cr_startup_lpc17.o
 .group         0x00000000        0xc ./src/cr_startup_lpc17.o
 .group         0x00000000        0xc ./src/cr_startup_lpc17.o
 .group         0x00000000        0xc ./src/cr_startup_lpc17.o
 .group         0x00000000        0xc ./src/cr_startup_lpc17.o
 .text          0x00000000        0x0 ./src/cr_startup_lpc17.o
 .data          0x00000000        0x0 ./src/cr_startup_lpc17.o
 .bss           0x00000000        0x0 ./src/cr_startup_lpc17.o
 .text.SysTick_Handler
                0x00000000        0x6 ./src/cr_startup_lpc17.o
 .group         0x00000000        0xc ./src/main.o
 .group         0x00000000        0xc ./src/main.o
 .group         0x00000000        0xc ./src/main.o
 .group         0x00000000        0xc ./src/main.o
 .group         0x00000000        0xc ./src/main.o
 .group         0x00000000        0xc ./src/main.o
[...]
Memory Configuration

Name             Origin             Length             Attributes
MFlash512        0x00000000         0x00080000         xr
RamLoc32         0x10000000         0x00008000         xrw
RamAHB32         0x2007c000         0x00008000         xrw
*default*        0x00000000         0xffffffff

Linker script and memory map

LOAD ./src/cr_startup_lpc17.o
LOAD ./src/main.o
LOAD C:\Users\student\Documents\MCUXpressoIDE_11.3.1_5262\workspace5\Lib_CMSISv1p30_LPC17xx\Debug\libCMSISv1p30_LPC17xx.a
LOAD C:\Users\student\Documents\MCUXpressoIDE_11.3.1_5262\workspace5\Lib_EaBaseBoard\Debug\libLib_EaBaseBoard.a
LOAD C:\Users\student\Documents\MCUXpressoIDE_11.3.1_5262\workspace5\Lib_MCU\Debug\libLib_MCU.a
START GROUP
LOAD c:/nxp/mcuxpressoide_11.3.1_5262/ide/plugins/com.nxp.mcuxpresso.tools.win32_11.3.0.202008311133/tools/bin/../lib/gcc/arm-none-eabi/9.3.1/thumb/v7-m/nofp\libgcc.a
LOAD c:/nxp/mcuxpressoide_11.3.1_5262/ide/plugins/com.nxp.mcuxpresso.tools.win32_11.3.0.202008311133/tools/bin/../lib/gcc/arm-none-eabi/9.3.1/../../../../arm-none-eabi/lib/thumb/v7-m/nofp\libc.a
LOAD c:/nxp/mcuxpressoide_11.3.1_5262/ide/plugins/com.nxp.mcuxpresso.tools.win32_11.3.0.202008311133/tools/bin/../lib/gcc/arm-none-eabi/9.3.1/../../../../arm-none-eabi/lib/thumb/v7-m/nofp\libm.a
LOAD c:/nxp/mcuxpressoide_11.3.1_5262/ide/plugins/com.nxp.mcuxpresso.tools.win32_11.3.0.202008311133/tools/bin/../lib/gcc/arm-none-eabi/9.3.1/../../../../arm-none-eabi/lib/thumb/v7-m/nofp\libcr_newlib_semihost.a
END GROUP
                0x00000000                __base_MFlash512 = 0x0
                0x00000000                __base_Flash = 0x0
                0x00080000                __top_MFlash512 = 0x80000
                0x00080000                __top_Flash = 0x80000
                0x10000000                __base_RamLoc32 = 0x10000000
                0x10000000                __base_RAM = 0x10000000
                0x10008000                __top_RamLoc32 = 0x10008000
                0x10008000                __top_RAM = 0x10008000
                0x2007c000                __base_RamAHB32 = 0x2007c000
                0x2007c000                __base_RAM2 = 0x2007c000
                0x20084000                __top_RamAHB32 = 0x20084000
                0x20084000                __top_RAM2 = 0x20084000

.text           0x00000000     0x17fc
 FILL mask 0xff
                0x00000000                __vectors_start__ = ABSOLUTE (.)
 *(.isr_vector)
 .isr_vector    0x00000000       0xcc ./src/cr_startup_lpc17.o
                0x00000000                g_pfnVectors
                0x000000cc                . = ALIGN (0x4)
                0x000000cc                __section_table_start = .
                0x000000cc                __data_section_table = .
                0x000000cc        0x4 LONG 0x17fc LOADADDR (.data)
                0x000000d0        0x4 LONG 0x10000000 ADDR (.data)
                0x000000d4        0x4 LONG 0x4 SIZEOF (.data)
                0x000000d8        0x4 LONG 0x17fc LOADADDR (.data_RAM2)
                0x000000dc        0x4 LONG 0x2007c000 ADDR (.data_RAM2)
                0x000000e0        0x4 LONG 0x0 SIZEOF (.data_RAM2)
                0x000000e4                __data_section_table_end = .
                0x000000e4                __bss_section_table = .
                0x000000e4        0x4 LONG 0x10000004 ADDR (.bss)
                0x000000e8        0x4 LONG 0x310 SIZEOF (.bss)
                0x000000ec        0x4 LONG 0x2007c000 ADDR (.bss_RAM2)
                0x000000f0        0x4 LONG 0x0 SIZEOF (.bss_RAM2)
                0x000000f4                __bss_section_table_end = .
                0x000000f4                __section_table_end = .
 *(.after_vectors*)
 *(.text*)
 .text.ResetISR
                0x000000f4       0x58 ./src/cr_startup_lpc17.o
                0x000000f4                ResetISR
 .text.NMI_Handler
                0x0000014c        0x6 ./src/cr_startup_lpc17.o
                0x0000014c                NMI_Handler
 .text.HardFault_Handler
                0x00000152        0x6 ./src/cr_startup_lpc17.o
                0x00000152                HardFault_Handler
 .text.MemManage_Handler
                0x00000158        0x6 ./src/cr_startup_lpc17.o
                0x00000158                MemManage_Handler
 .text.BusFault_Handler
                0x0000015e        0x6 ./src/cr_startup_lpc17.o
                0x0000015e                BusFault_Handler
 .text.UsageFault_Handler
                0x00000164        0x6 ./src/cr_startup_lpc17.o
                0x00000164                UsageFault_Handler
 .text.SVCall_Handler
                0x0000016a        0x6 ./src/cr_startup_lpc17.o
                0x0000016a                SVCall_Handler
 .text.DebugMon_Handler
                0x00000170        0x6 ./src/cr_startup_lpc17.o
                0x00000170                DebugMon_Handler
 .text.PendSV_Handler
                0x00000176        0x6 ./src/cr_startup_lpc17.o
                0x00000176                PendSV_Handler
 .text.IntDefaultHandler
                0x0000017c        0x6 ./src/cr_startup_lpc17.o
                0x0000017c                TIMER2_IRQHandler
                0x0000017c                RIT_IRQHandler
                0x0000017c                I2C0_IRQHandler
                0x0000017c                USBActivity_IRQHandler
                0x0000017c                PWM1_IRQHandler
                0x0000017c                I2C1_IRQHandler
                0x0000017c                EINT2_IRQHandler
                0x0000017c                UART1_IRQHandler
                0x0000017c                EINT3_IRQHandler
                0x0000017c                CANActivity_IRQHandler
                0x0000017c                TIMER3_IRQHandler
                0x0000017c                UART0_IRQHandler
                0x0000017c                IntDefaultHandler
                0x0000017c                PLL0_IRQHandler
                0x0000017c                CAN_IRQHandler
                0x0000017c                PLL1_IRQHandler
                0x0000017c                SSP0_IRQHandler
                0x0000017c                I2S_IRQHandler
                0x0000017c                I2C2_IRQHandler
                0x0000017c                RTC_IRQHandler
                0x0000017c                TIMER0_IRQHandler
                0x0000017c                SPI_IRQHandler
                0x0000017c                EINT1_IRQHandler
                0x0000017c                TIMER1_IRQHandler
                0x0000017c                UART2_IRQHandler
                0x0000017c                ADC_IRQHandler
                0x0000017c                SSP1_IRQHandler
                0x0000017c                USB_IRQHandler
                0x0000017c                BOD_IRQHandler
                0x0000017c                WDT_IRQHandler
                0x0000017c                QEI_IRQHandler
                0x0000017c                EINT0_IRQHandler
                0x0000017c                DMA_IRQHandler
                0x0000017c                UART3_IRQHandler
                0x0000017c                MCPWM_IRQHandler
                0x0000017c                ENET_IRQHandler
 *fill*         0x00000182        0x2 ff
 .text.SysTick_Handler
                0x00000184       0x1c ./src/main.o
                0x00000184                SysTick_Handler
 .text.init_ssp
                0x000001a0       0x78 ./src/main.o
 .text.init_i2c
                0x00000218       0x48 ./src/main.o
 .text.init_adc
                0x00000260       0x50 ./src/main.o
 .text.main     0x000002b0       0x2e ./src/main.o
                0x000002b0                main
 .text.check_failed
                0x000002de        0xc ./src/main.o
                0x000002de                check_failed
 *fill*         0x000002ea        0x2 ff
 .text.SystemInit
                0x000002ec      0x140 C:\Users\student\Documents\MCUXpressoIDE_11.3.1_5262\workspace5\Lib_CMSISv1p30_LPC17xx\Debug\libCMSISv1p30_LPC17xx.a(system_LPC17xx.o)
                0x000002ec                SystemInit
 .text.writeCommand
                0x0000042c       0x48 C:\Users\student\Documents\MCUXpressoIDE_11.3.1_5262\workspace5\Lib_EaBaseBoard\Debug\libLib_EaBaseBoard.a(oled.o)
 .text.writeData
                0x00000474       0x48 C:\Users\student\Documents\MCUXpressoIDE_11.3.1_5262\workspace5\Lib_EaBaseBoard\Debug\libLib_EaBaseBoard.a(oled.o)
 .text.writeDataLen
                0x000004bc       0x78 C:\Users\student\Documents\MCUXpressoIDE_11.3.1_5262\workspace5\Lib_EaBaseBoard\Debug\libLib_EaBaseBoard.a(oled.o)
 .text.runInitSequence
                0x00000534       0xd4 C:\Users\student\Documents\MCUXpressoIDE_11.3.1_5262\workspace5\Lib_EaBaseBoard\Debug\libLib_EaBaseBoard.a(oled.o)
 .text.hLine    0x00000608       0x58 C:\Users\student\Documents\MCUXpressoIDE_11.3.1_5262\workspace5\Lib_EaBaseBoard\Debug\libLib_EaBaseBoard.a(oled.o)
 .text.vLine    0x00000660       0x56 C:\Users\student\Documents\MCUXpressoIDE_11.3.1_5262\workspace5\Lib_EaBaseBoard\Debug\libLib_EaBaseBoard.a(oled.o)
 *fill*         0x000006b6        0x2 ff
 .text.oled_init
                0x000006b8       0x74 C:\Users\student\Documents\MCUXpressoIDE_11.3.1_5262\workspace5\Lib_EaBaseBoard\Debug\libLib_EaBaseBoard.a(oled.o)
                0x000006b8                oled_init
 .text.oled_putPixel
                0x0000072c      0x150 C:\Users\student\Documents\MCUXpressoIDE_11.3.1_5262\workspace5\Lib_EaBaseBoard\Debug\libLib_EaBaseBoard.a(oled.o)
                0x0000072c                oled_putPixel
 .text.oled_fillRect
                0x0000087c       0x9e C:\Users\student\Documents\MCUXpressoIDE_11.3.1_5262\workspace5\Lib_EaBaseBoard\Debug\libLib_EaBaseBoard.a(oled.o)
                0x0000087c                oled_fillRect
 *fill*         0x0000091a        0x2 ff
 .text.oled_clearScreen
                0x0000091c       0x64 C:\Users\student\Documents\MCUXpressoIDE_11.3.1_5262\workspace5\Lib_EaBaseBoard\Debug\libLib_EaBaseBoard.a(oled.o)
                0x0000091c                oled_clearScreen
 .text.ADC_Init
                0x00000980       0x90 C:\Users\student\Documents\MCUXpressoIDE_11.3.1_5262\workspace5\Lib_MCU\Debug\libLib_MCU.a(lpc17xx_adc.o)
                0x00000980                ADC_Init
 .text.ADC_IntConfig
                0x00000a10       0x9c C:\Users\student\Documents\MCUXpressoIDE_11.3.1_5262\workspace5\Lib_MCU\Debug\libLib_MCU.a(lpc17xx_adc.o)
                0x00000a10                ADC_IntConfig
 .text.ADC_ChannelCmd
                0x00000aac       0x60 C:\Users\student\Documents\MCUXpressoIDE_11.3.1_5262\workspace5\Lib_MCU\Debug\libLib_MCU.a(lpc17xx_adc.o)
                0x00000aac                ADC_ChannelCmd
 .text.CLKPWR_SetPCLKDiv
                0x00000b0c       0x90 C:\Users\student\Documents\MCUXpressoIDE_11.3.1_5262\workspace5\Lib_MCU\Debug\libLib_MCU.a(lpc17xx_clkpwr.o)
                0x00000b0c                CLKPWR_SetPCLKDiv
 .text.CLKPWR_GetPCLKSEL
                0x00000b9c       0x48 C:\Users\student\Documents\MCUXpressoIDE_11.3.1_5262\workspace5\Lib_MCU\Debug\libLib_MCU.a(lpc17xx_clkpwr.o)
                0x00000b9c                CLKPWR_GetPCLKSEL
 .text.CLKPWR_GetPCLK
                0x00000be4       0x64 C:\Users\student\Documents\MCUXpressoIDE_11.3.1_5262\workspace5\Lib_MCU\Debug\libLib_MCU.a(lpc17xx_clkpwr.o)
                0x00000be4                CLKPWR_GetPCLK
 .text.CLKPWR_ConfigPPWR
                0x00000c48       0x58 C:\Users\student\Documents\MCUXpressoIDE_11.3.1_5262\workspace5\Lib_MCU\Debug\libLib_MCU.a(lpc17xx_clkpwr.o)
                0x00000c48                CLKPWR_ConfigPPWR
 .text.GPIO_GetPointer
                0x00000ca0       0x70 C:\Users\student\Documents\MCUXpressoIDE_11.3.1_5262\workspace5\Lib_MCU\Debug\libLib_MCU.a(lpc17xx_gpio.o)
 .text.GPIO_SetDir
                0x00000d10       0x4a C:\Users\student\Documents\MCUXpressoIDE_11.3.1_5262\workspace5\Lib_MCU\Debug\libLib_MCU.a(lpc17xx_gpio.o)
                0x00000d10                GPIO_SetDir
 .text.GPIO_SetValue
                0x00000d5a       0x2a C:\Users\student\Documents\MCUXpressoIDE_11.3.1_5262\workspace5\Lib_MCU\Debug\libLib_MCU.a(lpc17xx_gpio.o)
                0x00000d5a                GPIO_SetValue
 .text.GPIO_ClearValue
                0x00000d84       0x2a C:\Users\student\Documents\MCUXpressoIDE_11.3.1_5262\workspace5\Lib_MCU\Debug\libLib_MCU.a(lpc17xx_gpio.o)
                0x00000d84                GPIO_ClearValue
 *fill*         0x00000dae        0x2 ff
 .text.I2C_SetClock
                0x00000db0       0xa4 C:\Users\student\Documents\MCUXpressoIDE_11.3.1_5262\workspace5\Lib_MCU\Debug\libLib_MCU.a(lpc17xx_i2c.o)
 .text.I2C_Init
                0x00000e54       0xa4 C:\Users\student\Documents\MCUXpressoIDE_11.3.1_5262\workspace5\Lib_MCU\Debug\libLib_MCU.a(lpc17xx_i2c.o)
                0x00000e54                I2C_Init
 .text.I2C_Cmd  0x00000ef8       0x70 C:\Users\student\Documents\MCUXpressoIDE_11.3.1_5262\workspace5\Lib_MCU\Debug\libLib_MCU.a(lpc17xx_i2c.o)
                0x00000ef8                I2C_Cmd
 .text.set_PinFunc
                0x00000f68       0x80 C:\Users\student\Documents\MCUXpressoIDE_11.3.1_5262\workspace5\Lib_MCU\Debug\libLib_MCU.a(lpc17xx_pinsel.o)
 .text.set_ResistorMode
                0x00000fe8       0x80 C:\Users\student\Documents\MCUXpressoIDE_11.3.1_5262\workspace5\Lib_MCU\Debug\libLib_MCU.a(lpc17xx_pinsel.o)
 .text.set_OpenDrainMode
                0x00001068       0x68 C:\Users\student\Documents\MCUXpressoIDE_11.3.1_5262\workspace5\Lib_MCU\Debug\libLib_MCU.a(lpc17xx_pinsel.o)
 .text.PINSEL_ConfigPin
                0x000010d0       0x46 C:\Users\student\Documents\MCUXpressoIDE_11.3.1_5262\workspace5\Lib_MCU\Debug\libLib_MCU.a(lpc17xx_pinsel.o)
                0x000010d0                PINSEL_ConfigPin
 *fill*         0x00001116        0x2 ff
 .text.setSSPclock
                0x00001118       0xc4 C:\Users\student\Documents\MCUXpressoIDE_11.3.1_5262\workspace5\Lib_MCU\Debug\libLib_MCU.a(lpc17xx_ssp.o)
 .text.SSP_Init
                0x000011dc       0x9c C:\Users\student\Documents\MCUXpressoIDE_11.3.1_5262\workspace5\Lib_MCU\Debug\libLib_MCU.a(lpc17xx_ssp.o)
                0x000011dc                SSP_Init
 .text.SSP_GetDataSize
                0x00001278       0x40 C:\Users\student\Documents\MCUXpressoIDE_11.3.1_5262\workspace5\Lib_MCU\Debug\libLib_MCU.a(lpc17xx_ssp.o)
                0x00001278                SSP_GetDataSize
 .text.SSP_ConfigStructInit
                0x000012b8       0x3c C:\Users\student\Documents\MCUXpressoIDE_11.3.1_5262\workspace5\Lib_MCU\Debug\libLib_MCU.a(lpc17xx_ssp.o)
                0x000012b8                SSP_ConfigStructInit
 .text.SSP_Cmd  0x000012f4       0x6c C:\Users\student\Documents\MCUXpressoIDE_11.3.1_5262\workspace5\Lib_MCU\Debug\libLib_MCU.a(lpc17xx_ssp.o)
                0x000012f4                SSP_Cmd
 .text.SSP_SendData
                0x00001360       0x40 C:\Users\student\Documents\MCUXpressoIDE_11.3.1_5262\workspace5\Lib_MCU\Debug\libLib_MCU.a(lpc17xx_ssp.o)
                0x00001360                SSP_SendData
 .text.SSP_ReceiveData
                0x000013a0       0x3c C:\Users\student\Documents\MCUXpressoIDE_11.3.1_5262\workspace5\Lib_MCU\Debug\libLib_MCU.a(lpc17xx_ssp.o)
                0x000013a0                SSP_ReceiveData
 .text.SSP_ReadWrite
                0x000013dc      0x34e C:\Users\student\Documents\MCUXpressoIDE_11.3.1_5262\workspace5\Lib_MCU\Debug\libLib_MCU.a(lpc17xx_ssp.o)
                0x000013dc                SSP_ReadWrite
 *fill*         0x0000172a        0x2 ff
 .text.memset   0x0000172c       0xa0 c:/nxp/mcuxpressoide_11.3.1_5262/ide/plugins/com.nxp.mcuxpresso.tools.win32_11.3.0.202008311133/tools/bin/../lib/gcc/arm-none-eabi/9.3.1/../../../../arm-none-eabi/lib/thumb/v7-m/nofp\libc.a(lib_a-memset.o)
                0x0000172c                memset
 *(.rodata .rodata.* .constdata .constdata.*)
 .rodata.str1.4
                0x000017cc        0xf C:\Users\student\Documents\MCUXpressoIDE_11.3.1_5262\workspace5\Lib_MCU\Debug\libLib_MCU.a(lpc17xx_adc.o)
 *fill*         0x000017db        0x1 ff
 .rodata.str1.4
                0x000017dc        0xf C:\Users\student\Documents\MCUXpressoIDE_11.3.1_5262\workspace5\Lib_MCU\Debug\libLib_MCU.a(lpc17xx_i2c.o)
 *fill*         0x000017eb        0x1 ff
 .rodata.str1.4
                0x000017ec        0xf C:\Users\student\Documents\MCUXpressoIDE_11.3.1_5262\workspace5\Lib_MCU\Debug\libLib_MCU.a(lpc17xx_ssp.o)
                0x000017fc                . = ALIGN (0x4)
 *fill*         0x000017fb        0x1 ff

.glue_7         0x000017fc        0x0
 .glue_7        0x000017fc        0x0 linker stubs

.glue_7t        0x000017fc        0x0
 .glue_7t       0x000017fc        0x0 linker stubs

.vfp11_veneer   0x000017fc        0x0
 .vfp11_veneer  0x000017fc        0x0 linker stubs

.v4_bx          0x000017fc        0x0
 .v4_bx         0x000017fc        0x0 linker stubs

.iplt           0x000017fc        0x0
 .iplt          0x000017fc        0x0 ./src/cr_startup_lpc17.o

.rel.dyn        0x000017fc        0x0
 .rel.iplt      0x000017fc        0x0 ./src/cr_startup_lpc17.o

.ARM.extab
 *(.ARM.extab* .gnu.linkonce.armextab.*)

.ARM.exidx      0x000017fc        0x0
                0x000017fc                __exidx_start = .
 *(.ARM.exidx* .gnu.linkonce.armexidx.*)
                0x000017fc                __exidx_end = .
                0x000017fc                _etext = .

.data_RAM2      0x2007c000        0x0 load address 0x000017fc
 FILL mask 0xff
                [!provide]                PROVIDE (__start_data_RAM2 = .)
                [!provide]                PROVIDE (__start_data_RamAHB32 = .)
 *(.ramfunc.$RAM2)
 *(.ramfunc.$RamAHB32)
 *(.data.$RAM2)
 *(.data.$RamAHB32)
 *(.data.$RAM2.*)
 *(.data.$RamAHB32.*)
                0x2007c000                . = ALIGN (0x4)
                [!provide]                PROVIDE (__end_data_RAM2 = .)
                [!provide]                PROVIDE (__end_data_RamAHB32 = .)

.uninit_RESERVED
                0x10000000        0x0
                0x10000000                _start_uninit_RESERVED = .
 *(.bss.$RESERVED*)
                0x10000000                . = ALIGN (0x4)
                0x10000000                _end_uninit_RESERVED = .

.data           0x10000000        0x4 load address 0x000017fc
 FILL mask 0xff
                0x10000000                _data = .
                [!provide]                PROVIDE (__start_data_RAM = .)
                [!provide]                PROVIDE (__start_data_RamLoc32 = .)
 *(vtable)
 *(.ramfunc*)
 *(CodeQuickAccess)
 *(DataQuickAccess)
 *(RamFunction)
 *(.data*)
 .data          0x10000000        0x4 C:\Users\student\Documents\MCUXpressoIDE_11.3.1_5262\workspace5\Lib_CMSISv1p30_LPC17xx\Debug\libCMSISv1p30_LPC17xx.a(system_LPC17xx.o)
                0x10000000                SystemCoreClock
                0x10000004                . = ALIGN (0x4)
                0x10000004                _edata = .
                [!provide]                PROVIDE (__end_data_RAM = .)
                [!provide]                PROVIDE (__end_data_RamLoc32 = .)

.igot.plt       0x10000004        0x0 load address 0x00001800
 .igot.plt      0x10000004        0x0 ./src/cr_startup_lpc17.o

.bss_RAM2       0x2007c000        0x0
                [!provide]                PROVIDE (__start_bss_RAM2 = .)
                [!provide]                PROVIDE (__start_bss_RamAHB32 = .)
 *(.bss.$RAM2)
 *(.bss.$RamAHB32)
 *(.bss.$RAM2.*)
 *(.bss.$RamAHB32.*)
                0x2007c000                . = ALIGN ((. != 0x0)?0x4:0x1)
                [!provide]                PROVIDE (__end_bss_RAM2 = .)
                [!provide]                PROVIDE (__end_bss_RamAHB32 = .)

.bss            0x10000004      0x310
                0x10000004                _bss = .
                [!provide]                PROVIDE (__start_bss_RAM = .)
                [!provide]                PROVIDE (__start_bss_RamLoc32 = .)
 *(.bss*)
 .bss           0x10000004        0xe ./src/main.o
 *fill*         0x10000012        0x2 
 .bss           0x10000014      0x300 C:\Users\student\Documents\MCUXpressoIDE_11.3.1_5262\workspace5\Lib_EaBaseBoard\Debug\libLib_EaBaseBoard.a(oled.o)
 *(COMMON)
                0x10000314                . = ALIGN (0x4)
                0x10000314                _ebss = .
                [!provide]                PROVIDE (__end_bss_RAM = .)
                [!provide]                PROVIDE (__end_bss_RamLoc32 = .)
                [!provide]                PROVIDE (end = .)

.noinit_RAM2    0x2007c000        0x0
                [!provide]                PROVIDE (__start_noinit_RAM2 = .)
                [!provide]                PROVIDE (__start_noinit_RamAHB32 = .)
 *(.noinit.$RAM2)
 *(.noinit.$RamAHB32)
 *(.noinit.$RAM2.*)
 *(.noinit.$RamAHB32.*)
                0x2007c000                . = ALIGN (0x4)
                [!provide]                PROVIDE (__end_noinit_RAM2 = .)
                [!provide]                PROVIDE (__end_noinit_RamAHB32 = .)

.noinit         0x10000314        0x0
                0x10000314                _noinit = .
                [!provide]                PROVIDE (__start_noinit_RAM = .)
                [!provide]                PROVIDE (__start_noinit_RamLoc32 = .)
 *(.noinit*)
                0x10000314                . = ALIGN (0x4)
                0x10000314                _end_noinit = .
                [!provide]                PROVIDE (__end_noinit_RAM = .)
                [!provide]                PROVIDE (__end_noinit_RamLoc32 = .)
                [!provide]                PROVIDE (_pvHeapStart = DEFINED (__user_heap_base)?__user_heap_base:.)
                0x10008000                PROVIDE (_vStackTop = DEFINED (__user_stack_top)?__user_stack_top:(__top_RamLoc32 - 0x0))
                [!provide]                PROVIDE (__valid_user_code_checksum = (0x0 - ((((((_vStackTop + (ResetISR + 0x1)) + (NMI_Handler + 0x1)) + (HardFault_Handler + 0x1)) + (DEFINED (MemManage_Handler)?MemManage_Handler:0x0 + 0x1)) + (DEFINED (BusFault_Handler)?BusFault_Handler:0x0 + 0x1)) + (DEFINED (UsageFault_Handler)?UsageFault_Handler:0x0 + 0x1))))
                0x00000000                _image_start = LOADADDR (.text)
                0x00001800                _image_end = (LOADADDR (.data) + SIZEOF (.data))
                0x00001800                _image_size = (_image_end - _image_start)
OUTPUT(oled_periph.axf elf32-littlearm)
LOAD linker stubs

.debug_info     0x00000000     0x4fd4
 .debug_info    0x00000000      0x1fe ./src/cr_startup_lpc17.o
 .debug_info    0x000001fe      0xbca ./src/main.o
 .debug_info    0x00000dc8      0x345 C:\Users\student\Documents\MCUXpressoIDE_11.3.1_5262\workspace5\Lib_CMSISv1p30_LPC17xx\Debug\libCMSISv1p30_LPC17xx.a(system_LPC17xx.o)
 .debug_info    0x0000110d      0x9d1 C:\Users\student\Documents\MCUXpressoIDE_11.3.1_5262\workspace5\Lib_EaBaseBoard\Debug\libLib_EaBaseBoard.a(oled.o)
 .debug_info    0x00001ade      0x666 C:\Users\student\Documents\MCUXpressoIDE_11.3.1_5262\workspace5\Lib_MCU\Debug\libLib_MCU.a(lpc17xx_adc.o)
 .debug_info    0x00002144      0x62a C:\Users\student\Documents\MCUXpressoIDE_11.3.1_5262\workspace5\Lib_MCU\Debug\libLib_MCU.a(lpc17xx_clkpwr.o)
 .debug_info    0x0000276e      0xe1a C:\Users\student\Documents\MCUXpressoIDE_11.3.1_5262\workspace5\Lib_MCU\Debug\libLib_MCU.a(lpc17xx_gpio.o)
 .debug_info    0x00003588      0xdca C:\Users\student\Documents\MCUXpressoIDE_11.3.1_5262\workspace5\Lib_MCU\Debug\libLib_MCU.a(lpc17xx_i2c.o)
 .debug_info    0x00004352      0x4cd C:\Users\student\Documents\MCUXpressoIDE_11.3.1_5262\workspace5\Lib_MCU\Debug\libLib_MCU.a(lpc17xx_pinsel.o)
 .debug_info    0x0000481f      0x7b5 C:\Users\student\Documents\MCUXpressoIDE_11.3.1_5262\workspace5\Lib_MCU\Debug\libLib_MCU.a(lpc17xx_ssp.o)

.debug_abbrev   0x00000000     0x13be
 .debug_abbrev  0x00000000       0xc8 ./src/cr_startup_lpc17.o
 .debug_abbrev  0x000000c8      0x2e0 ./src/main.o
 .debug_abbrev  0x000003a8      0x11c C:\Users\student\Documents\MCUXpressoIDE_11.3.1_5262\workspace5\Lib_CMSISv1p30_LPC17xx\Debug\libCMSISv1p30_LPC17xx.a(system_LPC17xx.o)
 .debug_abbrev  0x000004c4      0x23c C:\Users\student\Documents\MCUXpressoIDE_11.3.1_5262\workspace5\Lib_EaBaseBoard\Debug\libLib_EaBaseBoard.a(oled.o)
 .debug_abbrev  0x00000700      0x1c7 C:\Users\student\Documents\MCUXpressoIDE_11.3.1_5262\workspace5\Lib_MCU\Debug\libLib_MCU.a(lpc17xx_adc.o)
 .debug_abbrev  0x000008c7      0x1fd C:\Users\student\Documents\MCUXpressoIDE_11.3.1_5262\workspace5\Lib_MCU\Debug\libLib_MCU.a(lpc17xx_clkpwr.o)
 .debug_abbrev  0x00000ac4      0x26b C:\Users\student\Documents\MCUXpressoIDE_11.3.1_5262\workspace5\Lib_MCU\Debug\libLib_MCU.a(lpc17xx_gpio.o)
 .debug_abbrev  0x00000d2f      0x2de C:\Users\student\Documents\MCUXpressoIDE_11.3.1_5262\workspace5\Lib_MCU\Debug\libLib_MCU.a(lpc17xx_i2c.o)
 .debug_abbrev  0x0000100d      0x196 C:\Users\student\Documents\MCUXpressoIDE_11.3.1_5262\workspace5\Lib_MCU\Debug\libLib_MCU.a(lpc17xx_pinsel.o)
 .debug_abbrev  0x000011a3      0x21b C:\Users\student\Documents\MCUXpressoIDE_11.3.1_5262\workspace5\Lib_MCU\Debug\libLib_MCU.a(lpc17xx_ssp.o)

.debug_aranges  0x00000000      0x538
 .debug_aranges
                0x00000000       0x70 ./src/cr_startup_lpc17.o
 .debug_aranges
                0x00000070       0x78 ./src/main.o
 .debug_aranges
                0x000000e8       0x28 C:\Users\student\Documents\MCUXpressoIDE_11.3.1_5262\workspace5\Lib_CMSISv1p30_LPC17xx\Debug\libCMSISv1p30_LPC17xx.a(system_LPC17xx.o)
 .debug_aranges
                0x00000110       0x90 C:\Users\student\Documents\MCUXpressoIDE_11.3.1_5262\workspace5\Lib_EaBaseBoard\Debug\libLib_EaBaseBoard.a(oled.o)
 .debug_aranges
                0x000001a0       0x80 C:\Users\student\Documents\MCUXpressoIDE_11.3.1_5262\workspace5\Lib_MCU\Debug\libLib_MCU.a(lpc17xx_adc.o)
 .debug_aranges
                0x00000220       0x60 C:\Users\student\Documents\MCUXpressoIDE_11.3.1_5262\workspace5\Lib_MCU\Debug\libLib_MCU.a(lpc17xx_clkpwr.o)
 .debug_aranges
                0x00000280       0xf8 C:\Users\student\Documents\MCUXpressoIDE_11.3.1_5262\workspace5\Lib_MCU\Debug\libLib_MCU.a(lpc17xx_gpio.o)
 .debug_aranges
                0x00000378       0xd0 C:\Users\student\Documents\MCUXpressoIDE_11.3.1_5262\workspace5\Lib_MCU\Debug\libLib_MCU.a(lpc17xx_i2c.o)
 .debug_aranges
                0x00000448       0x48 C:\Users\student\Documents\MCUXpressoIDE_11.3.1_5262\workspace5\Lib_MCU\Debug\libLib_MCU.a(lpc17xx_pinsel.o)
 .debug_aranges
                0x00000490       0xa8 C:\Users\student\Documents\MCUXpressoIDE_11.3.1_5262\workspace5\Lib_MCU\Debug\libLib_MCU.a(lpc17xx_ssp.o)

.debug_ranges   0x00000000      0x498
 .debug_ranges  0x00000000       0x60 ./src/cr_startup_lpc17.o
 .debug_ranges  0x00000060       0x68 ./src/main.o
 .debug_ranges  0x000000c8       0x18 C:\Users\student\Documents\MCUXpressoIDE_11.3.1_5262\workspace5\Lib_CMSISv1p30_LPC17xx\Debug\libCMSISv1p30_LPC17xx.a(system_LPC17xx.o)
 .debug_ranges  0x000000e0       0x80 C:\Users\student\Documents\MCUXpressoIDE_11.3.1_5262\workspace5\Lib_EaBaseBoard\Debug\libLib_EaBaseBoard.a(oled.o)
 .debug_ranges  0x00000160       0x70 C:\Users\student\Documents\MCUXpressoIDE_11.3.1_5262\workspace5\Lib_MCU\Debug\libLib_MCU.a(lpc17xx_adc.o)
 .debug_ranges  0x000001d0       0x50 C:\Users\student\Documents\MCUXpressoIDE_11.3.1_5262\workspace5\Lib_MCU\Debug\libLib_MCU.a(lpc17xx_clkpwr.o)
 .debug_ranges  0x00000220       0xe8 C:\Users\student\Documents\MCUXpressoIDE_11.3.1_5262\workspace5\Lib_MCU\Debug\libLib_MCU.a(lpc17xx_gpio.o)
 .debug_ranges  0x00000308       0xc0 C:\Users\student\Documents\MCUXpressoIDE_11.3.1_5262\workspace5\Lib_MCU\Debug\libLib_MCU.a(lpc17xx_i2c.o)
 .debug_ranges  0x000003c8       0x38 C:\Users\student\Documents\MCUXpressoIDE_11.3.1_5262\workspace5\Lib_MCU\Debug\libLib_MCU.a(lpc17xx_pinsel.o)
 .debug_ranges  0x00000400       0x98 C:\Users\student\Documents\MCUXpressoIDE_11.3.1_5262\workspace5\Lib_MCU\Debug\libLib_MCU.a(lpc17xx_ssp.o)

.debug_macro    0x00000000     0x4deb
 .debug_macro   0x00000000       0x79 ./src/cr_startup_lpc17.o
 .debug_macro   0x00000079      0xaa8 ./src/cr_startup_lpc17.o
 .debug_macro   0x00000b21       0x22 ./src/cr_startup_lpc17.o
 .debug_macro   0x00000b43       0x8e ./src/cr_startup_lpc17.o
 .debug_macro   0x00000bd1       0x51 ./src/cr_startup_lpc17.o
 .debug_macro   0x00000c22      0x103 ./src/cr_startup_lpc17.o
 .debug_macro   0x00000d25       0x6a ./src/cr_startup_lpc17.o
 .debug_macro   0x00000d8f      0x1df ./src/cr_startup_lpc17.o
 .debug_macro   0x00000f6e       0xff ./src/main.o
 .debug_macro   0x0000106d       0x1c ./src/main.o
 .debug_macro   0x00001089       0x22 ./src/main.o
 .debug_macro   0x000010ab      0x7b7 ./src/main.o
 .debug_macro   0x00001862      0x2c7 ./src/main.o
 .debug_macro   0x00001b29       0x64 ./src/main.o
 .debug_macro   0x00001b8d      0x140 ./src/main.o
 .debug_macro   0x00001ccd      0x192 ./src/main.o
 .debug_macro   0x00001e5f       0x46 ./src/main.o
 .debug_macro   0x00001ea5      0x2a6 ./src/main.o
 .debug_macro   0x0000214b       0xee ./src/main.o
 .debug_macro   0x00002239       0xed ./src/main.o
 .debug_macro   0x00002326       0x16 ./src/main.o
 .debug_macro   0x0000233c      0x113 C:\Users\student\Documents\MCUXpressoIDE_11.3.1_5262\workspace5\Lib_CMSISv1p30_LPC17xx\Debug\libCMSISv1p30_LPC17xx.a(system_LPC17xx.o)
 .debug_macro   0x0000244f      0xaa2 C:\Users\student\Documents\MCUXpressoIDE_11.3.1_5262\workspace5\Lib_CMSISv1p30_LPC17xx\Debug\libCMSISv1p30_LPC17xx.a(system_LPC17xx.o)
 .debug_macro   0x00002ef1       0x10 C:\Users\student\Documents\MCUXpressoIDE_11.3.1_5262\workspace5\Lib_CMSISv1p30_LPC17xx\Debug\libCMSISv1p30_LPC17xx.a(system_LPC17xx.o)
 .debug_macro   0x00002f01      0x12e C:\Users\student\Documents\MCUXpressoIDE_11.3.1_5262\workspace5\Lib_CMSISv1p30_LPC17xx\Debug\libCMSISv1p30_LPC17xx.a(system_LPC17xx.o)
 .debug_macro   0x0000302f      0x5b3 C:\Users\student\Documents\MCUXpressoIDE_11.3.1_5262\workspace5\Lib_CMSISv1p30_LPC17xx\Debug\libCMSISv1p30_LPC17xx.a(system_LPC17xx.o)
 .debug_macro   0x000035e2      0x7d5 C:\Users\student\Documents\MCUXpressoIDE_11.3.1_5262\workspace5\Lib_CMSISv1p30_LPC17xx\Debug\libCMSISv1p30_LPC17xx.a(system_LPC17xx.o)
 .debug_macro   0x00003db7       0xdd C:\Users\student\Documents\MCUXpressoIDE_11.3.1_5262\workspace5\Lib_EaBaseBoard\Debug\libLib_EaBaseBoard.a(oled.o)
 .debug_macro   0x00003e94       0x5d C:\Users\student\Documents\MCUXpressoIDE_11.3.1_5262\workspace5\Lib_EaBaseBoard\Debug\libLib_EaBaseBoard.a(oled.o)
 .debug_macro   0x00003ef1       0x40 C:\Users\student\Documents\MCUXpressoIDE_11.3.1_5262\workspace5\Lib_EaBaseBoard\Debug\libLib_EaBaseBoard.a(oled.o)
 .debug_macro   0x00003f31       0x8c C:\Users\student\Documents\MCUXpressoIDE_11.3.1_5262\workspace5\Lib_MCU\Debug\libLib_MCU.a(lpc17xx_adc.o)
 .debug_macro   0x00003fbd       0xe8 C:\Users\student\Documents\MCUXpressoIDE_11.3.1_5262\workspace5\Lib_MCU\Debug\libLib_MCU.a(lpc17xx_adc.o)
 .debug_macro   0x000040a5      0x2fa C:\Users\student\Documents\MCUXpressoIDE_11.3.1_5262\workspace5\Lib_MCU\Debug\libLib_MCU.a(lpc17xx_adc.o)
 .debug_macro   0x0000439f       0xda C:\Users\student\Documents\MCUXpressoIDE_11.3.1_5262\workspace5\Lib_MCU\Debug\libLib_MCU.a(lpc17xx_adc.o)
 .debug_macro   0x00004479       0x7a C:\Users\student\Documents\MCUXpressoIDE_11.3.1_5262\workspace5\Lib_MCU\Debug\libLib_MCU.a(lpc17xx_clkpwr.o)
 .debug_macro   0x000044f3      0x2f4 C:\Users\student\Documents\MCUXpressoIDE_11.3.1_5262\workspace5\Lib_MCU\Debug\libLib_MCU.a(lpc17xx_clkpwr.o)
 .debug_macro   0x000047e7       0x83 C:\Users\student\Documents\MCUXpressoIDE_11.3.1_5262\workspace5\Lib_MCU\Debug\libLib_MCU.a(lpc17xx_gpio.o)
 .debug_macro   0x0000486a       0x95 C:\Users\student\Documents\MCUXpressoIDE_11.3.1_5262\workspace5\Lib_MCU\Debug\libLib_MCU.a(lpc17xx_i2c.o)
 .debug_macro   0x000048ff      0x146 C:\Users\student\Documents\MCUXpressoIDE_11.3.1_5262\workspace5\Lib_MCU\Debug\libLib_MCU.a(lpc17xx_i2c.o)
 .debug_macro   0x00004a45       0x7a C:\Users\student\Documents\MCUXpressoIDE_11.3.1_5262\workspace5\Lib_MCU\Debug\libLib_MCU.a(lpc17xx_pinsel.o)
 .debug_macro   0x00004abf       0x8c C:\Users\student\Documents\MCUXpressoIDE_11.3.1_5262\workspace5\Lib_MCU\Debug\libLib_MCU.a(lpc17xx_ssp.o)
 .debug_macro   0x00004b4b      0x2a0 C:\Users\student\Documents\MCUXpressoIDE_11.3.1_5262\workspace5\Lib_MCU\Debug\libLib_MCU.a(lpc17xx_ssp.o)

.debug_line     0x00000000     0x421f
 .debug_line    0x00000000      0x456 ./src/cr_startup_lpc17.o
 .debug_line    0x00000456      0x738 ./src/main.o
 .debug_line    0x00000b8e      0x404 C:\Users\student\Documents\MCUXpressoIDE_11.3.1_5262\workspace5\Lib_CMSISv1p30_LPC17xx\Debug\libCMSISv1p30_LPC17xx.a(system_LPC17xx.o)
 .debug_line    0x00000f92      0x844 C:\Users\student\Documents\MCUXpressoIDE_11.3.1_5262\workspace5\Lib_EaBaseBoard\Debug\libLib_EaBaseBoard.a(oled.o)
 .debug_line    0x000017d6      0x565 C:\Users\student\Documents\MCUXpressoIDE_11.3.1_5262\workspace5\Lib_MCU\Debug\libLib_MCU.a(lpc17xx_adc.o)
 .debug_line    0x00001d3b      0x407 C:\Users\student\Documents\MCUXpressoIDE_11.3.1_5262\workspace5\Lib_MCU\Debug\libLib_MCU.a(lpc17xx_clkpwr.o)
 .debug_line    0x00002142      0x745 C:\Users\student\Documents\MCUXpressoIDE_11.3.1_5262\workspace5\Lib_MCU\Debug\libLib_MCU.a(lpc17xx_gpio.o)
 .debug_line    0x00002887      0xd39 C:\Users\student\Documents\MCUXpressoIDE_11.3.1_5262\workspace5\Lib_MCU\Debug\libLib_MCU.a(lpc17xx_i2c.o)
 .debug_line    0x000035c0      0x385 C:\Users\student\Documents\MCUXpressoIDE_11.3.1_5262\workspace5\Lib_MCU\Debug\libLib_MCU.a(lpc17xx_pinsel.o)
 .debug_line    0x00003945      0x8da C:\Users\student\Documents\MCUXpressoIDE_11.3.1_5262\workspace5\Lib_MCU\Debug\libLib_MCU.a(lpc17xx_ssp.o)

.debug_str      0x00000000     0xf4c1
 .debug_str     0x00000000     0x3cb1 ./src/cr_startup_lpc17.o
                               0x3e1b (size before relaxing)
 .debug_str     0x00003cb1     0x76e8 ./src/main.o
                               0xb3f2 (size before relaxing)
 .debug_str     0x0000b399     0x1ac8 C:\Users\student\Documents\MCUXpressoIDE_11.3.1_5262\workspace5\Lib_CMSISv1p30_LPC17xx\Debug\libCMSISv1p30_LPC17xx.a(system_LPC17xx.o)
                               0x8881 (size before relaxing)
 .debug_str     0x0000ce61      0x403 C:\Users\student\Documents\MCUXpressoIDE_11.3.1_5262\workspace5\Lib_EaBaseBoard\Debug\libLib_EaBaseBoard.a(oled.o)
                               0xa504 (size before relaxing)
 .debug_str     0x0000d264     0x15a6 C:\Users\student\Documents\MCUXpressoIDE_11.3.1_5262\workspace5\Lib_MCU\Debug\libLib_MCU.a(lpc17xx_adc.o)
                               0xa457 (size before relaxing)
 .debug_str     0x0000e80a       0xcb C:\Users\student\Documents\MCUXpressoIDE_11.3.1_5262\workspace5\Lib_MCU\Debug\libLib_MCU.a(lpc17xx_clkpwr.o)
                               0x9a75 (size before relaxing)
 .debug_str     0x0000e8d5      0x424 C:\Users\student\Documents\MCUXpressoIDE_11.3.1_5262\workspace5\Lib_MCU\Debug\libLib_MCU.a(lpc17xx_gpio.o)
                               0x8def (size before relaxing)
 .debug_str     0x0000ecf9      0x401 C:\Users\student\Documents\MCUXpressoIDE_11.3.1_5262\workspace5\Lib_MCU\Debug\libLib_MCU.a(lpc17xx_i2c.o)
                               0xadbd (size before relaxing)
 .debug_str     0x0000f0fa      0x202 C:\Users\student\Documents\MCUXpressoIDE_11.3.1_5262\workspace5\Lib_MCU\Debug\libLib_MCU.a(lpc17xx_pinsel.o)
                               0x8d16 (size before relaxing)
 .debug_str     0x0000f2fc      0x1c5 C:\Users\student\Documents\MCUXpressoIDE_11.3.1_5262\workspace5\Lib_MCU\Debug\libLib_MCU.a(lpc17xx_ssp.o)
                               0xac76 (size before relaxing)

.comment        0x00000000       0x4c
 .comment       0x00000000       0x4c ./src/cr_startup_lpc17.o
                                 0x4d (size before relaxing)
 .comment       0x0000004c       0x4d ./src/main.o
 .comment       0x0000004c       0x4d C:\Users\student\Documents\MCUXpressoIDE_11.3.1_5262\workspace5\Lib_CMSISv1p30_LPC17xx\Debug\libCMSISv1p30_LPC17xx.a(system_LPC17xx.o)
 .comment       0x0000004c       0x4d C:\Users\student\Documents\MCUXpressoIDE_11.3.1_5262\workspace5\Lib_EaBaseBoard\Debug\libLib_EaBaseBoard.a(oled.o)
 .comment       0x0000004c       0x4d C:\Users\student\Documents\MCUXpressoIDE_11.3.1_5262\workspace5\Lib_MCU\Debug\libLib_MCU.a(lpc17xx_adc.o)
 .comment       0x0000004c       0x4d C:\Users\student\Documents\MCUXpressoIDE_11.3.1_5262\workspace5\Lib_MCU\Debug\libLib_MCU.a(lpc17xx_clkpwr.o)
 .comment       0x0000004c       0x4d C:\Users\student\Documents\MCUXpressoIDE_11.3.1_5262\workspace5\Lib_MCU\Debug\libLib_MCU.a(lpc17xx_gpio.o)
 .comment       0x0000004c       0x4d C:\Users\student\Documents\MCUXpressoIDE_11.3.1_5262\workspace5\Lib_MCU\Debug\libLib_MCU.a(lpc17xx_i2c.o)
 .comment       0x0000004c       0x4d C:\Users\student\Documents\MCUXpressoIDE_11.3.1_5262\workspace5\Lib_MCU\Debug\libLib_MCU.a(lpc17xx_pinsel.o)
 .comment       0x0000004c       0x4d C:\Users\student\Documents\MCUXpressoIDE_11.3.1_5262\workspace5\Lib_MCU\Debug\libLib_MCU.a(lpc17xx_ssp.o)

.ARM.attributes
                0x00000000       0x2d
 .ARM.attributes
                0x00000000       0x2d ./src/cr_startup_lpc17.o
 .ARM.attributes
                0x0000002d       0x2d ./src/main.o
 .ARM.attributes
                0x0000005a       0x2d C:\Users\student\Documents\MCUXpressoIDE_11.3.1_5262\workspace5\Lib_CMSISv1p30_LPC17xx\Debug\libCMSISv1p30_LPC17xx.a(system_LPC17xx.o)
 .ARM.attributes
                0x00000087       0x2d C:\Users\student\Documents\MCUXpressoIDE_11.3.1_5262\workspace5\Lib_EaBaseBoard\Debug\libLib_EaBaseBoard.a(oled.o)
 .ARM.attributes
                0x000000b4       0x2d C:\Users\student\Documents\MCUXpressoIDE_11.3.1_5262\workspace5\Lib_MCU\Debug\libLib_MCU.a(lpc17xx_adc.o)
 .ARM.attributes
                0x000000e1       0x2d C:\Users\student\Documents\MCUXpressoIDE_11.3.1_5262\workspace5\Lib_MCU\Debug\libLib_MCU.a(lpc17xx_clkpwr.o)
 .ARM.attributes
                0x0000010e       0x2d C:\Users\student\Documents\MCUXpressoIDE_11.3.1_5262\workspace5\Lib_MCU\Debug\libLib_MCU.a(lpc17xx_gpio.o)
 .ARM.attributes
                0x0000013b       0x2d C:\Users\student\Documents\MCUXpressoIDE_11.3.1_5262\workspace5\Lib_MCU\Debug\libLib_MCU.a(lpc17xx_i2c.o)
 .ARM.attributes
                0x00000168       0x2d C:\Users\student\Documents\MCUXpressoIDE_11.3.1_5262\workspace5\Lib_MCU\Debug\libLib_MCU.a(lpc17xx_pinsel.o)
 .ARM.attributes
                0x00000195       0x2d C:\Users\student\Documents\MCUXpressoIDE_11.3.1_5262\workspace5\Lib_MCU\Debug\libLib_MCU.a(lpc17xx_ssp.o)
 .ARM.attributes
                0x000001c2       0x2d c:/nxp/mcuxpressoide_11.3.1_5262/ide/plugins/com.nxp.mcuxpresso.tools.win32_11.3.0.202008311133/tools/bin/../lib/gcc/arm-none-eabi/9.3.1/../../../../arm-none-eabi/lib/thumb/v7-m/nofp\libc.a(lib_a-memset.o)

.debug_frame    0x00000000     0x13fc
 .debug_frame   0x00000000      0x120 ./src/cr_startup_lpc17.o
 .debug_frame   0x00000120      0x1ac ./src/main.o
 .debug_frame   0x000002cc       0x50 C:\Users\student\Documents\MCUXpressoIDE_11.3.1_5262\workspace5\Lib_CMSISv1p30_LPC17xx\Debug\libCMSISv1p30_LPC17xx.a(system_LPC17xx.o)
 .debug_frame   0x0000031c      0x244 C:\Users\student\Documents\MCUXpressoIDE_11.3.1_5262\workspace5\Lib_EaBaseBoard\Debug\libLib_EaBaseBoard.a(oled.o)
 .debug_frame   0x00000560      0x1e8 C:\Users\student\Documents\MCUXpressoIDE_11.3.1_5262\workspace5\Lib_MCU\Debug\libLib_MCU.a(lpc17xx_adc.o)
 .debug_frame   0x00000748      0x13c C:\Users\student\Documents\MCUXpressoIDE_11.3.1_5262\workspace5\Lib_MCU\Debug\libLib_MCU.a(lpc17xx_clkpwr.o)
 .debug_frame   0x00000884      0x428 C:\Users\student\Documents\MCUXpressoIDE_11.3.1_5262\workspace5\Lib_MCU\Debug\libLib_MCU.a(lpc17xx_gpio.o)
 .debug_frame   0x00000cac      0x37c C:\Users\student\Documents\MCUXpressoIDE_11.3.1_5262\workspace5\Lib_MCU\Debug\libLib_MCU.a(lpc17xx_i2c.o)
 .debug_frame   0x00001028       0xfc C:\Users\student\Documents\MCUXpressoIDE_11.3.1_5262\workspace5\Lib_MCU\Debug\libLib_MCU.a(lpc17xx_pinsel.o)
 .debug_frame   0x00001124      0x2a0 C:\Users\student\Documents\MCUXpressoIDE_11.3.1_5262\workspace5\Lib_MCU\Debug\libLib_MCU.a(lpc17xx_ssp.o)
 .debug_frame   0x000013c4       0x38 c:/nxp/mcuxpressoide_11.3.1_5262/ide/plugins/com.nxp.mcuxpresso.tools.win32_11.3.0.202008311133/tools/bin/../lib/gcc/arm-none-eabi/9.3.1/../../../../arm-none-eabi/lib/thumb/v7-m/nofp\libc.a(lib_a-memset.o)
