oled.c:113:1:writeCommand	40	static
oled.c:151:1:writeData	40	static
oled.c:189:1:writeDataLen	184	static
oled.c:237:6:oled_inverse	16	static
oled.c:248:1:runInitSequence	8	static
oled.c:304:13:hLine	32	static
oled.c:336:13:vLine	32	static
oled.c:366:6:oled_init	16	static
oled.c:407:6:oled_putPixel	32	static
oled.c:469:6:oled_line	40	static
oled.c:572:6:oled_circle	64	static
oled.c:710:6:oled_rect	24	static
oled.c:731:6:oled_fillRect	32	static
oled.c:778:6:oled_clearScreen	24	static
oled.c:795:9:oled_putChar	32	static
oled.c:835:6:oled_putString	32	static
